<?xml version="1.0" encoding="utf-8"?><testsuites name="pytest tests"><testsuite name="pytest" errors="8" failures="49" skipped="3" tests="303" time="70.258" timestamp="2026-09-28T21:11:59.840915+02:00" hostname="DESKTOP-JDPRUGR"><testcase classname="" name="tests.test_ci_acceptance_credentials" time="0.000"><skipped message="collection skipped">('C:\\Users\\lol\\2026-workspace\\2026-courier\\tests\\test_ci_acceptance_credentials.py', 7, "Skipped: could not import 'yaml': No module named 'yaml'")</skipped></testcase><testcase classname="" name="tests.test_muse_convergence" time="0.000"><skipped message="collection skipped">('C:\\Users\\lol\\2026-workspace\\2026-courier\\tests\\test_muse_convergence.py', 11, "Skipped: could not import 'fcntl': No module named 'fcntl'")</skipped></testcase><testcase classname="tests.test_artifact_store" name="test_server_hashes_bytes_and_binds_record" time="0.045" /><testcase classname="tests.test_artifact_store" name="test_upload_is_idempotent_and_content_addressed" time="0.042" /><testcase classname="tests.test_artifact_store" name="test_claimed_hash_or_size_must_match_uploaded_bytes[claim0]" time="0.005" /><testcase classname="tests.test_artifact_store" name="test_claimed_hash_or_size_must_match_uploaded_bytes[claim1]" time="0.006" /><testcase classname="tests.test_artifact_store" name="test_size_limit_is_enforced" time="0.005" /><testcase classname="tests.test_artifact_store" name="test_unsafe_names_rejected[/etc/passwd]" time="0.005" /><testcase classname="tests.test_artifact_store" name="test_unsafe_names_rejected[../x]" time="0.032" /><testcase classname="tests.test_artifact_store" name="test_unsafe_names_rejected[a/../../x]" time="0.006" /><testcase classname="tests.test_artifact_store" name="test_unsafe_names_rejected[C:\\x]" time="0.009" /><testcase classname="tests.test_artifact_store" name="test_unsafe_names_rejected[C:x]" time="0.006" /><testcase classname="tests.test_artifact_store" name="test_unsafe_names_rejected[\\\\srv\\share\\x]" time="0.006" /><testcase classname="tests.test_artifact_store" name="test_unsafe_names_rejected[..\\x]" time="0.005" /><testcase classname="tests.test_artifact_store" name="test_unsafe_names_rejected[]" time="0.006" /><testcase classname="tests.test_artifact_store" name="test_unsafe_names_rejected[a\x00b]" time="0.007" /><testcase classname="tests.test_artifact_store" name="test_binding_is_required[goal_id]" time="0.006" /><testcase classname="tests.test_artifact_store" name="test_binding_is_required[task_id]" time="0.007" /><testcase classname="tests.test_artifact_store" name="test_binding_is_required[attempt_id]" time="0.006" /><testcase classname="tests.test_artifact_store" name="test_binding_is_required[dispatch_id]" time="0.006" /><testcase classname="tests.test_artifact_store" name="test_binding_is_required[worker_id]" time="0.006" /><testcase classname="tests.test_artifact_store" name="test_check_reference_enforces_exact_binding" time="0.048" /><testcase classname="tests.test_artifact_store" name="test_invalid_artifact_id_cannot_escape_store" time="0.005" /><testcase classname="tests.test_artifact_store" name="test_verifier_detects_tampered_server_copy" time="0.029" /><testcase classname="tests.test_artifact_store" name="test_contract_accepts_path_only_and_uploaded_references" time="0.003" /><testcase classname="tests.test_artifact_store" name="test_contract_rejects_malformed_references_and_windows_paths[art0]" time="0.002" /><testcase classname="tests.test_artifact_store" name="test_contract_rejects_malformed_references_and_windows_paths[art1]" time="0.002" /><testcase classname="tests.test_artifact_store" name="test_contract_rejects_malformed_references_and_windows_paths[art2]" time="0.002" /><testcase classname="tests.test_artifact_store" name="test_contract_rejects_malformed_references_and_windows_paths[art3]" time="0.002" /><testcase classname="tests.test_artifact_store" name="test_contract_rejects_malformed_references_and_windows_paths[art4]" time="0.002" /><testcase classname="tests.test_artifact_store" name="test_contract_rejects_malformed_references_and_windows_paths[art5]" time="0.002" /><testcase classname="tests.test_artifact_store" name="test_contract_rejects_malformed_references_and_windows_paths[art6]" time="0.007" /><testcase classname="tests.test_artifact_upload_flow" name="test_upload_then_result_reference_is_accepted" time="0.224" /><testcase classname="tests.test_artifact_upload_flow" name="test_upload_rejects_wrong_binding_name_or_claims[over0-400]" time="0.155" /><testcase classname="tests.test_artifact_upload_flow" name="test_upload_rejects_wrong_binding_name_or_claims[over1-400]" time="0.144" /><testcase classname="tests.test_artifact_upload_flow" name="test_upload_rejects_wrong_binding_name_or_claims[over2-400]" time="0.162" /><testcase classname="tests.test_artifact_upload_flow" name="test_upload_rejects_wrong_binding_name_or_claims[over3-400]" time="0.139" /><testcase classname="tests.test_artifact_upload_flow" name="test_upload_rejects_wrong_binding_name_or_claims[over4-400]" time="0.120" /><testcase classname="tests.test_artifact_upload_flow" name="test_upload_rejects_wrong_binding_name_or_claims[over5-400]" time="0.117" /><testcase classname="tests.test_artifact_upload_flow" name="test_upload_rejects_wrong_binding_name_or_claims[over6-400]" time="0.195" /><testcase classname="tests.test_artifact_upload_flow" name="test_upload_requires_dispatched_task_and_worker_key" time="0.114" /><testcase classname="tests.test_artifact_upload_flow" name="test_upload_size_limit" time="0.130" /><testcase classname="tests.test_artifact_upload_flow" name="test_result_with_foreign_or_unknown_artifact_id_is_rejected" time="0.209" /><testcase classname="tests.test_artifact_upload_flow" name="test_artifact_read_requires_verifier_key" time="0.215" /><testcase classname="tests.test_artifact_upload_flow" name="test_verifier_independently_hashes_server_copy_and_detects_tampering" time="0.351" /><testcase classname="tests.test_artifact_upload_flow" name="test_verifier_checks_expected_sha256" time="0.247" /><testcase classname="tests.test_artifact_upload_flow" name="test_verifier_never_opens_remote_worker_paths[windows]" time="0.005" /><testcase classname="tests.test_artifact_upload_flow" name="test_verifier_never_opens_remote_worker_paths[mac]" time="0.005" /><testcase classname="tests.test_artifact_upload_flow" name="test_verifier_fails_without_evidence" time="0.004" /><testcase classname="tests.test_artifact_upload_flow" name="test_verifier_fails_when_fetch_fails" time="0.005" /><testcase classname="tests.test_artifact_upload_flow" name="test_verifier_fails_on_malformed_target" time="0.005" /><testcase classname="tests.test_artifact_upload_flow" name="test_verifier_fails_if_expected_artifact_is_omitted" time="0.229" /><testcase classname="tests.test_artifact_upload_flow" name="test_verifier_ignores_worker_controlled_expected_sha256" time="0.213" /><testcase classname="tests.test_artifact_upload_flow" name="test_verifier_omission_of_worker_expected_hash_cannot_bypass_task_expectation" time="0.276" /><testcase classname="tests.test_artifact_upload_flow" name="test_verifier_github_target_passthrough" time="0.004" /><testcase classname="tests.test_artifact_upload_flow" name="test_verifier_poison_pill_does_not_deadlock" time="0.005" /><testcase classname="tests.test_artifact_upload_flow" name="test_windows_worker_bypasses_proxy_for_localhost" time="0.002" /><testcase classname="tests.test_artifact_upload_flow" name="test_windows_worker_uploads_and_verifier_reconciles" time="0.375" /><testcase classname="tests.test_artifact_upload_flow" name="test_windows_transient_upload_failure_keeps_result_without_reexecution" time="0.480" /><testcase classname="tests.test_artifact_upload_flow" name="test_windows_artifact_changed_after_hashing_is_released_not_uploaded" time="0.353" /><testcase classname="tests.test_artifact_upload_flow" name="test_windows_upload_disabled_by_default" time="0.290" /><testcase classname="tests.test_artifact_upload_flow" name="test_mac_worker_uploads_and_verifier_reconciles" time="0.006"><skipped type="pytest.skip" message="Mac daemon requires fcntl">C:\Users\lol\2026-workspace\2026-courier\tests\test_artifact_upload_flow.py:464: Mac daemon requires fcntl</skipped></testcase><testcase classname="tests.test_artifact_upload_flow" name="test_verifier_supports_string_and_dict_artifacts" time="0.007" /><testcase classname="tests.test_bodyguards.EightBodyguardsTests" name="test_01_all_eight_default_standby" time="0.237" /><testcase classname="tests.test_bodyguards.EightBodyguardsTests" name="test_02_standby_causes_zero_model_calls" time="0.197" /><testcase classname="tests.test_bodyguards.EightBodyguardsTests" name="test_03_assign_alpha_only_alpha_activated" time="0.181" /><testcase classname="tests.test_bodyguards.EightBodyguardsTests" name="test_04_bravo_remains_in_standby_when_alpha_assigned" time="0.217" /><testcase classname="tests.test_bodyguards.EightBodyguardsTests" name="test_05_completed_task_transitions_returning_to_standby" time="0.315" /><testcase classname="tests.test_bodyguards.EightBodyguardsTests" name="test_06_missing_required_capability_triggers_capability_mismatch" time="0.184" /><testcase classname="tests.test_bodyguards.EightBodyguardsTests" name="test_07_no_specialist_replacement_claim_without_evidence" time="0.200" /><testcase classname="tests.test_bodyguards.EightBodyguardsTests" name="test_08_no_duplicate_assignment_error_when_exhausted" time="0.225" /><testcase classname="tests.test_bodyguards.EightBodyguardsTests" name="test_09_workload_routing_selects_first_free_available_standby" time="0.771" /><testcase classname="tests.test_bodyguards.EightBodyguardsTests" name="test_10_speech_bubbles_match_state_invariants" time="0.045" /><testcase classname="tests.test_build_antigravity_worker_job" name="test_validate_job_rejects_trailing_newline_ids[job_id]" time="0.005" /><testcase classname="tests.test_build_antigravity_worker_job" name="test_validate_job_rejects_trailing_newline_ids[task_id]" time="0.004" /><testcase classname="tests.test_build_antigravity_worker_job" name="test_validate_job_rejects_trailing_newline_ids[correlation_id]" time="0.003" /><testcase classname="tests.test_build_antigravity_worker_job" name="test_validate_job_rejects_trailing_newline_ids[source_command_message_id]" time="0.003" /><testcase classname="tests.test_build_antigravity_worker_job" name="test_validate_command_success" time="0.002" /><testcase classname="tests.test_build_antigravity_worker_job" name="test_validate_command_invalid_cost_policy" time="0.008" /><testcase classname="tests.test_build_antigravity_worker_job" name="test_validate_command_forbidden_scope" time="0.002" /><testcase classname="tests.test_build_antigravity_worker_job" name="test_build_worker_job_no_schema" time="0.012" /><testcase classname="tests.test_build_antigravity_worker_job" name="test_main_cli" time="0.010" /><testcase classname="tests.test_build_antigravity_worker_job" name="test_main_validate_job" time="0.038" /><testcase classname="tests.test_chief_repair_dispatch" name="test_needs_fix_dispatches_scoped_repair" time="0.039" /><testcase classname="tests.test_chief_repair_dispatch" name="test_needs_fix_honors_result_source" time="0.014" /><testcase classname="tests.test_chief_repair_dispatch" name="test_needs_fix_defaults_source_to_antigravity" time="0.024" /><testcase classname="tests.test_courier_github_dispatcher_imports" name="test_module_exposes_dispatcher_api" time="0.001" /><testcase classname="tests.test_courier_github_dispatcher_imports" name="test_no_dead_sys_import" time="0.011" /><testcase classname="tests.test_courier_motor_precheck" name="test_queued_github_step_is_work" time="0.002" /><testcase classname="tests.test_courier_motor_precheck" name="test_idle_states_are_not_work" time="0.001" /><testcase classname="tests.test_courier_motor_precheck" name="test_busy_dispatcher_is_not_work" time="0.002" /><testcase classname="tests.test_duplicates" name="test_duplicates" time="0.003"><failure message="UnboundLocalError: cannot access local variable 'os' where it is not associated with a value">def test_duplicates():
&gt;       if os.path.exists("./test_dup_state.json"):
           ^^
E       UnboundLocalError: cannot access local variable 'os' where it is not associated with a value

tests\test_duplicates.py:28: UnboundLocalError</failure></testcase><testcase classname="tests.test_failure_recovery_matrix" name="test_duplicate_result_is_acknowledged_without_state_change" time="0.143" /><testcase classname="tests.test_failure_recovery_matrix" name="test_conflicting_second_result_cannot_replace_first" time="0.103"><failure message="AssertionError: assert 'result-b42ba...589816631f9cf' == 'result-1'&#10;  &#10;  - result-1&#10;  + result-b42ba859cd48c007a5dac2dab86e1a3bd478afe711c0a66399a589816631f9cf">tmp_path = WindowsPath('C:/Users/lol/AppData/Local/Temp/pytest-of-lol/pytest-447/test_conflicting_second_result0')
monkeypatch = &lt;_pytest.monkeypatch.MonkeyPatch object at 0x0000022088049D30&gt;

    def test_conflicting_second_result_cannot_replace_first(tmp_path, monkeypatch):
        http, _, task = setup_claimed_task(tmp_path, monkeypatch)
        first = durable_result(task)
        assert http.post("/tasks/result", headers=auth(), json=first).status_code == 200
        conflicting = dict(first, result_id="result-2", status="FAILED", artifacts=[])
        http.post("/tasks/result", headers=auth(), json=conflicting)
        stored = server_app.load_state()["tasks"][task["task_id"]]
&gt;       assert stored["result"]["result_id"] == "result-1"
E       AssertionError: assert 'result-b42ba...589816631f9cf' == 'result-1'
E         
E         - result-1
E         + result-b42ba859cd48c007a5dac2dab86e1a3bd478afe711c0a66399a589816631f9cf

tests\test_failure_recovery_matrix.py:27: AssertionError</failure></testcase><testcase classname="tests.test_failure_recovery_matrix" name="test_result_from_another_worker_is_rejected" time="0.104" /><testcase classname="tests.test_failure_recovery_matrix" name="test_result_with_wrong_identity_is_rejected[goal_id]" time="0.077" /><testcase classname="tests.test_failure_recovery_matrix" name="test_result_with_wrong_identity_is_rejected[attempt_id]" time="0.081" /><testcase classname="tests.test_failure_recovery_matrix" name="test_result_with_wrong_identity_is_rejected[dispatch_id]" time="0.076" /><testcase classname="tests.test_failure_recovery_matrix" name="test_worker_endpoints_reject_missing_or_invalid_credentials[None-/workers/register]" time="0.078" /><testcase classname="tests.test_failure_recovery_matrix" name="test_worker_endpoints_reject_missing_or_invalid_credentials[None-/workers/heartbeat]" time="0.128" /><testcase classname="tests.test_failure_recovery_matrix" name="test_worker_endpoints_reject_missing_or_invalid_credentials[None-/tasks/claim]" time="0.074" /><testcase classname="tests.test_failure_recovery_matrix" name="test_worker_endpoints_reject_missing_or_invalid_credentials[None-/tasks/result]" time="0.083" /><testcase classname="tests.test_failure_recovery_matrix" name="test_worker_endpoints_reject_missing_or_invalid_credentials[Bearer wrong-key-/workers/register]" time="0.085" /><testcase classname="tests.test_failure_recovery_matrix" name="test_worker_endpoints_reject_missing_or_invalid_credentials[Bearer wrong-key-/workers/heartbeat]" time="0.088" /><testcase classname="tests.test_failure_recovery_matrix" name="test_worker_endpoints_reject_missing_or_invalid_credentials[Bearer wrong-key-/tasks/claim]" time="0.092" /><testcase classname="tests.test_failure_recovery_matrix" name="test_worker_endpoints_reject_missing_or_invalid_credentials[Bearer wrong-key-/tasks/result]" time="0.099" /><testcase classname="tests.test_failure_recovery_matrix" name="test_worker_endpoints_reject_missing_or_invalid_credentials[Bearer -/workers/register]" time="0.097" /><testcase classname="tests.test_failure_recovery_matrix" name="test_worker_endpoints_reject_missing_or_invalid_credentials[Bearer -/workers/heartbeat]" time="0.081" /><testcase classname="tests.test_failure_recovery_matrix" name="test_worker_endpoints_reject_missing_or_invalid_credentials[Bearer -/tasks/claim]" time="0.089" /><testcase classname="tests.test_failure_recovery_matrix" name="test_worker_endpoints_reject_missing_or_invalid_credentials[Bearer -/tasks/result]" time="0.081" /><testcase classname="tests.test_failure_recovery_matrix" name="test_worker_endpoints_reject_missing_or_invalid_credentials[Bearer verifier-secret-/workers/register]" time="0.075" /><testcase classname="tests.test_failure_recovery_matrix" name="test_worker_endpoints_reject_missing_or_invalid_credentials[Bearer verifier-secret-/workers/heartbeat]" time="0.082" /><testcase classname="tests.test_failure_recovery_matrix" name="test_worker_endpoints_reject_missing_or_invalid_credentials[Bearer verifier-secret-/tasks/claim]" time="0.084" /><testcase classname="tests.test_failure_recovery_matrix" name="test_worker_endpoints_reject_missing_or_invalid_credentials[Bearer verifier-secret-/tasks/result]" time="0.106" /><testcase classname="tests.test_failure_recovery_matrix" name="test_worker_key_cannot_verify" time="0.137" /><testcase classname="tests.test_failure_recovery_matrix" name="test_server_restart_keeps_dispatch_identity_and_accepts_bound_result" time="0.099" /><testcase classname="tests.test_failure_recovery_matrix" name="test_success_with_missing_artifact_evidence_is_rejected" time="0.096" /><testcase classname="tests.test_failure_recovery_matrix" name="test_unregister_then_reregister_without_task_quarantines_instead_of_replaying" time="0.160"><failure message="AssertionError: assert 'ACTIVE' == 'BLOCKED'&#10;  &#10;  - BLOCKED&#10;  + ACTIVE">tmp_path = WindowsPath('C:/Users/lol/AppData/Local/Temp/pytest-of-lol/pytest-447/test_unregister_then_reregiste0')
monkeypatch = &lt;_pytest.monkeypatch.MonkeyPatch object at 0x0000022088049EF0&gt;

    def test_unregister_then_reregister_without_task_quarantines_instead_of_replaying(tmp_path, monkeypatch):
        http, goal_id, task = setup_claimed_task(tmp_path, monkeypatch)
        assert http.post("/workers/unregister", headers=auth(), json={"worker_id": "MAC-01"}).status_code == 200
        http.post("/workers/register", headers=auth(),
                  json={"worker_id": "MAC-01", "capabilities": ["macos"], "current_task": None})
        state = server_app.load_state()
        assert state["tasks"][task["task_id"]]["status"] == "HUMAN_REQUIRED"
&gt;       assert state["goals"][goal_id]["status"] == "BLOCKED"
E       AssertionError: assert 'ACTIVE' == 'BLOCKED'
E         
E         - BLOCKED
E         + ACTIVE

tests\test_failure_recovery_matrix.py:97: AssertionError</failure></testcase><testcase classname="tests.test_gemini_worker_adapter" name="test_gemini_worker_adapter_success" time="0.050" /><testcase classname="tests.test_gemini_worker_adapter" name="test_gemini_worker_rejects_path_unsafe_task_id" time="0.011" /><testcase classname="tests.test_github_dispatcher_identity" name="test_identity_persisted_before_adapter_starts" time="0.018" /><testcase classname="tests.test_github_dispatcher_identity" name="test_missing_identity_never_starts_execution[goal_id]" time="0.010" /><testcase classname="tests.test_github_dispatcher_identity" name="test_missing_identity_never_starts_execution[task_id]" time="0.011" /><testcase classname="tests.test_github_dispatcher_identity" name="test_missing_identity_never_starts_execution[attempt_id]" time="0.016" /><testcase classname="tests.test_github_dispatcher_identity" name="test_missing_identity_never_starts_execution[dispatch_id]" time="0.011" /><testcase classname="tests.test_github_dispatcher_identity" name="test_missing_identity_never_starts_execution[worker_id]" time="0.011" /><testcase classname="tests.test_github_dispatcher_identity" name="test_unsafe_dispatch_id_is_rejected[../../etc/x]" time="0.044" /><testcase classname="tests.test_github_dispatcher_identity" name="test_unsafe_dispatch_id_is_rejected[dispatch-../x]" time="0.013" /><testcase classname="tests.test_github_dispatcher_identity" name="test_unsafe_dispatch_id_is_rejected[dispatch-a/b]" time="0.018" /><testcase classname="tests.test_github_dispatcher_identity" name="test_unsafe_dispatch_id_is_rejected[]" time="0.014" /><testcase classname="tests.test_github_dispatcher_identity" name="test_crash_between_persist_and_start_is_resumed_once" time="0.031" /><testcase classname="tests.test_github_dispatcher_identity" name="test_posted_dispatch_is_not_resumed" time="0.024" /><testcase classname="tests.test_github_dispatcher_identity" name="test_redelivered_same_dispatch_does_not_spawn_twice_in_one_process" time="0.077" /><testcase classname="tests.test_github_dispatcher_identity" name="test_adapter_restart_after_workflow_dispatch_does_not_redispatch" time="0.037" /><testcase classname="tests.test_github_worker_adapter" name="test_validate_task_rejects_missing_identity_and_shell" time="0.002" /><testcase classname="tests.test_github_worker_adapter" name="test_verify_result_rejects_nondict_result[bad_result0]" time="0.009" /><testcase classname="tests.test_github_worker_adapter" name="test_verify_result_rejects_nondict_result[oops]" time="0.013" /><testcase classname="tests.test_github_worker_adapter" name="test_verify_result_rejects_nondict_result[42]" time="0.094" /><testcase classname="tests.test_github_worker_adapter" name="test_verify_result_rejects_nondict_result[None]" time="0.021" /><testcase classname="tests.test_github_worker_adapter" name="test_verify_result_rejects_nondict_evidence[bad_evidence0]" time="0.009" /><testcase classname="tests.test_github_worker_adapter" name="test_verify_result_rejects_nondict_evidence[oops]" time="0.025" /><testcase classname="tests.test_github_worker_adapter" name="test_verify_result_rejects_nondict_evidence[42]" time="0.018" /><testcase classname="tests.test_github_worker_adapter" name="test_validate_task_rejects_non_string_transform_input[None]" time="0.002" /><testcase classname="tests.test_github_worker_adapter" name="test_validate_task_rejects_non_string_transform_input[42]" time="0.002" /><testcase classname="tests.test_github_worker_adapter" name="test_validate_task_rejects_non_string_transform_input[bad_input2]" time="0.017" /><testcase classname="tests.test_github_worker_adapter" name="test_validate_task_rejects_non_string_transform_input[bad_input3]" time="0.003" /><testcase classname="tests.test_github_worker_adapter" name="test_find_run_uses_exact_dispatch_title" time="0.005" /><testcase classname="tests.test_github_worker_adapter" name="test_verified_completed_result_posts_and_records_run_attempt" time="0.039" /><testcase classname="tests.test_github_worker_adapter" name="test_existing_waiting_dispatch_is_reconciled_not_dispatched" time="0.021" /><testcase classname="tests.test_github_worker_adapter" name="test_dispatch_preserves_taskpacket_as_raw_json" time="0.021" /><testcase classname="tests.test_github_worker_adapter" name="test_durable_result_preserves_github_run_attempt" time="0.002"><failure message="scripts.integration_contract.ContractError: result is missing: execution_end_at, execution_start_at">def test_durable_result_preserves_github_run_attempt():
        task = packet()
        result = {
            **packet(), "run_id": "99", "run_attempt": "1", "result_id": "result-dispatch-1",
            "status": "SUCCESS", "artifacts": [{"path": "courier_output_dispatch-1.json", "sha256": "a" * 64}],
        }
&gt;       assert validate_durable_result(task, result)["run_attempt"] == "1"
               ^^^^^^^^^^^^^^^^^^^^^^^^^^^^^^^^^^^^^

tests\test_github_worker_adapter.py:109: 
_ _ _ _ _ _ _ _ _ _ _ _ _ _ _ _ _ _ _ _ _ _ _ _ _ _ _ _ _ _ _ _ _ _ _ _ _ _ _ _

task = {'goal_id': 'goal-1', 'task_id': 'task-1', 'attempt_id': 'attempt-1', 'dispatch_id': 'dispatch-1', ...}
result = {'goal_id': 'goal-1', 'task_id': 'task-1', 'attempt_id': 'attempt-1', 'dispatch_id': 'dispatch-1', ...}

    def validate_durable_result(task: dict, result: dict) -&gt; dict:
        """Validate a remote DurableResult without trusting worker-only success.
    
        This validates identity and evidence shape. A separate verifier must still
        observe the effect and approve the evidence before workflow advancement.
        """
        required = {
            "goal_id",
            "task_id",
            "attempt_id",
            "dispatch_id",
            "worker_id",
            "run_id",
            "result_id",
            "status",
            "artifacts",
            "execution_start_at",
            "execution_end_at",
        }
        # GitHub Actions supplies a retry-generation identity in addition to run_id.
        # Preserve it when provided so a DurableResult remains bound to the exact run.
        if "run_attempt" in result:
            required.add("run_attempt")
        missing = sorted(required - set(result))
        if missing:
&gt;           raise ContractError(f"result is missing: {', '.join(missing)}")
E           scripts.integration_contract.ContractError: result is missing: execution_end_at, execution_start_at

scripts\integration_contract.py:141: ContractError</failure></testcase><testcase classname="tests.test_github_worker_adapter" name="test_post_result_uses_courier_bearer_token" time="0.005" /><testcase classname="tests.test_integration_contract" name="test_task_packet_has_common_identity" time="0.002" /><testcase classname="tests.test_integration_contract" name="test_verified_result_binds_identity_and_artifact" time="0.015" /><testcase classname="tests.test_integration_contract" name="test_result_identity_mismatch_fails_closed[goal_id-wrong-goal]" time="0.013" /><testcase classname="tests.test_integration_contract" name="test_result_identity_mismatch_fails_closed[task_id-wrong-task]" time="0.013" /><testcase classname="tests.test_integration_contract" name="test_result_identity_mismatch_fails_closed[worker_id-wrong-worker]" time="0.015" /><testcase classname="tests.test_integration_contract" name="test_result_identity_mismatch_fails_closed[run_id-]" time="0.017" /><testcase classname="tests.test_integration_contract" name="test_success_without_effect_fails_closed" time="0.015" /><testcase classname="tests.test_integration_contract" name="test_result_id_is_idempotent_for_same_observation" time="0.020" /><testcase classname="tests.test_integration_contract" name="test_result_schema_boundary_enforces_artifact_keys" time="0.002"><failure message="scripts.integration_contract.ContractError: result is missing: execution_end_at, execution_start_at">def test_result_schema_boundary_enforces_artifact_keys():
        from scripts.integration_contract import validate_durable_result, ContractError
        import pytest
    
        # Valid artifact sets conforming to the exact contract
        valid_result = {
            "goal_id": "goal-1",
            "task_id": "task-1",
            "worker_id": "worker-1",
            "attempt_id": "attempt-1",
            "dispatch_id": "dispatch-1",
            "run_id": "run-1",
            "status": "SUCCESS",
            "artifacts": [
                {"path": "a.txt", "sha256": "a"*64},
                {"path": "b.txt", "sha256": "b"*64, "artifact_id": "art-bbbbbbbbbbbbbbbbbbbbbbbbbbbbbbbbbbbbbbbbbbbbbbbbbbbbbbbbbbbbbbbb", "size": 10},
                {"path": "c.txt", "sha256": "c"*64, "expected_sha256": "d"*64} # explicitly permitted by schema
            ]
        }
        from scripts.integration_contract import _canonical_hash
        valid_result["result_id"] = f"result-{_canonical_hash(valid_result)}"
    
        # Should pass without raising
        task = {
            "goal_id": "goal-1",
            "task_id": "task-1",
            "worker_id": "worker-1",
            "attempt_id": "attempt-1",
            "dispatch_id": "dispatch-1",
        }
&gt;       validate_durable_result(task, valid_result)

tests\test_integration_contract.py:150: 
_ _ _ _ _ _ _ _ _ _ _ _ _ _ _ _ _ _ _ _ _ _ _ _ _ _ _ _ _ _ _ _ _ _ _ _ _ _ _ _

task = {'goal_id': 'goal-1', 'task_id': 'task-1', 'worker_id': 'worker-1', 'attempt_id': 'attempt-1', ...}
result = {'goal_id': 'goal-1', 'task_id': 'task-1', 'worker_id': 'worker-1', 'attempt_id': 'attempt-1', ...}

    def validate_durable_result(task: dict, result: dict) -&gt; dict:
        """Validate a remote DurableResult without trusting worker-only success.
    
        This validates identity and evidence shape. A separate verifier must still
        observe the effect and approve the evidence before workflow advancement.
        """
        required = {
            "goal_id",
            "task_id",
            "attempt_id",
            "dispatch_id",
            "worker_id",
            "run_id",
            "result_id",
            "status",
            "artifacts",
            "execution_start_at",
            "execution_end_at",
        }
        # GitHub Actions supplies a retry-generation identity in addition to run_id.
        # Preserve it when provided so a DurableResult remains bound to the exact run.
        if "run_attempt" in result:
            required.add("run_attempt")
        missing = sorted(required - set(result))
        if missing:
&gt;           raise ContractError(f"result is missing: {', '.join(missing)}")
E           scripts.integration_contract.ContractError: result is missing: execution_end_at, execution_start_at

scripts\integration_contract.py:141: ContractError</failure></testcase><testcase classname="tests.test_integration_contract" name="test_result_id_changes_when_status_changes" time="0.029" /><testcase classname="tests.test_integration_contract" name="test_result_id_changes_when_artifact_changes" time="0.025" /><testcase classname="tests.test_m230_r1.TestM230" name="test_invoice_semantics" time="0.006" /><testcase classname="tests.test_m230_r1.TestM230" name="test_isolated_yes" time="0.002" /><testcase classname="tests.test_m230_r1.TestM230" name="test_not_interested_override" time="0.002" /><testcase classname="tests.test_m230_r1.TestM230" name="test_positive_interest" time="0.002" /><testcase classname="tests.test_m230_r1.TestM230" name="test_question" time="0.002" /><testcase classname="tests.test_m230_r1.TestM230" name="test_unsubscribe_override" time="0.003" /><testcase classname="tests.test_mac_worker_contract" name="test_success_is_bound_and_accepted" time="0.092"><failure message="ModuleNotFoundError: No module named 'fcntl'">tmp_path = WindowsPath('C:/Users/lol/AppData/Local/Temp/pytest-of-lol/pytest-447/test_success_is_bound_and_acce0')
monkeypatch = &lt;_pytest.monkeypatch.MonkeyPatch object at 0x0000022088049160&gt;

    def test_success_is_bound_and_accepted(tmp_path, monkeypatch):
        srv, http, headers = central(tmp_path, monkeypatch)
        monkeypatch.chdir(tmp_path)
&gt;       daemon, executions = load_daemon(tmp_path, monkeypatch), []
                             ^^^^^^^^^^^^^^^^^^^^^^^^^^^^^^^^^^

c:\Users\lol\2026-workspace\2026-courier\tests\test_mac_worker_contract.py:72: 
_ _ _ _ _ _ _ _ _ _ _ _ _ _ _ _ _ _ _ _ _ _ _ _ _ _ _ _ _ _ _ _ _ _ _ _ _ _ _ _
c:\Users\lol\2026-workspace\2026-courier\tests\test_mac_worker_recovery.py:17: in load_daemon
    spec.loader.exec_module(daemon)
&lt;frozen importlib._bootstrap_external&gt;:759: in exec_module
    ???
&lt;frozen importlib._bootstrap&gt;:491: in _call_with_frames_removed
    ???
_ _ _ _ _ _ _ _ _ _ _ _ _ _ _ _ _ _ _ _ _ _ _ _ _ _ _ _ _ _ _ _ _ _ _ _ _ _ _ _

&gt;   import json, time, os, sys, shutil, subprocess, uuid, traceback, fcntl
E   ModuleNotFoundError: No module named 'fcntl'

C:\Users\lol\2026-workspace\2026-courier\scripts\mac_worker\daemon.py:1: ModuleNotFoundError</failure></testcase><testcase classname="tests.test_mac_worker_contract" name="test_crash_after_post_before_ack_resends_same_result_once_executed" time="0.076"><failure message="ModuleNotFoundError: No module named 'fcntl'">tmp_path = WindowsPath('C:/Users/lol/AppData/Local/Temp/pytest-of-lol/pytest-447/test_crash_after_post_before_a0')
monkeypatch = &lt;_pytest.monkeypatch.MonkeyPatch object at 0x00000220880BD400&gt;

    def test_crash_after_post_before_ack_resends_same_result_once_executed(tmp_path, monkeypatch):
        srv, http, headers = central(tmp_path, monkeypatch)
        monkeypatch.chdir(tmp_path)
&gt;       daemon, executions = load_daemon(tmp_path, monkeypatch), []
                             ^^^^^^^^^^^^^^^^^^^^^^^^^^^^^^^^^^

c:\Users\lol\2026-workspace\2026-courier\tests\test_mac_worker_contract.py:84: 
_ _ _ _ _ _ _ _ _ _ _ _ _ _ _ _ _ _ _ _ _ _ _ _ _ _ _ _ _ _ _ _ _ _ _ _ _ _ _ _
c:\Users\lol\2026-workspace\2026-courier\tests\test_mac_worker_recovery.py:17: in load_daemon
    spec.loader.exec_module(daemon)
&lt;frozen importlib._bootstrap_external&gt;:759: in exec_module
    ???
&lt;frozen importlib._bootstrap&gt;:491: in _call_with_frames_removed
    ???
_ _ _ _ _ _ _ _ _ _ _ _ _ _ _ _ _ _ _ _ _ _ _ _ _ _ _ _ _ _ _ _ _ _ _ _ _ _ _ _

&gt;   import json, time, os, sys, shutil, subprocess, uuid, traceback, fcntl
E   ModuleNotFoundError: No module named 'fcntl'

C:\Users\lol\2026-workspace\2026-courier\scripts\mac_worker\daemon.py:1: ModuleNotFoundError</failure></testcase><testcase classname="tests.test_mac_worker_contract" name="test_restart_with_result_ready_redelivers_to_server_without_executing" time="0.100"><failure message="ModuleNotFoundError: No module named 'fcntl'">tmp_path = WindowsPath('C:/Users/lol/AppData/Local/Temp/pytest-of-lol/pytest-447/test_restart_with_result_ready0')
monkeypatch = &lt;_pytest.monkeypatch.MonkeyPatch object at 0x0000022088154440&gt;

    def test_restart_with_result_ready_redelivers_to_server_without_executing(tmp_path, monkeypatch):
        srv, http, headers = central(tmp_path, monkeypatch)
        monkeypatch.chdir(tmp_path)
&gt;       daemon, executions = load_daemon(tmp_path, monkeypatch), []
                             ^^^^^^^^^^^^^^^^^^^^^^^^^^^^^^^^^^

c:\Users\lol\2026-workspace\2026-courier\tests\test_mac_worker_contract.py:97: 
_ _ _ _ _ _ _ _ _ _ _ _ _ _ _ _ _ _ _ _ _ _ _ _ _ _ _ _ _ _ _ _ _ _ _ _ _ _ _ _
c:\Users\lol\2026-workspace\2026-courier\tests\test_mac_worker_recovery.py:17: in load_daemon
    spec.loader.exec_module(daemon)
&lt;frozen importlib._bootstrap_external&gt;:759: in exec_module
    ???
&lt;frozen importlib._bootstrap&gt;:491: in _call_with_frames_removed
    ???
_ _ _ _ _ _ _ _ _ _ _ _ _ _ _ _ _ _ _ _ _ _ _ _ _ _ _ _ _ _ _ _ _ _ _ _ _ _ _ _

&gt;   import json, time, os, sys, shutil, subprocess, uuid, traceback, fcntl
E   ModuleNotFoundError: No module named 'fcntl'

C:\Users\lol\2026-workspace\2026-courier\scripts\mac_worker\daemon.py:1: ModuleNotFoundError</failure></testcase><testcase classname="tests.test_mac_worker_contract" name="test_rejected_result_releases_worker_instead_of_permanent_busy" time="0.060"><failure message="ModuleNotFoundError: No module named 'fcntl'">tmp_path = WindowsPath('C:/Users/lol/AppData/Local/Temp/pytest-of-lol/pytest-447/test_rejected_result_releases_0')
monkeypatch = &lt;_pytest.monkeypatch.MonkeyPatch object at 0x0000022088155940&gt;

    def test_rejected_result_releases_worker_instead_of_permanent_busy(tmp_path, monkeypatch):
        srv, http, headers = central(tmp_path, monkeypatch)
        monkeypatch.chdir(tmp_path)
&gt;       daemon, executions = load_daemon(tmp_path, monkeypatch), []
                             ^^^^^^^^^^^^^^^^^^^^^^^^^^^^^^^^^^

c:\Users\lol\2026-workspace\2026-courier\tests\test_mac_worker_contract.py:128: 
_ _ _ _ _ _ _ _ _ _ _ _ _ _ _ _ _ _ _ _ _ _ _ _ _ _ _ _ _ _ _ _ _ _ _ _ _ _ _ _
c:\Users\lol\2026-workspace\2026-courier\tests\test_mac_worker_recovery.py:17: in load_daemon
    spec.loader.exec_module(daemon)
&lt;frozen importlib._bootstrap_external&gt;:759: in exec_module
    ???
&lt;frozen importlib._bootstrap&gt;:491: in _call_with_frames_removed
    ???
_ _ _ _ _ _ _ _ _ _ _ _ _ _ _ _ _ _ _ _ _ _ _ _ _ _ _ _ _ _ _ _ _ _ _ _ _ _ _ _

&gt;   import json, time, os, sys, shutil, subprocess, uuid, traceback, fcntl
E   ModuleNotFoundError: No module named 'fcntl'

C:\Users\lol\2026-workspace\2026-courier\scripts\mac_worker\daemon.py:1: ModuleNotFoundError</failure></testcase><testcase classname="tests.test_mac_worker_contract" name="test_crash_after_rejection_still_releases_on_restart" time="0.082"><failure message="ModuleNotFoundError: No module named 'fcntl'">tmp_path = WindowsPath('C:/Users/lol/AppData/Local/Temp/pytest-of-lol/pytest-447/test_crash_after_rejection_sti0')
monkeypatch = &lt;_pytest.monkeypatch.MonkeyPatch object at 0x00000220880BFA10&gt;

    def test_crash_after_rejection_still_releases_on_restart(tmp_path, monkeypatch):
        srv, http, headers = central(tmp_path, monkeypatch)
        claimed = http.post("/tasks/claim", headers=headers, json={"worker_id": "MAC-01"}).get_json()["task"]
&gt;       daemon, executions = load_daemon(tmp_path, monkeypatch), []
                             ^^^^^^^^^^^^^^^^^^^^^^^^^^^^^^^^^^

tests\test_mac_worker_contract.py:142: 
_ _ _ _ _ _ _ _ _ _ _ _ _ _ _ _ _ _ _ _ _ _ _ _ _ _ _ _ _ _ _ _ _ _ _ _ _ _ _ _
tests\test_mac_worker_recovery.py:17: in load_daemon
    spec.loader.exec_module(daemon)
&lt;frozen importlib._bootstrap_external&gt;:759: in exec_module
    ???
&lt;frozen importlib._bootstrap&gt;:491: in _call_with_frames_removed
    ???
_ _ _ _ _ _ _ _ _ _ _ _ _ _ _ _ _ _ _ _ _ _ _ _ _ _ _ _ _ _ _ _ _ _ _ _ _ _ _ _

&gt;   import json, time, os, sys, shutil, subprocess, uuid, traceback, fcntl
E   ModuleNotFoundError: No module named 'fcntl'

scripts\mac_worker\daemon.py:1: ModuleNotFoundError</failure></testcase><testcase classname="tests.test_mac_worker_contract" name="test_unsafe_artifact_is_never_read_and_never_success[../outside.txt]" time="0.063"><failure message="ModuleNotFoundError: No module named 'fcntl'">tmp_path = WindowsPath('C:/Users/lol/AppData/Local/Temp/pytest-of-lol/pytest-447/test_unsafe_artifact_is_never_0')
monkeypatch = &lt;_pytest.monkeypatch.MonkeyPatch object at 0x0000022088155DA0&gt;
bad = '../outside.txt'

    @pytest.mark.parametrize("bad", ["../outside.txt", "/etc/passwd", "a/../../x.txt"])
    def test_unsafe_artifact_is_never_read_and_never_success(tmp_path, monkeypatch, bad):
        work = tmp_path / "work"
        work.mkdir()
        (tmp_path / "outside.txt").write_text("secret")
        srv, http, headers = central(tmp_path, monkeypatch, artifacts=(bad,))
        monkeypatch.chdir(work)
&gt;       daemon, executions = load_daemon(tmp_path, monkeypatch), []
                             ^^^^^^^^^^^^^^^^^^^^^^^^^^^^^^^^^^

c:\Users\lol\2026-workspace\2026-courier\tests\test_mac_worker_contract.py:157: 
_ _ _ _ _ _ _ _ _ _ _ _ _ _ _ _ _ _ _ _ _ _ _ _ _ _ _ _ _ _ _ _ _ _ _ _ _ _ _ _
c:\Users\lol\2026-workspace\2026-courier\tests\test_mac_worker_recovery.py:17: in load_daemon
    spec.loader.exec_module(daemon)
&lt;frozen importlib._bootstrap_external&gt;:759: in exec_module
    ???
&lt;frozen importlib._bootstrap&gt;:491: in _call_with_frames_removed
    ???
_ _ _ _ _ _ _ _ _ _ _ _ _ _ _ _ _ _ _ _ _ _ _ _ _ _ _ _ _ _ _ _ _ _ _ _ _ _ _ _

&gt;   import json, time, os, sys, shutil, subprocess, uuid, traceback, fcntl
E   ModuleNotFoundError: No module named 'fcntl'

C:\Users\lol\2026-workspace\2026-courier\scripts\mac_worker\daemon.py:1: ModuleNotFoundError</failure></testcase><testcase classname="tests.test_mac_worker_contract" name="test_unsafe_artifact_is_never_read_and_never_success[/etc/passwd]" time="0.061"><failure message="ModuleNotFoundError: No module named 'fcntl'">tmp_path = WindowsPath('C:/Users/lol/AppData/Local/Temp/pytest-of-lol/pytest-447/test_unsafe_artifact_is_never_1')
monkeypatch = &lt;_pytest.monkeypatch.MonkeyPatch object at 0x000002208804B850&gt;
bad = '/etc/passwd'

    @pytest.mark.parametrize("bad", ["../outside.txt", "/etc/passwd", "a/../../x.txt"])
    def test_unsafe_artifact_is_never_read_and_never_success(tmp_path, monkeypatch, bad):
        work = tmp_path / "work"
        work.mkdir()
        (tmp_path / "outside.txt").write_text("secret")
        srv, http, headers = central(tmp_path, monkeypatch, artifacts=(bad,))
        monkeypatch.chdir(work)
&gt;       daemon, executions = load_daemon(tmp_path, monkeypatch), []
                             ^^^^^^^^^^^^^^^^^^^^^^^^^^^^^^^^^^

c:\Users\lol\2026-workspace\2026-courier\tests\test_mac_worker_contract.py:157: 
_ _ _ _ _ _ _ _ _ _ _ _ _ _ _ _ _ _ _ _ _ _ _ _ _ _ _ _ _ _ _ _ _ _ _ _ _ _ _ _
c:\Users\lol\2026-workspace\2026-courier\tests\test_mac_worker_recovery.py:17: in load_daemon
    spec.loader.exec_module(daemon)
&lt;frozen importlib._bootstrap_external&gt;:759: in exec_module
    ???
&lt;frozen importlib._bootstrap&gt;:491: in _call_with_frames_removed
    ???
_ _ _ _ _ _ _ _ _ _ _ _ _ _ _ _ _ _ _ _ _ _ _ _ _ _ _ _ _ _ _ _ _ _ _ _ _ _ _ _

&gt;   import json, time, os, sys, shutil, subprocess, uuid, traceback, fcntl
E   ModuleNotFoundError: No module named 'fcntl'

C:\Users\lol\2026-workspace\2026-courier\scripts\mac_worker\daemon.py:1: ModuleNotFoundError</failure></testcase><testcase classname="tests.test_mac_worker_contract" name="test_unsafe_artifact_is_never_read_and_never_success[a/../../x.txt]" time="0.053"><failure message="ModuleNotFoundError: No module named 'fcntl'">tmp_path = WindowsPath('C:/Users/lol/AppData/Local/Temp/pytest-of-lol/pytest-447/test_unsafe_artifact_is_never_2')
monkeypatch = &lt;_pytest.monkeypatch.MonkeyPatch object at 0x0000022088110590&gt;
bad = 'a/../../x.txt'

    @pytest.mark.parametrize("bad", ["../outside.txt", "/etc/passwd", "a/../../x.txt"])
    def test_unsafe_artifact_is_never_read_and_never_success(tmp_path, monkeypatch, bad):
        work = tmp_path / "work"
        work.mkdir()
        (tmp_path / "outside.txt").write_text("secret")
        srv, http, headers = central(tmp_path, monkeypatch, artifacts=(bad,))
        monkeypatch.chdir(work)
&gt;       daemon, executions = load_daemon(tmp_path, monkeypatch), []
                             ^^^^^^^^^^^^^^^^^^^^^^^^^^^^^^^^^^

c:\Users\lol\2026-workspace\2026-courier\tests\test_mac_worker_contract.py:157: 
_ _ _ _ _ _ _ _ _ _ _ _ _ _ _ _ _ _ _ _ _ _ _ _ _ _ _ _ _ _ _ _ _ _ _ _ _ _ _ _
c:\Users\lol\2026-workspace\2026-courier\tests\test_mac_worker_recovery.py:17: in load_daemon
    spec.loader.exec_module(daemon)
&lt;frozen importlib._bootstrap_external&gt;:759: in exec_module
    ???
&lt;frozen importlib._bootstrap&gt;:491: in _call_with_frames_removed
    ???
_ _ _ _ _ _ _ _ _ _ _ _ _ _ _ _ _ _ _ _ _ _ _ _ _ _ _ _ _ _ _ _ _ _ _ _ _ _ _ _

&gt;   import json, time, os, sys, shutil, subprocess, uuid, traceback, fcntl
E   ModuleNotFoundError: No module named 'fcntl'

C:\Users\lol\2026-workspace\2026-courier\scripts\mac_worker\daemon.py:1: ModuleNotFoundError</failure></testcase><testcase classname="tests.test_mac_worker_contract" name="test_success_without_any_artifact_evidence_is_reported_failed" time="0.078"><failure message="ModuleNotFoundError: No module named 'fcntl'">tmp_path = WindowsPath('C:/Users/lol/AppData/Local/Temp/pytest-of-lol/pytest-447/test_success_without_any_artif0')
monkeypatch = &lt;_pytest.monkeypatch.MonkeyPatch object at 0x0000022088155780&gt;

    def test_success_without_any_artifact_evidence_is_reported_failed(tmp_path, monkeypatch):
        srv, http, headers = central(tmp_path, monkeypatch)
        monkeypatch.chdir(tmp_path)
&gt;       daemon, executions = load_daemon(tmp_path, monkeypatch), []
                             ^^^^^^^^^^^^^^^^^^^^^^^^^^^^^^^^^^

c:\Users\lol\2026-workspace\2026-courier\tests\test_mac_worker_contract.py:171: 
_ _ _ _ _ _ _ _ _ _ _ _ _ _ _ _ _ _ _ _ _ _ _ _ _ _ _ _ _ _ _ _ _ _ _ _ _ _ _ _
c:\Users\lol\2026-workspace\2026-courier\tests\test_mac_worker_recovery.py:17: in load_daemon
    spec.loader.exec_module(daemon)
&lt;frozen importlib._bootstrap_external&gt;:759: in exec_module
    ???
&lt;frozen importlib._bootstrap&gt;:491: in _call_with_frames_removed
    ???
_ _ _ _ _ _ _ _ _ _ _ _ _ _ _ _ _ _ _ _ _ _ _ _ _ _ _ _ _ _ _ _ _ _ _ _ _ _ _ _

&gt;   import json, time, os, sys, shutil, subprocess, uuid, traceback, fcntl
E   ModuleNotFoundError: No module named 'fcntl'

C:\Users\lol\2026-workspace\2026-courier\scripts\mac_worker\daemon.py:1: ModuleNotFoundError</failure></testcase><testcase classname="tests.test_mac_worker_contract" name="test_missing_api_key_fails_closed_before_network" time="0.022"><failure message="ModuleNotFoundError: No module named 'fcntl'">tmp_path = WindowsPath('C:/Users/lol/AppData/Local/Temp/pytest-of-lol/pytest-447/test_missing_api_key_fails_clo0')
monkeypatch = &lt;_pytest.monkeypatch.MonkeyPatch object at 0x0000022088113700&gt;

    def test_missing_api_key_fails_closed_before_network(tmp_path, monkeypatch):
&gt;       daemon = load_daemon(tmp_path, monkeypatch)
                 ^^^^^^^^^^^^^^^^^^^^^^^^^^^^^^^^^^

tests\test_mac_worker_contract.py:181: 
_ _ _ _ _ _ _ _ _ _ _ _ _ _ _ _ _ _ _ _ _ _ _ _ _ _ _ _ _ _ _ _ _ _ _ _ _ _ _ _
tests\test_mac_worker_recovery.py:17: in load_daemon
    spec.loader.exec_module(daemon)
&lt;frozen importlib._bootstrap_external&gt;:759: in exec_module
    ???
&lt;frozen importlib._bootstrap&gt;:491: in _call_with_frames_removed
    ???
_ _ _ _ _ _ _ _ _ _ _ _ _ _ _ _ _ _ _ _ _ _ _ _ _ _ _ _ _ _ _ _ _ _ _ _ _ _ _ _

&gt;   import json, time, os, sys, shutil, subprocess, uuid, traceback, fcntl
E   ModuleNotFoundError: No module named 'fcntl'

scripts\mac_worker\daemon.py:1: ModuleNotFoundError</failure></testcase><testcase classname="tests.test_mac_worker_install" name="test_install_resolves_repo_root_from_any_cwd" time="0.020"><failure message="FileNotFoundError: [WinError 2] Das System kann die angegebene Datei nicht finden">tmp_path = WindowsPath('C:/Users/lol/AppData/Local/Temp/pytest-of-lol/pytest-447/test_install_resolves_repo_roo0')

    def test_install_resolves_repo_root_from_any_cwd(tmp_path):
        bindir = tmp_path / "bin"
        bindir.mkdir()
        (bindir / "launchctl").write_text("#!/bin/sh\nexit 0\n")
        (bindir / "launchctl").chmod(0o755)
        env = {"PATH": f"{bindir}:/usr/bin:/bin", "HOME": str(tmp_path)}
        for cwd in (ROOT, tmp_path):
&gt;           r = subprocess.run(["bash", str(ROOT / "scripts/mac_worker/install.sh")], cwd=cwd, env=env,
                               capture_output=True, text=True, timeout=30)

tests\test_mac_worker_install.py:14: 
_ _ _ _ _ _ _ _ _ _ _ _ _ _ _ _ _ _ _ _ _ _ _ _ _ _ _ _ _ _ _ _ _ _ _ _ _ _ _ _
..\..\AppData\Roaming\uv\python\cpython-3.14-windows-x86_64-none\Lib\subprocess.py:555: in run
    with Popen(*popenargs, **kwargs) as process:
         ^^^^^^^^^^^^^^^^^^^^^^^^^^^
..\..\AppData\Roaming\uv\python\cpython-3.14-windows-x86_64-none\Lib\subprocess.py:1039: in __init__
    self._execute_child(args, executable, preexec_fn, close_fds,
_ _ _ _ _ _ _ _ _ _ _ _ _ _ _ _ _ _ _ _ _ _ _ _ _ _ _ _ _ _ _ _ _ _ _ _ _ _ _ _

self = &lt;Popen: returncode: None args: ['bash', 'C:\\Users\\lol\\2026-workspace\\202...&gt;
args = 'bash C:\\Users\\lol\\2026-workspace\\2026-courier\\scripts\\mac_worker\\install.sh'
executable = None, preexec_fn = None, close_fds = False, pass_fds = ()
cwd = 'C:\\Users\\lol\\2026-workspace\\2026-courier'
env = {'PATH': 'C:\\Users\\lol\\AppData\\Local\\Temp\\pytest-of-lol\\pytest-447\\test_install_resolves_repo_roo0\\bin:/usr/bin:/bin', 'HOME': 'C:\\Users\\lol\\AppData\\Local\\Temp\\pytest-of-lol\\pytest-447\\test_install_resolves_repo_roo0'}
startupinfo = &lt;subprocess.STARTUPINFO object at 0x00000220880F4C30&gt;
creationflags = 0, shell = False, p2cread = Handle(764), p2cwrite = -1
c2pread = 11, c2pwrite = Handle(684), errread = 12, errwrite = Handle(752)
unused_restore_signals = True, unused_gid = None, unused_gids = None
unused_uid = None, unused_umask = -1, unused_start_new_session = False
unused_process_group = -1

    def _execute_child(self, args, executable, preexec_fn, close_fds,
                       pass_fds, cwd, env,
                       startupinfo, creationflags, shell,
                       p2cread, p2cwrite,
                       c2pread, c2pwrite,
                       errread, errwrite,
                       unused_restore_signals,
                       unused_gid, unused_gids, unused_uid,
                       unused_umask,
                       unused_start_new_session, unused_process_group):
        """Execute program (MS Windows version)"""
    
        assert not pass_fds, "pass_fds not supported on Windows."
    
        if isinstance(args, str):
            pass
        elif isinstance(args, bytes):
            if shell:
                raise TypeError('bytes args is not allowed on Windows')
            args = list2cmdline([args])
        elif isinstance(args, os.PathLike):
            if shell:
                raise TypeError('path-like args is not allowed when '
                                'shell is true')
            args = list2cmdline([args])
        else:
            args = list2cmdline(args)
    
        if executable is not None:
            executable = os.fsdecode(executable)
    
        # Process startup details
        if startupinfo is None:
            startupinfo = STARTUPINFO()
        else:
            # bpo-34044: Copy STARTUPINFO since it is modified above,
            # so the caller can reuse it multiple times.
            startupinfo = startupinfo.copy()
    
        use_std_handles = -1 not in (p2cread, c2pwrite, errwrite)
        if use_std_handles:
            startupinfo.dwFlags |= _winapi.STARTF_USESTDHANDLES
            startupinfo.hStdInput = p2cread
            startupinfo.hStdOutput = c2pwrite
            startupinfo.hStdError = errwrite
    
        attribute_list = startupinfo.lpAttributeList
        have_handle_list = bool(attribute_list and
                                "handle_list" in attribute_list and
                                attribute_list["handle_list"])
    
        # If we were given an handle_list or need to create one
        if have_handle_list or (use_std_handles and close_fds):
            if attribute_list is None:
                attribute_list = startupinfo.lpAttributeList = {}
            handle_list = attribute_list["handle_list"] = \
                list(attribute_list.get("handle_list", []))
    
            if use_std_handles:
                handle_list += [int(p2cread), int(c2pwrite), int(errwrite)]
    
            handle_list[:] = self._filter_handle_list(handle_list)
    
            if handle_list:
                if not close_fds:
                    warnings.warn("startupinfo.lpAttributeList['handle_list'] "
                                  "overriding close_fds", RuntimeWarning)
    
                # When using the handle_list we always request to inherit
                # handles but the only handles that will be inherited are
                # the ones in the handle_list
                close_fds = False
    
        if shell:
            startupinfo.dwFlags |= _winapi.STARTF_USESHOWWINDOW
            startupinfo.wShowWindow = _winapi.SW_HIDE
            if not executable:
                # gh-101283: without a fully-qualified path, before Windows
                # checks the system directories, it first looks in the
                # application directory, and also the current directory if
                # NeedCurrentDirectoryForExePathW(ExeName) is true, so try
                # to avoid executing unqualified "cmd.exe".
                comspec = os.environ.get('ComSpec')
                if not comspec:
                    system_root = os.environ.get('SystemRoot', '')
                    comspec = os.path.join(system_root, 'System32', 'cmd.exe')
                    if not os.path.isabs(comspec):
                        raise FileNotFoundError('shell not found: neither %ComSpec% nor %SystemRoot% is set')
                if os.path.isabs(comspec):
                    executable = comspec
            else:
                comspec = executable
    
            args = '{} /c "{}"'.format (comspec, args)
    
        if cwd is not None:
            cwd = os.fsdecode(cwd)
    
        sys.audit("subprocess.Popen", executable, args, cwd, env)
    
        # Start the process
        try:
&gt;           hp, ht, pid, tid = _winapi.CreateProcess(executable, args,
                                     # no special security
                                     None, None,
                                     int(not close_fds),
                                     creationflags,
                                     env,
                                     cwd,
                                     startupinfo)
E                                    FileNotFoundError: [WinError 2] Das System kann die angegebene Datei nicht finden

..\..\AppData\Roaming\uv\python\cpython-3.14-windows-x86_64-none\Lib\subprocess.py:1553: FileNotFoundError</failure></testcase><testcase classname="tests.test_mac_worker_install" name="test_keychain_setup_hides_api_key_input" time="0.002" /><testcase classname="tests.test_mac_worker_recovery" name="test_restart_after_started_execution_does_not_execute_again" time="0.027"><failure message="ModuleNotFoundError: No module named 'fcntl'">tmp_path = WindowsPath('C:/Users/lol/AppData/Local/Temp/pytest-of-lol/pytest-447/test_restart_after_started_exe0')
monkeypatch = &lt;_pytest.monkeypatch.MonkeyPatch object at 0x0000022089277C40&gt;

    def test_restart_after_started_execution_does_not_execute_again(tmp_path, monkeypatch):
&gt;       daemon = load_daemon(tmp_path, monkeypatch)
                 ^^^^^^^^^^^^^^^^^^^^^^^^^^^^^^^^^^

tests\test_mac_worker_recovery.py:80: 
_ _ _ _ _ _ _ _ _ _ _ _ _ _ _ _ _ _ _ _ _ _ _ _ _ _ _ _ _ _ _ _ _ _ _ _ _ _ _ _
tests\test_mac_worker_recovery.py:17: in load_daemon
    spec.loader.exec_module(daemon)
&lt;frozen importlib._bootstrap_external&gt;:759: in exec_module
    ???
&lt;frozen importlib._bootstrap&gt;:491: in _call_with_frames_removed
    ???
_ _ _ _ _ _ _ _ _ _ _ _ _ _ _ _ _ _ _ _ _ _ _ _ _ _ _ _ _ _ _ _ _ _ _ _ _ _ _ _

&gt;   import json, time, os, sys, shutil, subprocess, uuid, traceback, fcntl
E   ModuleNotFoundError: No module named 'fcntl'

scripts\mac_worker\daemon.py:1: ModuleNotFoundError</failure></testcase><testcase classname="tests.test_mac_worker_recovery" name="test_restart_with_stored_result_resends_it_without_recomputing" time="0.021"><failure message="ModuleNotFoundError: No module named 'fcntl'">tmp_path = WindowsPath('C:/Users/lol/AppData/Local/Temp/pytest-of-lol/pytest-447/test_restart_with_stored_resul0')
monkeypatch = &lt;_pytest.monkeypatch.MonkeyPatch object at 0x0000022089276B30&gt;

    def test_restart_with_stored_result_resends_it_without_recomputing(tmp_path, monkeypatch):
&gt;       daemon = load_daemon(tmp_path, monkeypatch)
                 ^^^^^^^^^^^^^^^^^^^^^^^^^^^^^^^^^^

tests\test_mac_worker_recovery.py:97: 
_ _ _ _ _ _ _ _ _ _ _ _ _ _ _ _ _ _ _ _ _ _ _ _ _ _ _ _ _ _ _ _ _ _ _ _ _ _ _ _
tests\test_mac_worker_recovery.py:17: in load_daemon
    spec.loader.exec_module(daemon)
&lt;frozen importlib._bootstrap_external&gt;:759: in exec_module
    ???
&lt;frozen importlib._bootstrap&gt;:491: in _call_with_frames_removed
    ???
_ _ _ _ _ _ _ _ _ _ _ _ _ _ _ _ _ _ _ _ _ _ _ _ _ _ _ _ _ _ _ _ _ _ _ _ _ _ _ _

&gt;   import json, time, os, sys, shutil, subprocess, uuid, traceback, fcntl
E   ModuleNotFoundError: No module named 'fcntl'

scripts\mac_worker\daemon.py:1: ModuleNotFoundError</failure></testcase><testcase classname="tests.test_mac_worker_recovery" name="test_claimed_but_not_started_task_runs_once_after_restart" time="0.039"><failure message="ModuleNotFoundError: No module named 'fcntl'">tmp_path = WindowsPath('C:/Users/lol/AppData/Local/Temp/pytest-of-lol/pytest-447/test_claimed_but_not_started_t0')
monkeypatch = &lt;_pytest.monkeypatch.MonkeyPatch object at 0x00000220892775B0&gt;

    def test_claimed_but_not_started_task_runs_once_after_restart(tmp_path, monkeypatch):
&gt;       daemon = load_daemon(tmp_path, monkeypatch)
                 ^^^^^^^^^^^^^^^^^^^^^^^^^^^^^^^^^^

tests\test_mac_worker_recovery.py:112: 
_ _ _ _ _ _ _ _ _ _ _ _ _ _ _ _ _ _ _ _ _ _ _ _ _ _ _ _ _ _ _ _ _ _ _ _ _ _ _ _
tests\test_mac_worker_recovery.py:17: in load_daemon
    spec.loader.exec_module(daemon)
&lt;frozen importlib._bootstrap_external&gt;:759: in exec_module
    ???
&lt;frozen importlib._bootstrap&gt;:491: in _call_with_frames_removed
    ???
_ _ _ _ _ _ _ _ _ _ _ _ _ _ _ _ _ _ _ _ _ _ _ _ _ _ _ _ _ _ _ _ _ _ _ _ _ _ _ _

&gt;   import json, time, os, sys, shutil, subprocess, uuid, traceback, fcntl
E   ModuleNotFoundError: No module named 'fcntl'

scripts\mac_worker\daemon.py:1: ModuleNotFoundError</failure></testcase><testcase classname="tests.test_mac_worker_recovery" name="test_normal_claim_executes_once_and_posts_bound_result" time="0.027"><failure message="ModuleNotFoundError: No module named 'fcntl'">tmp_path = WindowsPath('C:/Users/lol/AppData/Local/Temp/pytest-of-lol/pytest-447/test_normal_claim_executes_onc0')
monkeypatch = &lt;_pytest.monkeypatch.MonkeyPatch object at 0x00000220892757F0&gt;

    def test_normal_claim_executes_once_and_posts_bound_result(tmp_path, monkeypatch):
&gt;       daemon = load_daemon(tmp_path, monkeypatch)
                 ^^^^^^^^^^^^^^^^^^^^^^^^^^^^^^^^^^

tests\test_mac_worker_recovery.py:124: 
_ _ _ _ _ _ _ _ _ _ _ _ _ _ _ _ _ _ _ _ _ _ _ _ _ _ _ _ _ _ _ _ _ _ _ _ _ _ _ _
tests\test_mac_worker_recovery.py:17: in load_daemon
    spec.loader.exec_module(daemon)
&lt;frozen importlib._bootstrap_external&gt;:759: in exec_module
    ???
&lt;frozen importlib._bootstrap&gt;:491: in _call_with_frames_removed
    ???
_ _ _ _ _ _ _ _ _ _ _ _ _ _ _ _ _ _ _ _ _ _ _ _ _ _ _ _ _ _ _ _ _ _ _ _ _ _ _ _

&gt;   import json, time, os, sys, shutil, subprocess, uuid, traceback, fcntl
E   ModuleNotFoundError: No module named 'fcntl'

scripts\mac_worker\daemon.py:1: ModuleNotFoundError</failure></testcase><testcase classname="tests.test_mac_worker_recovery" name="test_transport_errors_and_5xx_are_retried_with_identical_payload" time="0.023"><failure message="ModuleNotFoundError: No module named 'fcntl'">tmp_path = WindowsPath('C:/Users/lol/AppData/Local/Temp/pytest-of-lol/pytest-447/test_transport_errors_and_5xx_0')
monkeypatch = &lt;_pytest.monkeypatch.MonkeyPatch object at 0x0000022088110910&gt;

    def test_transport_errors_and_5xx_are_retried_with_identical_payload(tmp_path, monkeypatch):
&gt;       daemon = load_daemon(tmp_path, monkeypatch)
                 ^^^^^^^^^^^^^^^^^^^^^^^^^^^^^^^^^^

tests\test_mac_worker_recovery.py:138: 
_ _ _ _ _ _ _ _ _ _ _ _ _ _ _ _ _ _ _ _ _ _ _ _ _ _ _ _ _ _ _ _ _ _ _ _ _ _ _ _
tests\test_mac_worker_recovery.py:17: in load_daemon
    spec.loader.exec_module(daemon)
&lt;frozen importlib._bootstrap_external&gt;:759: in exec_module
    ???
&lt;frozen importlib._bootstrap&gt;:491: in _call_with_frames_removed
    ???
_ _ _ _ _ _ _ _ _ _ _ _ _ _ _ _ _ _ _ _ _ _ _ _ _ _ _ _ _ _ _ _ _ _ _ _ _ _ _ _

&gt;   import json, time, os, sys, shutil, subprocess, uuid, traceback, fcntl
E   ModuleNotFoundError: No module named 'fcntl'

scripts\mac_worker\daemon.py:1: ModuleNotFoundError</failure></testcase><testcase classname="tests.test_mac_worker_recovery" name="test_permanent_4xx_is_not_retried_and_result_is_kept_as_evidence" time="0.029"><failure message="ModuleNotFoundError: No module named 'fcntl'">tmp_path = WindowsPath('C:/Users/lol/AppData/Local/Temp/pytest-of-lol/pytest-447/test_permanent_4xx_is_not_retr0')
monkeypatch = &lt;_pytest.monkeypatch.MonkeyPatch object at 0x0000022088110130&gt;

    def test_permanent_4xx_is_not_retried_and_result_is_kept_as_evidence(tmp_path, monkeypatch):
&gt;       daemon = load_daemon(tmp_path, monkeypatch)
                 ^^^^^^^^^^^^^^^^^^^^^^^^^^^^^^^^^^

tests\test_mac_worker_recovery.py:156: 
_ _ _ _ _ _ _ _ _ _ _ _ _ _ _ _ _ _ _ _ _ _ _ _ _ _ _ _ _ _ _ _ _ _ _ _ _ _ _ _
tests\test_mac_worker_recovery.py:17: in load_daemon
    spec.loader.exec_module(daemon)
&lt;frozen importlib._bootstrap_external&gt;:759: in exec_module
    ???
&lt;frozen importlib._bootstrap&gt;:491: in _call_with_frames_removed
    ???
_ _ _ _ _ _ _ _ _ _ _ _ _ _ _ _ _ _ _ _ _ _ _ _ _ _ _ _ _ _ _ _ _ _ _ _ _ _ _ _

&gt;   import json, time, os, sys, shutil, subprocess, uuid, traceback, fcntl
E   ModuleNotFoundError: No module named 'fcntl'

scripts\mac_worker\daemon.py:1: ModuleNotFoundError</failure></testcase><testcase classname="tests.test_mac_worker_recovery" name="test_undeliverable_result_is_kept_and_never_recomputed" time="0.022"><failure message="ModuleNotFoundError: No module named 'fcntl'">tmp_path = WindowsPath('C:/Users/lol/AppData/Local/Temp/pytest-of-lol/pytest-447/test_undeliverable_result_is_k0')
monkeypatch = &lt;_pytest.monkeypatch.MonkeyPatch object at 0x000002208930EDD0&gt;

    def test_undeliverable_result_is_kept_and_never_recomputed(tmp_path, monkeypatch):
&gt;       daemon = load_daemon(tmp_path, monkeypatch)
                 ^^^^^^^^^^^^^^^^^^^^^^^^^^^^^^^^^^

tests\test_mac_worker_recovery.py:170: 
_ _ _ _ _ _ _ _ _ _ _ _ _ _ _ _ _ _ _ _ _ _ _ _ _ _ _ _ _ _ _ _ _ _ _ _ _ _ _ _
tests\test_mac_worker_recovery.py:17: in load_daemon
    spec.loader.exec_module(daemon)
&lt;frozen importlib._bootstrap_external&gt;:759: in exec_module
    ???
&lt;frozen importlib._bootstrap&gt;:491: in _call_with_frames_removed
    ???
_ _ _ _ _ _ _ _ _ _ _ _ _ _ _ _ _ _ _ _ _ _ _ _ _ _ _ _ _ _ _ _ _ _ _ _ _ _ _ _

&gt;   import json, time, os, sys, shutil, subprocess, uuid, traceback, fcntl
E   ModuleNotFoundError: No module named 'fcntl'

scripts\mac_worker\daemon.py:1: ModuleNotFoundError</failure></testcase><testcase classname="tests.test_mac_worker_recovery" name="test_exception_during_execution_is_not_retried_in_process" time="0.063"><failure message="ModuleNotFoundError: No module named 'fcntl'">tmp_path = WindowsPath('C:/Users/lol/AppData/Local/Temp/pytest-of-lol/pytest-447/test_exception_during_executio0')
monkeypatch = &lt;_pytest.monkeypatch.MonkeyPatch object at 0x000002208930F9A0&gt;

    def test_exception_during_execution_is_not_retried_in_process(tmp_path, monkeypatch):
&gt;       daemon = load_daemon(tmp_path, monkeypatch)
                 ^^^^^^^^^^^^^^^^^^^^^^^^^^^^^^^^^^

tests\test_mac_worker_recovery.py:184: 
_ _ _ _ _ _ _ _ _ _ _ _ _ _ _ _ _ _ _ _ _ _ _ _ _ _ _ _ _ _ _ _ _ _ _ _ _ _ _ _
tests\test_mac_worker_recovery.py:17: in load_daemon
    spec.loader.exec_module(daemon)
&lt;frozen importlib._bootstrap_external&gt;:759: in exec_module
    ???
&lt;frozen importlib._bootstrap&gt;:491: in _call_with_frames_removed
    ???
_ _ _ _ _ _ _ _ _ _ _ _ _ _ _ _ _ _ _ _ _ _ _ _ _ _ _ _ _ _ _ _ _ _ _ _ _ _ _ _

&gt;   import json, time, os, sys, shutil, subprocess, uuid, traceback, fcntl
E   ModuleNotFoundError: No module named 'fcntl'

scripts\mac_worker\daemon.py:1: ModuleNotFoundError</failure></testcase><testcase classname="tests.test_mac_worker_recovery" name="test_released_task_is_quarantined_by_courier_server_not_replayed" time="0.170"><failure message="ModuleNotFoundError: No module named 'fcntl'">tmp_path = WindowsPath('C:/Users/lol/AppData/Local/Temp/pytest-of-lol/pytest-447/test_released_task_is_quaranti0')
monkeypatch = &lt;_pytest.monkeypatch.MonkeyPatch object at 0x000002208930D4E0&gt;

    def test_released_task_is_quarantined_by_courier_server_not_replayed(tmp_path, monkeypatch):
        monkeypatch.setenv("COURIER_API_KEY", "test-secret")
        monkeypatch.setenv("COURIER_VERIFIER_API_KEY", "verifier-secret")
        server_app = importlib.import_module("server.app")
        monkeypatch.setattr(server_app, "STATE_FILE", str(tmp_path / "central.json"))
        monkeypatch.setattr(server_app, "API_KEY", "test-secret")
        http = server_app.app.test_client()
        headers = {"Authorization": "Bearer test-secret"}
        http.post("/workers/register", headers=headers,
                  json={"worker_id": "MAC-01", "platform": "macos", "capabilities": ["macos"]})
        http.post("/goals", headers=headers, json={"goal_text": "one effect", "workflow_plan": [
            {"task_id": "task-1", "target_agent": "mac", "artifacts": ["effect.txt"]}]})
        claimed = http.post("/tasks/claim", headers=headers, json={"worker_id": "MAC-01"}).get_json()["task"]
    
&gt;       daemon = load_daemon(tmp_path, monkeypatch)
                 ^^^^^^^^^^^^^^^^^^^^^^^^^^^^^^^^^^

tests\test_mac_worker_recovery.py:216: 
_ _ _ _ _ _ _ _ _ _ _ _ _ _ _ _ _ _ _ _ _ _ _ _ _ _ _ _ _ _ _ _ _ _ _ _ _ _ _ _
tests\test_mac_worker_recovery.py:17: in load_daemon
    spec.loader.exec_module(daemon)
&lt;frozen importlib._bootstrap_external&gt;:759: in exec_module
    ???
&lt;frozen importlib._bootstrap&gt;:491: in _call_with_frames_removed
    ???
_ _ _ _ _ _ _ _ _ _ _ _ _ _ _ _ _ _ _ _ _ _ _ _ _ _ _ _ _ _ _ _ _ _ _ _ _ _ _ _

&gt;   import json, time, os, sys, shutil, subprocess, uuid, traceback, fcntl
E   ModuleNotFoundError: No module named 'fcntl'

scripts\mac_worker\daemon.py:1: ModuleNotFoundError</failure></testcase><testcase classname="tests.test_marathon" name="test_marathon_units_4_to_8" time="0.294" /><testcase classname="tests.test_muse_supervisor" name="test_slot_claims_canonical_task_runs_muse_exits_and_restarts_with_checkpoint" time="0.086"><error message="failed on setup with &quot;ModuleNotFoundError: No module named 'fcntl'&quot;">tmp_path = WindowsPath('C:/Users/lol/AppData/Local/Temp/pytest-of-lol/pytest-447/test_slot_claims_canonical_tas0')
monkeypatch = &lt;_pytest.monkeypatch.MonkeyPatch object at 0x00000220880BCB40&gt;

    @pytest.fixture
    def env(tmp_path, monkeypatch):
        monkeypatch.setenv("COURIER_API_KEY", WORKER_KEY)
        monkeypatch.setenv("COURIER_VERIFIER_API_KEY", VERIFIER_KEY)
        monkeypatch.setenv("COURIER_STATE_FILE", str(tmp_path / "central.json"))
        server = load_module(f"srv_{tmp_path.name}", ROOT / "server" / "app.py")
        httpd = make_server("127.0.0.1", 0, server.app, threaded=True)
        threading.Thread(target=httpd.serve_forever, daemon=True).start()
        url = f"http://127.0.0.1:{httpd.server_port}"
    
        muse = tmp_path / "fake_muse.py"
        muse.write_text(FAKE_MUSE)
        (tmp_path / "muse.sh").write_text(f'#!/bin/bash\nexec "{sys.executable}" "{muse}" "$@"\n')
        os.chmod(tmp_path / "muse.sh", 0o755)
        worker_cfg = tmp_path / "worker_config.json"
        worker_cfg.write_text(json.dumps({"WORKER_ID": "unused", "POLL_INTERVAL_SECONDS": 0.1}))
        monkeypatch.setenv("COURIER_SERVER", url)
        monkeypatch.setenv("COURIER_MUSE_CLI", json.dumps({"binary": str(tmp_path / "muse.sh"), "protocol": "headless-v1"}))
        monkeypatch.setenv("FAKE_MUSE_LOG", str(tmp_path / "muse_calls.jsonl"))
        monkeypatch.setenv("COURIER_WALL_DIR", str(tmp_path / "wall"))
&gt;       sup = load_module(f"sup_{tmp_path.name}", SUP_PATH)
              ^^^^^^^^^^^^^^^^^^^^^^^^^^^^^^^^^^^^^^^^^^^^^

tests\test_muse_supervisor.py:69: 
_ _ _ _ _ _ _ _ _ _ _ _ _ _ _ _ _ _ _ _ _ _ _ _ _ _ _ _ _ _ _ _ _ _ _ _ _ _ _ _
tests\test_muse_supervisor.py:40: in load_module
    spec.loader.exec_module(module)
&lt;frozen importlib._bootstrap_external&gt;:759: in exec_module
    ???
&lt;frozen importlib._bootstrap&gt;:491: in _call_with_frames_removed
    ???
_ _ _ _ _ _ _ _ _ _ _ _ _ _ _ _ _ _ _ _ _ _ _ _ _ _ _ _ _ _ _ _ _ _ _ _ _ _ _ _

    #!/usr/bin/env python3
    """Muse slot supervisor on the canonical Courier worker path.
    
    Each slot is one scripts/mac_worker/daemon.py process with its own home
    (&lt;wall&gt;/slots/&lt;SLOT&gt;/), worker id and task state. The daemon does the Courier
    work: /workers/register -&gt; /tasks/claim -&gt; current_task.json (CLAIMED /
    STARTED / RESULT_READY) -&gt; Muse via muse_adapter -&gt; /tasks/result. It exits 0
    after each delivered task (COURIER_WORKER_ONE_TASK=1). This supervisor only
    keeps slots alive:
    
    - a slot whose daemon exits is restarted after a short backoff; the daemon's
      persisted task state decides what happens next (RESULT_READY is re-sent,
      STARTED is released, never replayed; identities come from the server);
    - fast non-zero exits back off exponentially and pause the slot
      (PAUSED_ERROR) after CRASH_LIMIT;
    - one supervisor (file lock), one daemon per slot (pid check + the daemon's
      own state-dir lock);
    - scale-up follows 1-4-8-16-32 only while resource metrics are readable and
      healthy. Nothing is killed except, on `stop --terminate`, this wall's own
      daemons.
    
    Usage: muse_supervisor.py start 1|4|8|16|32 [--allow-64] [--no-loop] | status |
           stop [--terminate] | resume SLOT|all | canary
    """
&gt;   import fcntl
E   ModuleNotFoundError: No module named 'fcntl'

scripts\mac_worker\muse_supervisor.py:25: ModuleNotFoundError</error></testcase><testcase classname="tests.test_muse_supervisor" name="test_result_ready_is_only_redelivered" time="0.110"><error message="failed on setup with &quot;ModuleNotFoundError: No module named 'fcntl'&quot;">tmp_path = WindowsPath('C:/Users/lol/AppData/Local/Temp/pytest-of-lol/pytest-447/test_result_ready_is_only_rede0')
monkeypatch = &lt;_pytest.monkeypatch.MonkeyPatch object at 0x0000022088155CC0&gt;

    @pytest.fixture
    def env(tmp_path, monkeypatch):
        monkeypatch.setenv("COURIER_API_KEY", WORKER_KEY)
        monkeypatch.setenv("COURIER_VERIFIER_API_KEY", VERIFIER_KEY)
        monkeypatch.setenv("COURIER_STATE_FILE", str(tmp_path / "central.json"))
        server = load_module(f"srv_{tmp_path.name}", ROOT / "server" / "app.py")
        httpd = make_server("127.0.0.1", 0, server.app, threaded=True)
        threading.Thread(target=httpd.serve_forever, daemon=True).start()
        url = f"http://127.0.0.1:{httpd.server_port}"
    
        muse = tmp_path / "fake_muse.py"
        muse.write_text(FAKE_MUSE)
        (tmp_path / "muse.sh").write_text(f'#!/bin/bash\nexec "{sys.executable}" "{muse}" "$@"\n')
        os.chmod(tmp_path / "muse.sh", 0o755)
        worker_cfg = tmp_path / "worker_config.json"
        worker_cfg.write_text(json.dumps({"WORKER_ID": "unused", "POLL_INTERVAL_SECONDS": 0.1}))
        monkeypatch.setenv("COURIER_SERVER", url)
        monkeypatch.setenv("COURIER_MUSE_CLI", json.dumps({"binary": str(tmp_path / "muse.sh"), "protocol": "headless-v1"}))
        monkeypatch.setenv("FAKE_MUSE_LOG", str(tmp_path / "muse_calls.jsonl"))
        monkeypatch.setenv("COURIER_WALL_DIR", str(tmp_path / "wall"))
&gt;       sup = load_module(f"sup_{tmp_path.name}", SUP_PATH)
              ^^^^^^^^^^^^^^^^^^^^^^^^^^^^^^^^^^^^^^^^^^^^^

tests\test_muse_supervisor.py:69: 
_ _ _ _ _ _ _ _ _ _ _ _ _ _ _ _ _ _ _ _ _ _ _ _ _ _ _ _ _ _ _ _ _ _ _ _ _ _ _ _
tests\test_muse_supervisor.py:40: in load_module
    spec.loader.exec_module(module)
&lt;frozen importlib._bootstrap_external&gt;:759: in exec_module
    ???
&lt;frozen importlib._bootstrap&gt;:491: in _call_with_frames_removed
    ???
_ _ _ _ _ _ _ _ _ _ _ _ _ _ _ _ _ _ _ _ _ _ _ _ _ _ _ _ _ _ _ _ _ _ _ _ _ _ _ _

    #!/usr/bin/env python3
    """Muse slot supervisor on the canonical Courier worker path.
    
    Each slot is one scripts/mac_worker/daemon.py process with its own home
    (&lt;wall&gt;/slots/&lt;SLOT&gt;/), worker id and task state. The daemon does the Courier
    work: /workers/register -&gt; /tasks/claim -&gt; current_task.json (CLAIMED /
    STARTED / RESULT_READY) -&gt; Muse via muse_adapter -&gt; /tasks/result. It exits 0
    after each delivered task (COURIER_WORKER_ONE_TASK=1). This supervisor only
    keeps slots alive:
    
    - a slot whose daemon exits is restarted after a short backoff; the daemon's
      persisted task state decides what happens next (RESULT_READY is re-sent,
      STARTED is released, never replayed; identities come from the server);
    - fast non-zero exits back off exponentially and pause the slot
      (PAUSED_ERROR) after CRASH_LIMIT;
    - one supervisor (file lock), one daemon per slot (pid check + the daemon's
      own state-dir lock);
    - scale-up follows 1-4-8-16-32 only while resource metrics are readable and
      healthy. Nothing is killed except, on `stop --terminate`, this wall's own
      daemons.
    
    Usage: muse_supervisor.py start 1|4|8|16|32 [--allow-64] [--no-loop] | status |
           stop [--terminate] | resume SLOT|all | canary
    """
&gt;   import fcntl
E   ModuleNotFoundError: No module named 'fcntl'

scripts\mac_worker\muse_supervisor.py:25: ModuleNotFoundError</error></testcase><testcase classname="tests.test_muse_supervisor" name="test_started_task_is_not_replayed" time="0.149"><error message="failed on setup with &quot;ModuleNotFoundError: No module named 'fcntl'&quot;">tmp_path = WindowsPath('C:/Users/lol/AppData/Local/Temp/pytest-of-lol/pytest-447/test_started_task_is_not_repla0')
monkeypatch = &lt;_pytest.monkeypatch.MonkeyPatch object at 0x00000220892779A0&gt;

    @pytest.fixture
    def env(tmp_path, monkeypatch):
        monkeypatch.setenv("COURIER_API_KEY", WORKER_KEY)
        monkeypatch.setenv("COURIER_VERIFIER_API_KEY", VERIFIER_KEY)
        monkeypatch.setenv("COURIER_STATE_FILE", str(tmp_path / "central.json"))
        server = load_module(f"srv_{tmp_path.name}", ROOT / "server" / "app.py")
        httpd = make_server("127.0.0.1", 0, server.app, threaded=True)
        threading.Thread(target=httpd.serve_forever, daemon=True).start()
        url = f"http://127.0.0.1:{httpd.server_port}"
    
        muse = tmp_path / "fake_muse.py"
        muse.write_text(FAKE_MUSE)
        (tmp_path / "muse.sh").write_text(f'#!/bin/bash\nexec "{sys.executable}" "{muse}" "$@"\n')
        os.chmod(tmp_path / "muse.sh", 0o755)
        worker_cfg = tmp_path / "worker_config.json"
        worker_cfg.write_text(json.dumps({"WORKER_ID": "unused", "POLL_INTERVAL_SECONDS": 0.1}))
        monkeypatch.setenv("COURIER_SERVER", url)
        monkeypatch.setenv("COURIER_MUSE_CLI", json.dumps({"binary": str(tmp_path / "muse.sh"), "protocol": "headless-v1"}))
        monkeypatch.setenv("FAKE_MUSE_LOG", str(tmp_path / "muse_calls.jsonl"))
        monkeypatch.setenv("COURIER_WALL_DIR", str(tmp_path / "wall"))
&gt;       sup = load_module(f"sup_{tmp_path.name}", SUP_PATH)
              ^^^^^^^^^^^^^^^^^^^^^^^^^^^^^^^^^^^^^^^^^^^^^

tests\test_muse_supervisor.py:69: 
_ _ _ _ _ _ _ _ _ _ _ _ _ _ _ _ _ _ _ _ _ _ _ _ _ _ _ _ _ _ _ _ _ _ _ _ _ _ _ _
tests\test_muse_supervisor.py:40: in load_module
    spec.loader.exec_module(module)
&lt;frozen importlib._bootstrap_external&gt;:759: in exec_module
    ???
&lt;frozen importlib._bootstrap&gt;:491: in _call_with_frames_removed
    ???
_ _ _ _ _ _ _ _ _ _ _ _ _ _ _ _ _ _ _ _ _ _ _ _ _ _ _ _ _ _ _ _ _ _ _ _ _ _ _ _

    #!/usr/bin/env python3
    """Muse slot supervisor on the canonical Courier worker path.
    
    Each slot is one scripts/mac_worker/daemon.py process with its own home
    (&lt;wall&gt;/slots/&lt;SLOT&gt;/), worker id and task state. The daemon does the Courier
    work: /workers/register -&gt; /tasks/claim -&gt; current_task.json (CLAIMED /
    STARTED / RESULT_READY) -&gt; Muse via muse_adapter -&gt; /tasks/result. It exits 0
    after each delivered task (COURIER_WORKER_ONE_TASK=1). This supervisor only
    keeps slots alive:
    
    - a slot whose daemon exits is restarted after a short backoff; the daemon's
      persisted task state decides what happens next (RESULT_READY is re-sent,
      STARTED is released, never replayed; identities come from the server);
    - fast non-zero exits back off exponentially and pause the slot
      (PAUSED_ERROR) after CRASH_LIMIT;
    - one supervisor (file lock), one daemon per slot (pid check + the daemon's
      own state-dir lock);
    - scale-up follows 1-4-8-16-32 only while resource metrics are readable and
      healthy. Nothing is killed except, on `stop --terminate`, this wall's own
      daemons.
    
    Usage: muse_supervisor.py start 1|4|8|16|32 [--allow-64] [--no-loop] | status |
           stop [--terminate] | resume SLOT|all | canary
    """
&gt;   import fcntl
E   ModuleNotFoundError: No module named 'fcntl'

scripts\mac_worker\muse_supervisor.py:25: ModuleNotFoundError</error></testcase><testcase classname="tests.test_muse_supervisor" name="test_duplicate_slot_and_supervisor_are_prevented" time="0.107"><error message="failed on setup with &quot;ModuleNotFoundError: No module named 'fcntl'&quot;">tmp_path = WindowsPath('C:/Users/lol/AppData/Local/Temp/pytest-of-lol/pytest-447/test_duplicate_slot_and_superv0')
monkeypatch = &lt;_pytest.monkeypatch.MonkeyPatch object at 0x0000022089283770&gt;

    @pytest.fixture
    def env(tmp_path, monkeypatch):
        monkeypatch.setenv("COURIER_API_KEY", WORKER_KEY)
        monkeypatch.setenv("COURIER_VERIFIER_API_KEY", VERIFIER_KEY)
        monkeypatch.setenv("COURIER_STATE_FILE", str(tmp_path / "central.json"))
        server = load_module(f"srv_{tmp_path.name}", ROOT / "server" / "app.py")
        httpd = make_server("127.0.0.1", 0, server.app, threaded=True)
        threading.Thread(target=httpd.serve_forever, daemon=True).start()
        url = f"http://127.0.0.1:{httpd.server_port}"
    
        muse = tmp_path / "fake_muse.py"
        muse.write_text(FAKE_MUSE)
        (tmp_path / "muse.sh").write_text(f'#!/bin/bash\nexec "{sys.executable}" "{muse}" "$@"\n')
        os.chmod(tmp_path / "muse.sh", 0o755)
        worker_cfg = tmp_path / "worker_config.json"
        worker_cfg.write_text(json.dumps({"WORKER_ID": "unused", "POLL_INTERVAL_SECONDS": 0.1}))
        monkeypatch.setenv("COURIER_SERVER", url)
        monkeypatch.setenv("COURIER_MUSE_CLI", json.dumps({"binary": str(tmp_path / "muse.sh"), "protocol": "headless-v1"}))
        monkeypatch.setenv("FAKE_MUSE_LOG", str(tmp_path / "muse_calls.jsonl"))
        monkeypatch.setenv("COURIER_WALL_DIR", str(tmp_path / "wall"))
&gt;       sup = load_module(f"sup_{tmp_path.name}", SUP_PATH)
              ^^^^^^^^^^^^^^^^^^^^^^^^^^^^^^^^^^^^^^^^^^^^^

tests\test_muse_supervisor.py:69: 
_ _ _ _ _ _ _ _ _ _ _ _ _ _ _ _ _ _ _ _ _ _ _ _ _ _ _ _ _ _ _ _ _ _ _ _ _ _ _ _
tests\test_muse_supervisor.py:40: in load_module
    spec.loader.exec_module(module)
&lt;frozen importlib._bootstrap_external&gt;:759: in exec_module
    ???
&lt;frozen importlib._bootstrap&gt;:491: in _call_with_frames_removed
    ???
_ _ _ _ _ _ _ _ _ _ _ _ _ _ _ _ _ _ _ _ _ _ _ _ _ _ _ _ _ _ _ _ _ _ _ _ _ _ _ _

    #!/usr/bin/env python3
    """Muse slot supervisor on the canonical Courier worker path.
    
    Each slot is one scripts/mac_worker/daemon.py process with its own home
    (&lt;wall&gt;/slots/&lt;SLOT&gt;/), worker id and task state. The daemon does the Courier
    work: /workers/register -&gt; /tasks/claim -&gt; current_task.json (CLAIMED /
    STARTED / RESULT_READY) -&gt; Muse via muse_adapter -&gt; /tasks/result. It exits 0
    after each delivered task (COURIER_WORKER_ONE_TASK=1). This supervisor only
    keeps slots alive:
    
    - a slot whose daemon exits is restarted after a short backoff; the daemon's
      persisted task state decides what happens next (RESULT_READY is re-sent,
      STARTED is released, never replayed; identities come from the server);
    - fast non-zero exits back off exponentially and pause the slot
      (PAUSED_ERROR) after CRASH_LIMIT;
    - one supervisor (file lock), one daemon per slot (pid check + the daemon's
      own state-dir lock);
    - scale-up follows 1-4-8-16-32 only while resource metrics are readable and
      healthy. Nothing is killed except, on `stop --terminate`, this wall's own
      daemons.
    
    Usage: muse_supervisor.py start 1|4|8|16|32 [--allow-64] [--no-loop] | status |
           stop [--terminate] | resume SLOT|all | canary
    """
&gt;   import fcntl
E   ModuleNotFoundError: No module named 'fcntl'

scripts\mac_worker\muse_supervisor.py:25: ModuleNotFoundError</error></testcase><testcase classname="tests.test_muse_supervisor" name="test_missing_metrics_block_scale_up" time="0.199"><error message="failed on setup with &quot;ModuleNotFoundError: No module named 'fcntl'&quot;">tmp_path = WindowsPath('C:/Users/lol/AppData/Local/Temp/pytest-of-lol/pytest-447/test_missing_metrics_block_sca0')
monkeypatch = &lt;_pytest.monkeypatch.MonkeyPatch object at 0x00000220892D3230&gt;

    @pytest.fixture
    def env(tmp_path, monkeypatch):
        monkeypatch.setenv("COURIER_API_KEY", WORKER_KEY)
        monkeypatch.setenv("COURIER_VERIFIER_API_KEY", VERIFIER_KEY)
        monkeypatch.setenv("COURIER_STATE_FILE", str(tmp_path / "central.json"))
        server = load_module(f"srv_{tmp_path.name}", ROOT / "server" / "app.py")
        httpd = make_server("127.0.0.1", 0, server.app, threaded=True)
        threading.Thread(target=httpd.serve_forever, daemon=True).start()
        url = f"http://127.0.0.1:{httpd.server_port}"
    
        muse = tmp_path / "fake_muse.py"
        muse.write_text(FAKE_MUSE)
        (tmp_path / "muse.sh").write_text(f'#!/bin/bash\nexec "{sys.executable}" "{muse}" "$@"\n')
        os.chmod(tmp_path / "muse.sh", 0o755)
        worker_cfg = tmp_path / "worker_config.json"
        worker_cfg.write_text(json.dumps({"WORKER_ID": "unused", "POLL_INTERVAL_SECONDS": 0.1}))
        monkeypatch.setenv("COURIER_SERVER", url)
        monkeypatch.setenv("COURIER_MUSE_CLI", json.dumps({"binary": str(tmp_path / "muse.sh"), "protocol": "headless-v1"}))
        monkeypatch.setenv("FAKE_MUSE_LOG", str(tmp_path / "muse_calls.jsonl"))
        monkeypatch.setenv("COURIER_WALL_DIR", str(tmp_path / "wall"))
&gt;       sup = load_module(f"sup_{tmp_path.name}", SUP_PATH)
              ^^^^^^^^^^^^^^^^^^^^^^^^^^^^^^^^^^^^^^^^^^^^^

tests\test_muse_supervisor.py:69: 
_ _ _ _ _ _ _ _ _ _ _ _ _ _ _ _ _ _ _ _ _ _ _ _ _ _ _ _ _ _ _ _ _ _ _ _ _ _ _ _
tests\test_muse_supervisor.py:40: in load_module
    spec.loader.exec_module(module)
&lt;frozen importlib._bootstrap_external&gt;:759: in exec_module
    ???
&lt;frozen importlib._bootstrap&gt;:491: in _call_with_frames_removed
    ???
_ _ _ _ _ _ _ _ _ _ _ _ _ _ _ _ _ _ _ _ _ _ _ _ _ _ _ _ _ _ _ _ _ _ _ _ _ _ _ _

    #!/usr/bin/env python3
    """Muse slot supervisor on the canonical Courier worker path.
    
    Each slot is one scripts/mac_worker/daemon.py process with its own home
    (&lt;wall&gt;/slots/&lt;SLOT&gt;/), worker id and task state. The daemon does the Courier
    work: /workers/register -&gt; /tasks/claim -&gt; current_task.json (CLAIMED /
    STARTED / RESULT_READY) -&gt; Muse via muse_adapter -&gt; /tasks/result. It exits 0
    after each delivered task (COURIER_WORKER_ONE_TASK=1). This supervisor only
    keeps slots alive:
    
    - a slot whose daemon exits is restarted after a short backoff; the daemon's
      persisted task state decides what happens next (RESULT_READY is re-sent,
      STARTED is released, never replayed; identities come from the server);
    - fast non-zero exits back off exponentially and pause the slot
      (PAUSED_ERROR) after CRASH_LIMIT;
    - one supervisor (file lock), one daemon per slot (pid check + the daemon's
      own state-dir lock);
    - scale-up follows 1-4-8-16-32 only while resource metrics are readable and
      healthy. Nothing is killed except, on `stop --terminate`, this wall's own
      daemons.
    
    Usage: muse_supervisor.py start 1|4|8|16|32 [--allow-64] [--no-loop] | status |
           stop [--terminate] | resume SLOT|all | canary
    """
&gt;   import fcntl
E   ModuleNotFoundError: No module named 'fcntl'

scripts\mac_worker\muse_supervisor.py:25: ModuleNotFoundError</error></testcase><testcase classname="tests.test_muse_supervisor" name="test_ramp_and_crash_backoff_to_paused" time="0.183"><error message="failed on setup with &quot;ModuleNotFoundError: No module named 'fcntl'&quot;">tmp_path = WindowsPath('C:/Users/lol/AppData/Local/Temp/pytest-of-lol/pytest-447/test_ramp_and_crash_backoff_to0')
monkeypatch = &lt;_pytest.monkeypatch.MonkeyPatch object at 0x00000220892D1F60&gt;

    @pytest.fixture
    def env(tmp_path, monkeypatch):
        monkeypatch.setenv("COURIER_API_KEY", WORKER_KEY)
        monkeypatch.setenv("COURIER_VERIFIER_API_KEY", VERIFIER_KEY)
        monkeypatch.setenv("COURIER_STATE_FILE", str(tmp_path / "central.json"))
        server = load_module(f"srv_{tmp_path.name}", ROOT / "server" / "app.py")
        httpd = make_server("127.0.0.1", 0, server.app, threaded=True)
        threading.Thread(target=httpd.serve_forever, daemon=True).start()
        url = f"http://127.0.0.1:{httpd.server_port}"
    
        muse = tmp_path / "fake_muse.py"
        muse.write_text(FAKE_MUSE)
        (tmp_path / "muse.sh").write_text(f'#!/bin/bash\nexec "{sys.executable}" "{muse}" "$@"\n')
        os.chmod(tmp_path / "muse.sh", 0o755)
        worker_cfg = tmp_path / "worker_config.json"
        worker_cfg.write_text(json.dumps({"WORKER_ID": "unused", "POLL_INTERVAL_SECONDS": 0.1}))
        monkeypatch.setenv("COURIER_SERVER", url)
        monkeypatch.setenv("COURIER_MUSE_CLI", json.dumps({"binary": str(tmp_path / "muse.sh"), "protocol": "headless-v1"}))
        monkeypatch.setenv("FAKE_MUSE_LOG", str(tmp_path / "muse_calls.jsonl"))
        monkeypatch.setenv("COURIER_WALL_DIR", str(tmp_path / "wall"))
&gt;       sup = load_module(f"sup_{tmp_path.name}", SUP_PATH)
              ^^^^^^^^^^^^^^^^^^^^^^^^^^^^^^^^^^^^^^^^^^^^^

tests\test_muse_supervisor.py:69: 
_ _ _ _ _ _ _ _ _ _ _ _ _ _ _ _ _ _ _ _ _ _ _ _ _ _ _ _ _ _ _ _ _ _ _ _ _ _ _ _
tests\test_muse_supervisor.py:40: in load_module
    spec.loader.exec_module(module)
&lt;frozen importlib._bootstrap_external&gt;:759: in exec_module
    ???
&lt;frozen importlib._bootstrap&gt;:491: in _call_with_frames_removed
    ???
_ _ _ _ _ _ _ _ _ _ _ _ _ _ _ _ _ _ _ _ _ _ _ _ _ _ _ _ _ _ _ _ _ _ _ _ _ _ _ _

    #!/usr/bin/env python3
    """Muse slot supervisor on the canonical Courier worker path.
    
    Each slot is one scripts/mac_worker/daemon.py process with its own home
    (&lt;wall&gt;/slots/&lt;SLOT&gt;/), worker id and task state. The daemon does the Courier
    work: /workers/register -&gt; /tasks/claim -&gt; current_task.json (CLAIMED /
    STARTED / RESULT_READY) -&gt; Muse via muse_adapter -&gt; /tasks/result. It exits 0
    after each delivered task (COURIER_WORKER_ONE_TASK=1). This supervisor only
    keeps slots alive:
    
    - a slot whose daemon exits is restarted after a short backoff; the daemon's
      persisted task state decides what happens next (RESULT_READY is re-sent,
      STARTED is released, never replayed; identities come from the server);
    - fast non-zero exits back off exponentially and pause the slot
      (PAUSED_ERROR) after CRASH_LIMIT;
    - one supervisor (file lock), one daemon per slot (pid check + the daemon's
      own state-dir lock);
    - scale-up follows 1-4-8-16-32 only while resource metrics are readable and
      healthy. Nothing is killed except, on `stop --terminate`, this wall's own
      daemons.
    
    Usage: muse_supervisor.py start 1|4|8|16|32 [--allow-64] [--no-loop] | status |
           stop [--terminate] | resume SLOT|all | canary
    """
&gt;   import fcntl
E   ModuleNotFoundError: No module named 'fcntl'

scripts\mac_worker\muse_supervisor.py:25: ModuleNotFoundError</error></testcase><testcase classname="tests.test_muse_supervisor" name="test_four_slots_are_isolated" time="0.141"><error message="failed on setup with &quot;ModuleNotFoundError: No module named 'fcntl'&quot;">tmp_path = WindowsPath('C:/Users/lol/AppData/Local/Temp/pytest-of-lol/pytest-447/test_four_slots_are_isolated0')
monkeypatch = &lt;_pytest.monkeypatch.MonkeyPatch object at 0x00000220892965F0&gt;

    @pytest.fixture
    def env(tmp_path, monkeypatch):
        monkeypatch.setenv("COURIER_API_KEY", WORKER_KEY)
        monkeypatch.setenv("COURIER_VERIFIER_API_KEY", VERIFIER_KEY)
        monkeypatch.setenv("COURIER_STATE_FILE", str(tmp_path / "central.json"))
        server = load_module(f"srv_{tmp_path.name}", ROOT / "server" / "app.py")
        httpd = make_server("127.0.0.1", 0, server.app, threaded=True)
        threading.Thread(target=httpd.serve_forever, daemon=True).start()
        url = f"http://127.0.0.1:{httpd.server_port}"
    
        muse = tmp_path / "fake_muse.py"
        muse.write_text(FAKE_MUSE)
        (tmp_path / "muse.sh").write_text(f'#!/bin/bash\nexec "{sys.executable}" "{muse}" "$@"\n')
        os.chmod(tmp_path / "muse.sh", 0o755)
        worker_cfg = tmp_path / "worker_config.json"
        worker_cfg.write_text(json.dumps({"WORKER_ID": "unused", "POLL_INTERVAL_SECONDS": 0.1}))
        monkeypatch.setenv("COURIER_SERVER", url)
        monkeypatch.setenv("COURIER_MUSE_CLI", json.dumps({"binary": str(tmp_path / "muse.sh"), "protocol": "headless-v1"}))
        monkeypatch.setenv("FAKE_MUSE_LOG", str(tmp_path / "muse_calls.jsonl"))
        monkeypatch.setenv("COURIER_WALL_DIR", str(tmp_path / "wall"))
&gt;       sup = load_module(f"sup_{tmp_path.name}", SUP_PATH)
              ^^^^^^^^^^^^^^^^^^^^^^^^^^^^^^^^^^^^^^^^^^^^^

tests\test_muse_supervisor.py:69: 
_ _ _ _ _ _ _ _ _ _ _ _ _ _ _ _ _ _ _ _ _ _ _ _ _ _ _ _ _ _ _ _ _ _ _ _ _ _ _ _
tests\test_muse_supervisor.py:40: in load_module
    spec.loader.exec_module(module)
&lt;frozen importlib._bootstrap_external&gt;:759: in exec_module
    ???
&lt;frozen importlib._bootstrap&gt;:491: in _call_with_frames_removed
    ???
_ _ _ _ _ _ _ _ _ _ _ _ _ _ _ _ _ _ _ _ _ _ _ _ _ _ _ _ _ _ _ _ _ _ _ _ _ _ _ _

    #!/usr/bin/env python3
    """Muse slot supervisor on the canonical Courier worker path.
    
    Each slot is one scripts/mac_worker/daemon.py process with its own home
    (&lt;wall&gt;/slots/&lt;SLOT&gt;/), worker id and task state. The daemon does the Courier
    work: /workers/register -&gt; /tasks/claim -&gt; current_task.json (CLAIMED /
    STARTED / RESULT_READY) -&gt; Muse via muse_adapter -&gt; /tasks/result. It exits 0
    after each delivered task (COURIER_WORKER_ONE_TASK=1). This supervisor only
    keeps slots alive:
    
    - a slot whose daemon exits is restarted after a short backoff; the daemon's
      persisted task state decides what happens next (RESULT_READY is re-sent,
      STARTED is released, never replayed; identities come from the server);
    - fast non-zero exits back off exponentially and pause the slot
      (PAUSED_ERROR) after CRASH_LIMIT;
    - one supervisor (file lock), one daemon per slot (pid check + the daemon's
      own state-dir lock);
    - scale-up follows 1-4-8-16-32 only while resource metrics are readable and
      healthy. Nothing is killed except, on `stop --terminate`, this wall's own
      daemons.
    
    Usage: muse_supervisor.py start 1|4|8|16|32 [--allow-64] [--no-loop] | status |
           stop [--terminate] | resume SLOT|all | canary
    """
&gt;   import fcntl
E   ModuleNotFoundError: No module named 'fcntl'

scripts\mac_worker\muse_supervisor.py:25: ModuleNotFoundError</error></testcase><testcase classname="tests.test_muse_supervisor" name="test_stop_prevents_restart" time="0.125"><error message="failed on setup with &quot;ModuleNotFoundError: No module named 'fcntl'&quot;">tmp_path = WindowsPath('C:/Users/lol/AppData/Local/Temp/pytest-of-lol/pytest-447/test_stop_prevents_restart0')
monkeypatch = &lt;_pytest.monkeypatch.MonkeyPatch object at 0x000002208928BE00&gt;

    @pytest.fixture
    def env(tmp_path, monkeypatch):
        monkeypatch.setenv("COURIER_API_KEY", WORKER_KEY)
        monkeypatch.setenv("COURIER_VERIFIER_API_KEY", VERIFIER_KEY)
        monkeypatch.setenv("COURIER_STATE_FILE", str(tmp_path / "central.json"))
        server = load_module(f"srv_{tmp_path.name}", ROOT / "server" / "app.py")
        httpd = make_server("127.0.0.1", 0, server.app, threaded=True)
        threading.Thread(target=httpd.serve_forever, daemon=True).start()
        url = f"http://127.0.0.1:{httpd.server_port}"
    
        muse = tmp_path / "fake_muse.py"
        muse.write_text(FAKE_MUSE)
        (tmp_path / "muse.sh").write_text(f'#!/bin/bash\nexec "{sys.executable}" "{muse}" "$@"\n')
        os.chmod(tmp_path / "muse.sh", 0o755)
        worker_cfg = tmp_path / "worker_config.json"
        worker_cfg.write_text(json.dumps({"WORKER_ID": "unused", "POLL_INTERVAL_SECONDS": 0.1}))
        monkeypatch.setenv("COURIER_SERVER", url)
        monkeypatch.setenv("COURIER_MUSE_CLI", json.dumps({"binary": str(tmp_path / "muse.sh"), "protocol": "headless-v1"}))
        monkeypatch.setenv("FAKE_MUSE_LOG", str(tmp_path / "muse_calls.jsonl"))
        monkeypatch.setenv("COURIER_WALL_DIR", str(tmp_path / "wall"))
&gt;       sup = load_module(f"sup_{tmp_path.name}", SUP_PATH)
              ^^^^^^^^^^^^^^^^^^^^^^^^^^^^^^^^^^^^^^^^^^^^^

tests\test_muse_supervisor.py:69: 
_ _ _ _ _ _ _ _ _ _ _ _ _ _ _ _ _ _ _ _ _ _ _ _ _ _ _ _ _ _ _ _ _ _ _ _ _ _ _ _
tests\test_muse_supervisor.py:40: in load_module
    spec.loader.exec_module(module)
&lt;frozen importlib._bootstrap_external&gt;:759: in exec_module
    ???
&lt;frozen importlib._bootstrap&gt;:491: in _call_with_frames_removed
    ???
_ _ _ _ _ _ _ _ _ _ _ _ _ _ _ _ _ _ _ _ _ _ _ _ _ _ _ _ _ _ _ _ _ _ _ _ _ _ _ _

    #!/usr/bin/env python3
    """Muse slot supervisor on the canonical Courier worker path.
    
    Each slot is one scripts/mac_worker/daemon.py process with its own home
    (&lt;wall&gt;/slots/&lt;SLOT&gt;/), worker id and task state. The daemon does the Courier
    work: /workers/register -&gt; /tasks/claim -&gt; current_task.json (CLAIMED /
    STARTED / RESULT_READY) -&gt; Muse via muse_adapter -&gt; /tasks/result. It exits 0
    after each delivered task (COURIER_WORKER_ONE_TASK=1). This supervisor only
    keeps slots alive:
    
    - a slot whose daemon exits is restarted after a short backoff; the daemon's
      persisted task state decides what happens next (RESULT_READY is re-sent,
      STARTED is released, never replayed; identities come from the server);
    - fast non-zero exits back off exponentially and pause the slot
      (PAUSED_ERROR) after CRASH_LIMIT;
    - one supervisor (file lock), one daemon per slot (pid check + the daemon's
      own state-dir lock);
    - scale-up follows 1-4-8-16-32 only while resource metrics are readable and
      healthy. Nothing is killed except, on `stop --terminate`, this wall's own
      daemons.
    
    Usage: muse_supervisor.py start 1|4|8|16|32 [--allow-64] [--no-loop] | status |
           stop [--terminate] | resume SLOT|all | canary
    """
&gt;   import fcntl
E   ModuleNotFoundError: No module named 'fcntl'

scripts\mac_worker\muse_supervisor.py:25: ModuleNotFoundError</error></testcase><testcase classname="tests.test_muse_supervisor" name="test_unconfirmed_prompt_method_fails_closed" time="0.013"><failure message="ModuleNotFoundError: No module named 'fcntl'">def test_unconfirmed_prompt_method_fails_closed():
        sys.path.insert(0, str(ROOT / "scripts" / "mac_worker"))
&gt;       import muse_adapter

tests\test_muse_supervisor.py:288: 
_ _ _ _ _ _ _ _ _ _ _ _ _ _ _ _ _ _ _ _ _ _ _ _ _ _ _ _ _ _ _ _ _ _ _ _ _ _ _ _
scripts\mac_worker\muse_adapter.py:5: in &lt;module&gt;
    from runtime_state import atomic_json, read_object
_ _ _ _ _ _ _ _ _ _ _ _ _ _ _ _ _ _ _ _ _ _ _ _ _ _ _ _ _ _ _ _ _ _ _ _ _ _ _ _

    """Small shared persistence, STOP fencing and process-ownership primitives."""
&gt;   import fcntl
E   ModuleNotFoundError: No module named 'fcntl'

scripts\mac_worker\runtime_state.py:2: ModuleNotFoundError</failure></testcase><testcase classname="tests.test_p3_server_idempotency" name="test_verification_outcome_is_mirrored_into_workflow_step" time="0.129"><failure message="AssertionError: assert 400 == 200&#10; +  where 400 = &lt;WrapperTestResponse streamed [400 BAD REQUEST]&gt;.status_code&#10; +    where &lt;WrapperTestResponse streamed [400 BAD REQUEST]&gt; = post('/tasks/result', headers={'Authorization': 'Bearer test-secret'}, json={'goal_id': 'goal-59f3c310', 'task_id': 'task-1', 'attempt_id': 'task-1:attempt:1', 'dispatch_id': 'dispatch-64dd33fdfe104e889aa9a8da8f0b1a65', ...})&#10; +      where post = &lt;FlaskClient &lt;Flask 'server_app_p3_test_verification_outcome_is_m0'&gt;&gt;.post">srv = &lt;module 'server_app_p3_test_verification_outcome_is_m0' from 'C:\\Users\\lol\\2026-workspace\\2026-courier\\server\\app.py'&gt;

    def test_verification_outcome_is_mirrored_into_workflow_step(srv):
        http, goal_id, task = setup_claimed_task(srv)
        result = durable_result(task)
&gt;       assert http.post("/tasks/result", headers=WORKER, json=result).status_code == 200
E       AssertionError: assert 400 == 200
E        +  where 400 = &lt;WrapperTestResponse streamed [400 BAD REQUEST]&gt;.status_code
E        +    where &lt;WrapperTestResponse streamed [400 BAD REQUEST]&gt; = post('/tasks/result', headers={'Authorization': 'Bearer test-secret'}, json={'goal_id': 'goal-59f3c310', 'task_id': 'task-1', 'attempt_id': 'task-1:attempt:1', 'dispatch_id': 'dispatch-64dd33fdfe104e889aa9a8da8f0b1a65', ...})
E        +      where post = &lt;FlaskClient &lt;Flask 'server_app_p3_test_verification_outcome_is_m0'&gt;&gt;.post

tests\test_p3_server_idempotency.py:47: AssertionError</failure></testcase><testcase classname="tests.test_p3_server_idempotency" name="test_failed_verification_can_be_resumed_with_new_attempt" time="0.157"><failure message="AssertionError: assert 400 == 200&#10; +  where 400 = &lt;WrapperTestResponse streamed [400 BAD REQUEST]&gt;.status_code&#10; +    where &lt;WrapperTestResponse streamed [400 BAD REQUEST]&gt; = post('/tasks/result', headers={'Authorization': 'Bearer test-secret'}, json={'goal_id': 'goal-f4ac1b7c', 'task_id': 'task-1', 'attempt_id': 'task-1:attempt:1', 'dispatch_id': 'dispatch-f1f3607eb3f24c94a24c287cf0dc8949', ...})&#10; +      where post = &lt;FlaskClient &lt;Flask 'server_app_p3_test_failed_verification_can_b0'&gt;&gt;.post">srv = &lt;module 'server_app_p3_test_failed_verification_can_b0' from 'C:\\Users\\lol\\2026-workspace\\2026-courier\\server\\app.py'&gt;

    def test_failed_verification_can_be_resumed_with_new_attempt(srv):
        http, goal_id, task = setup_claimed_task(srv)
        result = durable_result(task)
&gt;       assert http.post("/tasks/result", headers=WORKER, json=result).status_code == 200
E       AssertionError: assert 400 == 200
E        +  where 400 = &lt;WrapperTestResponse streamed [400 BAD REQUEST]&gt;.status_code
E        +    where &lt;WrapperTestResponse streamed [400 BAD REQUEST]&gt; = post('/tasks/result', headers={'Authorization': 'Bearer test-secret'}, json={'goal_id': 'goal-f4ac1b7c', 'task_id': 'task-1', 'attempt_id': 'task-1:attempt:1', 'dispatch_id': 'dispatch-f1f3607eb3f24c94a24c287cf0dc8949', ...})
E        +      where post = &lt;FlaskClient &lt;Flask 'server_app_p3_test_failed_verification_can_b0'&gt;&gt;.post

tests\test_p3_server_idempotency.py:55: AssertionError</failure></testcase><testcase classname="tests.test_p3_server_idempotency" name="test_resume_cannot_force_success_without_bound_evidence" time="0.139"><failure message="AssertionError: assert 400 == 200&#10; +  where 400 = &lt;WrapperTestResponse streamed [400 BAD REQUEST]&gt;.status_code&#10; +    where &lt;WrapperTestResponse streamed [400 BAD REQUEST]&gt; = post('/tasks/result', headers={'Authorization': 'Bearer test-secret'}, json={'goal_id': 'goal-01f586f6', 'task_id': 'task-1', 'attempt_id': 'task-1:attempt:1', 'dispatch_id': 'dispatch-015e835d0b5445a69832ba731e756222', ...})&#10; +      where post = &lt;FlaskClient &lt;Flask 'server_app_p3_test_resume_cannot_force_succe0'&gt;&gt;.post">srv = &lt;module 'server_app_p3_test_resume_cannot_force_succe0' from 'C:\\Users\\lol\\2026-workspace\\2026-courier\\server\\app.py'&gt;

    def test_resume_cannot_force_success_without_bound_evidence(srv):
        http, goal_id, task = setup_claimed_task(srv)
        result = durable_result(task)
&gt;       assert http.post("/tasks/result", headers=WORKER, json=result).status_code == 200
E       AssertionError: assert 400 == 200
E        +  where 400 = &lt;WrapperTestResponse streamed [400 BAD REQUEST]&gt;.status_code
E        +    where &lt;WrapperTestResponse streamed [400 BAD REQUEST]&gt; = post('/tasks/result', headers={'Authorization': 'Bearer test-secret'}, json={'goal_id': 'goal-01f586f6', 'task_id': 'task-1', 'attempt_id': 'task-1:attempt:1', 'dispatch_id': 'dispatch-015e835d0b5445a69832ba731e756222', ...})
E        +      where post = &lt;FlaskClient &lt;Flask 'server_app_p3_test_resume_cannot_force_succe0'&gt;&gt;.post

tests\test_p3_server_idempotency.py:70: AssertionError</failure></testcase><testcase classname="tests.test_p3_server_idempotency" name="test_resume_route_is_registered_when_run_as_script" time="0.093" /><testcase classname="tests.test_p3_server_idempotency" name="test_resent_result_is_acknowledged_idempotently" time="0.171"><failure message="AssertionError: assert 400 == 200&#10; +  where 400 = &lt;WrapperTestResponse streamed [400 BAD REQUEST]&gt;.status_code&#10; +    where &lt;WrapperTestResponse streamed [400 BAD REQUEST]&gt; = post('/tasks/result', headers={'Authorization': 'Bearer test-secret'}, json={'goal_id': 'goal-c93dc218', 'task_id': 'task-1', 'attempt_id': 'task-1:attempt:1', 'dispatch_id': 'dispatch-cd09041bf42b4118bfe0d38729c96c56', ...})&#10; +      where post = &lt;FlaskClient &lt;Flask 'server_app_p3_test_resent_result_is_acknowle0'&gt;&gt;.post">srv = &lt;module 'server_app_p3_test_resent_result_is_acknowle0' from 'C:\\Users\\lol\\2026-workspace\\2026-courier\\server\\app.py'&gt;

    def test_resent_result_is_acknowledged_idempotently(srv):
        http, _, task = setup_claimed_task(srv)
        result = durable_result(task)
&gt;       assert http.post("/tasks/result", headers=WORKER, json=result).status_code == 200
E       AssertionError: assert 400 == 200
E        +  where 400 = &lt;WrapperTestResponse streamed [400 BAD REQUEST]&gt;.status_code
E        +    where &lt;WrapperTestResponse streamed [400 BAD REQUEST]&gt; = post('/tasks/result', headers={'Authorization': 'Bearer test-secret'}, json={'goal_id': 'goal-c93dc218', 'task_id': 'task-1', 'attempt_id': 'task-1:attempt:1', 'dispatch_id': 'dispatch-cd09041bf42b4118bfe0d38729c96c56', ...})
E        +      where post = &lt;FlaskClient &lt;Flask 'server_app_p3_test_resent_result_is_acknowle0'&gt;&gt;.post

tests\test_p3_server_idempotency.py:87: AssertionError</failure></testcase><testcase classname="tests.test_p3_server_idempotency" name="test_conflicting_result_for_processed_task_is_rejected" time="0.147"><failure message="AssertionError: assert 400 == 200&#10; +  where 400 = &lt;WrapperTestResponse streamed [400 BAD REQUEST]&gt;.status_code&#10; +    where &lt;WrapperTestResponse streamed [400 BAD REQUEST]&gt; = post('/tasks/result', headers={'Authorization': 'Bearer test-secret'}, json={'goal_id': 'goal-dd1ee42e', 'task_id': 'task-1', 'attempt_id': 'task-1:attempt:1', 'dispatch_id': 'dispatch-09c441ffdcf742e38cab9b7583bf6862', ...})&#10; +      where post = &lt;FlaskClient &lt;Flask 'server_app_p3_test_conflicting_result_for_pr0'&gt;&gt;.post">srv = &lt;module 'server_app_p3_test_conflicting_result_for_pr0' from 'C:\\Users\\lol\\2026-workspace\\2026-courier\\server\\app.py'&gt;

    def test_conflicting_result_for_processed_task_is_rejected(srv):
        http, _, task = setup_claimed_task(srv)
        result = durable_result(task)
&gt;       assert http.post("/tasks/result", headers=WORKER, json=result).status_code == 200
E       AssertionError: assert 400 == 200
E        +  where 400 = &lt;WrapperTestResponse streamed [400 BAD REQUEST]&gt;.status_code
E        +    where &lt;WrapperTestResponse streamed [400 BAD REQUEST]&gt; = post('/tasks/result', headers={'Authorization': 'Bearer test-secret'}, json={'goal_id': 'goal-dd1ee42e', 'task_id': 'task-1', 'attempt_id': 'task-1:attempt:1', 'dispatch_id': 'dispatch-09c441ffdcf742e38cab9b7583bf6862', ...})
E        +      where post = &lt;FlaskClient &lt;Flask 'server_app_p3_test_conflicting_result_for_pr0'&gt;&gt;.post

tests\test_p3_server_idempotency.py:95: AssertionError</failure></testcase><testcase classname="tests.test_p3_server_idempotency" name="test_resent_failed_result_is_acknowledged_after_requeue" time="0.145"><failure message="AssertionError: assert 400 == 200&#10; +  where 400 = &lt;WrapperTestResponse streamed [400 BAD REQUEST]&gt;.status_code&#10; +    where &lt;WrapperTestResponse streamed [400 BAD REQUEST]&gt; = post('/tasks/result', headers={'Authorization': 'Bearer test-secret'}, json={'goal_id': 'goal-9d16ed7e', 'task_id': 'task-1', 'attempt_id': 'task-1:attempt:1', 'dispatch_id': 'dispatch-1f2700407b39492e96c9b78e7502d2bf', ...})&#10; +      where post = &lt;FlaskClient &lt;Flask 'server_app_p3_test_resent_failed_result_is_a0'&gt;&gt;.post">srv = &lt;module 'server_app_p3_test_resent_failed_result_is_a0' from 'C:\\Users\\lol\\2026-workspace\\2026-courier\\server\\app.py'&gt;

    def test_resent_failed_result_is_acknowledged_after_requeue(srv):
        http, _, task = setup_claimed_task(srv)
        failed = dict(durable_result(task), status="FAILED", artifacts=[])
&gt;       assert http.post("/tasks/result", headers=WORKER, json=failed).status_code == 200
E       AssertionError: assert 400 == 200
E        +  where 400 = &lt;WrapperTestResponse streamed [400 BAD REQUEST]&gt;.status_code
E        +    where &lt;WrapperTestResponse streamed [400 BAD REQUEST]&gt; = post('/tasks/result', headers={'Authorization': 'Bearer test-secret'}, json={'goal_id': 'goal-9d16ed7e', 'task_id': 'task-1', 'attempt_id': 'task-1:attempt:1', 'dispatch_id': 'dispatch-1f2700407b39492e96c9b78e7502d2bf', ...})
E        +      where post = &lt;FlaskClient &lt;Flask 'server_app_p3_test_resent_failed_result_is_a0'&gt;&gt;.post

tests\test_p3_server_idempotency.py:103: AssertionError</failure></testcase><testcase classname="tests.test_p3_server_idempotency" name="test_resent_result_with_different_artifact_order_is_acknowledged" time="0.222"><failure message="AssertionError: Got 400: {&quot;error&quot;:&quot;result is missing: execution_end_at, execution_start_at&quot;}&#10;  &#10;assert 400 == 200&#10; +  where 400 = &lt;WrapperTestResponse streamed [400 BAD REQUEST]&gt;.status_code">srv = &lt;module 'server_app_p3_test_resent_result_with_differ0' from 'C:\\Users\\lol\\2026-workspace\\2026-courier\\server\\app.py'&gt;

    def test_resent_result_with_different_artifact_order_is_acknowledged(srv):
        http, _, task = setup_claimed_task(srv)
        result = durable_result(task)
        # Give it multiple artifacts to ensure order matters
        result["artifacts"] = [{"path": "a.txt", "sha256": "0"*64}, {"path": "b.txt", "sha256": "1"*64}]
        res = http.post("/tasks/result", headers=WORKER, json=result)
&gt;       assert res.status_code == 200, f"Got {res.status_code}: {res.get_data(as_text=True)}"
E       AssertionError: Got 400: {"error":"result is missing: execution_end_at, execution_start_at"}
E         
E       assert 400 == 200
E        +  where 400 = &lt;WrapperTestResponse streamed [400 BAD REQUEST]&gt;.status_code

tests\test_p3_server_idempotency.py:117: AssertionError</failure></testcase><testcase classname="tests.test_p3_server_idempotency" name="test_resent_result_with_different_artifact_key_order_is_acknowledged" time="0.164"><failure message="AssertionError: assert 400 == 200&#10; +  where 400 = &lt;WrapperTestResponse streamed [400 BAD REQUEST]&gt;.status_code&#10; +    where &lt;WrapperTestResponse streamed [400 BAD REQUEST]&gt; = post('/tasks/result', headers={'Authorization': 'Bearer test-secret'}, json={'goal_id': 'goal-7e247ab7', 'task_id': 'task-1', 'attempt_id': 'task-1:attempt:1', 'dispatch_id': 'dispatch-fc97ba1fd8e54e74abf80cc1c6acb4fe', ...})&#10; +      where post = &lt;FlaskClient &lt;Flask 'server_app_p3_test_resent_result_with_differ1'&gt;&gt;.post">srv = &lt;module 'server_app_p3_test_resent_result_with_differ1' from 'C:\\Users\\lol\\2026-workspace\\2026-courier\\server\\app.py'&gt;

    def test_resent_result_with_different_artifact_key_order_is_acknowledged(srv):
        http, _, task = setup_claimed_task(srv)
        result = durable_result(task)
        result["artifacts"] = [{"path": "a.txt", "sha256": "0"*64}]
&gt;       assert http.post("/tasks/result", headers=WORKER, json=result).status_code == 200
E       AssertionError: assert 400 == 200
E        +  where 400 = &lt;WrapperTestResponse streamed [400 BAD REQUEST]&gt;.status_code
E        +    where &lt;WrapperTestResponse streamed [400 BAD REQUEST]&gt; = post('/tasks/result', headers={'Authorization': 'Bearer test-secret'}, json={'goal_id': 'goal-7e247ab7', 'task_id': 'task-1', 'attempt_id': 'task-1:attempt:1', 'dispatch_id': 'dispatch-fc97ba1fd8e54e74abf80cc1c6acb4fe', ...})
E        +      where post = &lt;FlaskClient &lt;Flask 'server_app_p3_test_resent_result_with_differ1'&gt;&gt;.post

tests\test_p3_server_idempotency.py:129: AssertionError</failure></testcase><testcase classname="tests.test_p3_server_idempotency" name="test_verify_with_different_artifact_order_is_accepted" time="0.163"><failure message="AssertionError: assert 400 == 200&#10; +  where 400 = &lt;WrapperTestResponse streamed [400 BAD REQUEST]&gt;.status_code&#10; +    where &lt;WrapperTestResponse streamed [400 BAD REQUEST]&gt; = post('/tasks/result', headers={'Authorization': 'Bearer test-secret'}, json={'goal_id': 'goal-a3054ee5', 'task_id': 'task-1', 'attempt_id': 'task-1:attempt:1', 'dispatch_id': 'dispatch-3957c26aa57c4f96ab0a63915db5f0b3', ...})&#10; +      where post = &lt;FlaskClient &lt;Flask 'server_app_p3_test_verify_with_different_art0'&gt;&gt;.post">srv = &lt;module 'server_app_p3_test_verify_with_different_art0' from 'C:\\Users\\lol\\2026-workspace\\2026-courier\\server\\app.py'&gt;

    def test_verify_with_different_artifact_order_is_accepted(srv):
        http, _, task = setup_claimed_task(srv)
        result = durable_result(task)
        result["artifacts"] = [{"path": "a.txt", "sha256": "0"*64}, {"path": "b.txt", "sha256": "1"*64}]
&gt;       assert http.post("/tasks/result", headers=WORKER, json=result).status_code == 200
E       AssertionError: assert 400 == 200
E        +  where 400 = &lt;WrapperTestResponse streamed [400 BAD REQUEST]&gt;.status_code
E        +    where &lt;WrapperTestResponse streamed [400 BAD REQUEST]&gt; = post('/tasks/result', headers={'Authorization': 'Bearer test-secret'}, json={'goal_id': 'goal-a3054ee5', 'task_id': 'task-1', 'attempt_id': 'task-1:attempt:1', 'dispatch_id': 'dispatch-3957c26aa57c4f96ab0a63915db5f0b3', ...})
E        +      where post = &lt;FlaskClient &lt;Flask 'server_app_p3_test_verify_with_different_art0'&gt;&gt;.post

tests\test_p3_server_idempotency.py:141: AssertionError</failure></testcase><testcase classname="tests.test_p3_server_idempotency" name="test_changed_result_not_duplicate_success" time="0.154"><failure message="AssertionError: assert 400 == 200&#10; +  where 400 = &lt;WrapperTestResponse streamed [400 BAD REQUEST]&gt;.status_code&#10; +    where &lt;WrapperTestResponse streamed [400 BAD REQUEST]&gt; = post('/tasks/result', headers={'Authorization': 'Bearer test-secret'}, json={'goal_id': 'goal-eeeb8263', 'task_id': 'task-1', 'attempt_id': 'task-1:attempt:1', 'dispatch_id': 'dispatch-27e431a631fc49c7be4966386e3f88f0', ...})&#10; +      where post = &lt;FlaskClient &lt;Flask 'server_app_p3_test_changed_result_not_duplic0'&gt;&gt;.post">srv = &lt;module 'server_app_p3_test_changed_result_not_duplic0' from 'C:\\Users\\lol\\2026-workspace\\2026-courier\\server\\app.py'&gt;

    def test_changed_result_not_duplicate_success(srv):
        http, _, task = setup_claimed_task(srv)
        result = durable_result(task)
&gt;       assert http.post("/tasks/result", headers=WORKER, json=result).status_code == 200
E       AssertionError: assert 400 == 200
E        +  where 400 = &lt;WrapperTestResponse streamed [400 BAD REQUEST]&gt;.status_code
E        +    where &lt;WrapperTestResponse streamed [400 BAD REQUEST]&gt; = post('/tasks/result', headers={'Authorization': 'Bearer test-secret'}, json={'goal_id': 'goal-eeeb8263', 'task_id': 'task-1', 'attempt_id': 'task-1:attempt:1', 'dispatch_id': 'dispatch-27e431a631fc49c7be4966386e3f88f0', ...})
E        +      where post = &lt;FlaskClient &lt;Flask 'server_app_p3_test_changed_result_not_duplic0'&gt;&gt;.post

tests\test_p3_server_idempotency.py:156: AssertionError</failure></testcase><testcase classname="tests.test_p3_server_idempotency" name="test_unregistered_worker_stays_stopped_despite_heartbeat" time="0.287" /><testcase classname="tests.test_p3_server_idempotency" name="test_stale_worker_tasks_are_quarantined" time="0.211" /><testcase classname="tests.test_p3_server_idempotency" name="test_hung_task_abandonment_requeues_task" time="0.169"><failure message="AssertionError: assert 400 == 200&#10; +  where 400 = &lt;WrapperTestResponse streamed [400 BAD REQUEST]&gt;.status_code&#10; +    where &lt;WrapperTestResponse streamed [400 BAD REQUEST]&gt; = post('/tasks/result', headers={'Authorization': 'Bearer test-secret'}, json={'goal_id': 'goal-c09e3467', 'task_id': 'task-1', 'attempt_id': 'task-1:attempt:1', 'dispatch_id': 'dispatch-d4bf0fc1314b4673b42fdd5f59c3cfdf', ...})&#10; +      where post = &lt;FlaskClient &lt;Flask 'server_app_p3_test_hung_task_abandonment_req0'&gt;&gt;.post">srv = &lt;module 'server_app_p3_test_hung_task_abandonment_req0' from 'C:\\Users\\lol\\2026-workspace\\2026-courier\\server\\app.py'&gt;

    def test_hung_task_abandonment_requeues_task(srv):
        http, goal_id, task = setup_claimed_task(srv)
        failed = dict(durable_result(task), status="FAILED", error="TIMEOUT_HUNG_TASK", artifacts=[])
&gt;       assert http.post("/tasks/result", headers=WORKER, json=failed).status_code == 200
E       AssertionError: assert 400 == 200
E        +  where 400 = &lt;WrapperTestResponse streamed [400 BAD REQUEST]&gt;.status_code
E        +    where &lt;WrapperTestResponse streamed [400 BAD REQUEST]&gt; = post('/tasks/result', headers={'Authorization': 'Bearer test-secret'}, json={'goal_id': 'goal-c09e3467', 'task_id': 'task-1', 'attempt_id': 'task-1:attempt:1', 'dispatch_id': 'dispatch-d4bf0fc1314b4673b42fdd5f59c3cfdf', ...})
E        +      where post = &lt;FlaskClient &lt;Flask 'server_app_p3_test_hung_task_abandonment_req0'&gt;&gt;.post

tests\test_p3_server_idempotency.py:201: AssertionError</failure></testcase><testcase classname="tests.test_queue_processor" name="test_process_queue_success" time="0.018" /><testcase classname="tests.test_queue_processor" name="test_process_queue_systemexit_continues_batch" time="0.017" /><testcase classname="tests.test_queue_processor" name="test_process_queue_empty" time="0.005" /><testcase classname="tests.test_queue_processor" name="test_process_queue_error" time="0.028" /><testcase classname="tests.test_resource_policy_mission_093.TestMission093And095And097HardenedPolicy" name="test_01_canonical_policy_defaults" time="0.023" /><testcase classname="tests.test_resource_policy_mission_093.TestMission093And095And097HardenedPolicy" name="test_02_cost_gate_blocks_unauthorized_resources_and_spend" time="0.015" /><testcase classname="tests.test_resource_policy_mission_093.TestMission093And095And097HardenedPolicy" name="test_03_atomic_multiprocess_new_lease" time="1.512" /><testcase classname="tests.test_resource_policy_mission_093.TestMission093And095And097HardenedPolicy" name="test_03b_atomic_expired_lease_reclaim_single_winner" time="1.891" /><testcase classname="tests.test_resource_policy_mission_093.TestMission093And095And097HardenedPolicy" name="test_04_cached_result_integrity_and_fail_closed_checks" time="0.110" /><testcase classname="tests.test_resource_policy_mission_093.TestMission093And095And097HardenedPolicy" name="test_05_cost_safe_iteration_limits_and_fallback" time="0.069" /><testcase classname="tests.test_resource_policy_mission_093.TestMission093And095And097HardenedPolicy" name="test_06_file_manifest_hash_tracking" time="0.122" /><testcase classname="tests.test_resource_policy_mission_093.TestMission093And095And097HardenedPolicy" name="test_07_compact_chief_context_package" time="0.056" /><testcase classname="tests.test_resource_policy_mission_093.TestMission093And095And097HardenedPolicy" name="test_08_review_dedupe_tracker" time="0.011" /><testcase classname="tests.test_resource_policy_mission_093.TestMission093And095And097HardenedPolicy" name="test_09_academy_audit_evidence_not_ignored" time="0.091" /><testcase classname="tests.test_result_identity_binding" name="test_verified_effect_is_bound_to_exact_attempt_and_dispatch" time="0.029" /><testcase classname="tests.test_result_identity_binding" name="test_prior_attempt_or_dispatch_evidence_fails_closed[attempt_id]" time="0.226" /><testcase classname="tests.test_result_identity_binding" name="test_prior_attempt_or_dispatch_evidence_fails_closed[dispatch_id]" time="0.047" /><testcase classname="tests.test_script_credentials" name="test_no_leaked_credential_in_tracked_source" time="0.585" /><testcase classname="tests.test_script_credentials" name="test_scripts_read_key_from_environment[deploy/install_mac_runtime.sh]" time="0.004" /><testcase classname="tests.test_script_credentials" name="test_scripts_read_key_from_environment[scripts/setup_local_autonomy.sh]" time="0.003" /><testcase classname="tests.test_script_credentials" name="test_scripts_read_key_from_environment[scripts/revenue_v1_goal.sh]" time="0.003" /><testcase classname="tests.test_script_credentials" name="test_missing_key_fails_closed_before_side_effects[None-deploy/install_mac_runtime.sh]" time="0.085"><failure message="FileNotFoundError: [WinError 2] Das System kann die angegebene Datei nicht finden">script = 'deploy/install_mac_runtime.sh', key = None
tmp_path = WindowsPath('C:/Users/lol/AppData/Local/Temp/pytest-of-lol/pytest-447/test_missing_key_fails_closed_0')

    @pytest.mark.parametrize("script", SCRIPTS)
    @pytest.mark.parametrize("key", [None, "", "   "])
    def test_missing_key_fails_closed_before_side_effects(script, key, tmp_path):
        # Fake HOME and PATH-shadowed tools prove nothing runs past the guard.
        bindir = tmp_path / "bin"
        bindir.mkdir()
        marker = tmp_path / "called"
        for tool in ("curl", "launchctl", "rm", "cp", "mkdir", "cat"):
            p = bindir / tool
            p.write_text(f"#!/bin/sh\necho {tool} &gt;&gt; {marker}\n")
            p.chmod(0o755)
        env = {"PATH": f"{bindir}:/usr/bin:/bin", "HOME": str(tmp_path), "COURIER_VERIFIER_API_KEY": DUMMY}
        if key is not None:
            env["COURIER_API_KEY"] = key
&gt;       r = subprocess.run(["bash", str(ROOT / script)], env=env, capture_output=True, text=True, timeout=30)
            ^^^^^^^^^^^^^^^^^^^^^^^^^^^^^^^^^^^^^^^^^^^^^^^^^^^^^^^^^^^^^^^^^^^^^^^^^^^^^^^^^^^^^^^^^^^^^^^^^

tests\test_script_credentials.py:52: 
_ _ _ _ _ _ _ _ _ _ _ _ _ _ _ _ _ _ _ _ _ _ _ _ _ _ _ _ _ _ _ _ _ _ _ _ _ _ _ _
..\..\AppData\Roaming\uv\python\cpython-3.14-windows-x86_64-none\Lib\subprocess.py:555: in run
    with Popen(*popenargs, **kwargs) as process:
         ^^^^^^^^^^^^^^^^^^^^^^^^^^^
..\..\AppData\Roaming\uv\python\cpython-3.14-windows-x86_64-none\Lib\subprocess.py:1039: in __init__
    self._execute_child(args, executable, preexec_fn, close_fds,
_ _ _ _ _ _ _ _ _ _ _ _ _ _ _ _ _ _ _ _ _ _ _ _ _ _ _ _ _ _ _ _ _ _ _ _ _ _ _ _

self = &lt;Popen: returncode: None args: ['bash', 'C:\\Users\\lol\\2026-workspace\\202...&gt;
args = 'bash C:\\Users\\lol\\2026-workspace\\2026-courier\\deploy\\install_mac_runtime.sh'
executable = None, preexec_fn = None, close_fds = False, pass_fds = ()
cwd = None
env = {'PATH': 'C:\\Users\\lol\\AppData\\Local\\Temp\\pytest-of-lol\\pytest-447\\test_missing_key_fails_closed_0\\bin:/usr/b...mp\\pytest-of-lol\\pytest-447\\test_missing_key_fails_closed_0', 'COURIER_VERIFIER_API_KEY': 'dummy-test-key-not-real'}
startupinfo = &lt;subprocess.STARTUPINFO object at 0x0000022089476C60&gt;
creationflags = 0, shell = False, p2cread = Handle(868), p2cwrite = -1
c2pread = 11, c2pwrite = Handle(1004), errread = 12, errwrite = Handle(944)
unused_restore_signals = True, unused_gid = None, unused_gids = None
unused_uid = None, unused_umask = -1, unused_start_new_session = False
unused_process_group = -1

    def _execute_child(self, args, executable, preexec_fn, close_fds,
                       pass_fds, cwd, env,
                       startupinfo, creationflags, shell,
                       p2cread, p2cwrite,
                       c2pread, c2pwrite,
                       errread, errwrite,
                       unused_restore_signals,
                       unused_gid, unused_gids, unused_uid,
                       unused_umask,
                       unused_start_new_session, unused_process_group):
        """Execute program (MS Windows version)"""
    
        assert not pass_fds, "pass_fds not supported on Windows."
    
        if isinstance(args, str):
            pass
        elif isinstance(args, bytes):
            if shell:
                raise TypeError('bytes args is not allowed on Windows')
            args = list2cmdline([args])
        elif isinstance(args, os.PathLike):
            if shell:
                raise TypeError('path-like args is not allowed when '
                                'shell is true')
            args = list2cmdline([args])
        else:
            args = list2cmdline(args)
    
        if executable is not None:
            executable = os.fsdecode(executable)
    
        # Process startup details
        if startupinfo is None:
            startupinfo = STARTUPINFO()
        else:
            # bpo-34044: Copy STARTUPINFO since it is modified above,
            # so the caller can reuse it multiple times.
            startupinfo = startupinfo.copy()
    
        use_std_handles = -1 not in (p2cread, c2pwrite, errwrite)
        if use_std_handles:
            startupinfo.dwFlags |= _winapi.STARTF_USESTDHANDLES
            startupinfo.hStdInput = p2cread
            startupinfo.hStdOutput = c2pwrite
            startupinfo.hStdError = errwrite
    
        attribute_list = startupinfo.lpAttributeList
        have_handle_list = bool(attribute_list and
                                "handle_list" in attribute_list and
                                attribute_list["handle_list"])
    
        # If we were given an handle_list or need to create one
        if have_handle_list or (use_std_handles and close_fds):
            if attribute_list is None:
                attribute_list = startupinfo.lpAttributeList = {}
            handle_list = attribute_list["handle_list"] = \
                list(attribute_list.get("handle_list", []))
    
            if use_std_handles:
                handle_list += [int(p2cread), int(c2pwrite), int(errwrite)]
    
            handle_list[:] = self._filter_handle_list(handle_list)
    
            if handle_list:
                if not close_fds:
                    warnings.warn("startupinfo.lpAttributeList['handle_list'] "
                                  "overriding close_fds", RuntimeWarning)
    
                # When using the handle_list we always request to inherit
                # handles but the only handles that will be inherited are
                # the ones in the handle_list
                close_fds = False
    
        if shell:
            startupinfo.dwFlags |= _winapi.STARTF_USESHOWWINDOW
            startupinfo.wShowWindow = _winapi.SW_HIDE
            if not executable:
                # gh-101283: without a fully-qualified path, before Windows
                # checks the system directories, it first looks in the
                # application directory, and also the current directory if
                # NeedCurrentDirectoryForExePathW(ExeName) is true, so try
                # to avoid executing unqualified "cmd.exe".
                comspec = os.environ.get('ComSpec')
                if not comspec:
                    system_root = os.environ.get('SystemRoot', '')
                    comspec = os.path.join(system_root, 'System32', 'cmd.exe')
                    if not os.path.isabs(comspec):
                        raise FileNotFoundError('shell not found: neither %ComSpec% nor %SystemRoot% is set')
                if os.path.isabs(comspec):
                    executable = comspec
            else:
                comspec = executable
    
            args = '{} /c "{}"'.format (comspec, args)
    
        if cwd is not None:
            cwd = os.fsdecode(cwd)
    
        sys.audit("subprocess.Popen", executable, args, cwd, env)
    
        # Start the process
        try:
&gt;           hp, ht, pid, tid = _winapi.CreateProcess(executable, args,
                                     # no special security
                                     None, None,
                                     int(not close_fds),
                                     creationflags,
                                     env,
                                     cwd,
                                     startupinfo)
E                                    FileNotFoundError: [WinError 2] Das System kann die angegebene Datei nicht finden

..\..\AppData\Roaming\uv\python\cpython-3.14-windows-x86_64-none\Lib\subprocess.py:1553: FileNotFoundError</failure></testcase><testcase classname="tests.test_script_credentials" name="test_missing_key_fails_closed_before_side_effects[None-scripts/setup_local_autonomy.sh]" time="0.033"><failure message="FileNotFoundError: [WinError 2] Das System kann die angegebene Datei nicht finden">script = 'scripts/setup_local_autonomy.sh', key = None
tmp_path = WindowsPath('C:/Users/lol/AppData/Local/Temp/pytest-of-lol/pytest-447/test_missing_key_fails_closed_1')

    @pytest.mark.parametrize("script", SCRIPTS)
    @pytest.mark.parametrize("key", [None, "", "   "])
    def test_missing_key_fails_closed_before_side_effects(script, key, tmp_path):
        # Fake HOME and PATH-shadowed tools prove nothing runs past the guard.
        bindir = tmp_path / "bin"
        bindir.mkdir()
        marker = tmp_path / "called"
        for tool in ("curl", "launchctl", "rm", "cp", "mkdir", "cat"):
            p = bindir / tool
            p.write_text(f"#!/bin/sh\necho {tool} &gt;&gt; {marker}\n")
            p.chmod(0o755)
        env = {"PATH": f"{bindir}:/usr/bin:/bin", "HOME": str(tmp_path), "COURIER_VERIFIER_API_KEY": DUMMY}
        if key is not None:
            env["COURIER_API_KEY"] = key
&gt;       r = subprocess.run(["bash", str(ROOT / script)], env=env, capture_output=True, text=True, timeout=30)
            ^^^^^^^^^^^^^^^^^^^^^^^^^^^^^^^^^^^^^^^^^^^^^^^^^^^^^^^^^^^^^^^^^^^^^^^^^^^^^^^^^^^^^^^^^^^^^^^^^

tests\test_script_credentials.py:52: 
_ _ _ _ _ _ _ _ _ _ _ _ _ _ _ _ _ _ _ _ _ _ _ _ _ _ _ _ _ _ _ _ _ _ _ _ _ _ _ _
..\..\AppData\Roaming\uv\python\cpython-3.14-windows-x86_64-none\Lib\subprocess.py:555: in run
    with Popen(*popenargs, **kwargs) as process:
         ^^^^^^^^^^^^^^^^^^^^^^^^^^^
..\..\AppData\Roaming\uv\python\cpython-3.14-windows-x86_64-none\Lib\subprocess.py:1039: in __init__
    self._execute_child(args, executable, preexec_fn, close_fds,
_ _ _ _ _ _ _ _ _ _ _ _ _ _ _ _ _ _ _ _ _ _ _ _ _ _ _ _ _ _ _ _ _ _ _ _ _ _ _ _

self = &lt;Popen: returncode: None args: ['bash', 'C:\\Users\\lol\\2026-workspace\\202...&gt;
args = 'bash C:\\Users\\lol\\2026-workspace\\2026-courier\\scripts\\setup_local_autonomy.sh'
executable = None, preexec_fn = None, close_fds = False, pass_fds = ()
cwd = None
env = {'PATH': 'C:\\Users\\lol\\AppData\\Local\\Temp\\pytest-of-lol\\pytest-447\\test_missing_key_fails_closed_1\\bin:/usr/b...mp\\pytest-of-lol\\pytest-447\\test_missing_key_fails_closed_1', 'COURIER_VERIFIER_API_KEY': 'dummy-test-key-not-real'}
startupinfo = &lt;subprocess.STARTUPINFO object at 0x00000220894759A0&gt;
creationflags = 0, shell = False, p2cread = Handle(704), p2cwrite = -1
c2pread = 11, c2pwrite = Handle(928), errread = 12, errwrite = Handle(992)
unused_restore_signals = True, unused_gid = None, unused_gids = None
unused_uid = None, unused_umask = -1, unused_start_new_session = False
unused_process_group = -1

    def _execute_child(self, args, executable, preexec_fn, close_fds,
                       pass_fds, cwd, env,
                       startupinfo, creationflags, shell,
                       p2cread, p2cwrite,
                       c2pread, c2pwrite,
                       errread, errwrite,
                       unused_restore_signals,
                       unused_gid, unused_gids, unused_uid,
                       unused_umask,
                       unused_start_new_session, unused_process_group):
        """Execute program (MS Windows version)"""
    
        assert not pass_fds, "pass_fds not supported on Windows."
    
        if isinstance(args, str):
            pass
        elif isinstance(args, bytes):
            if shell:
                raise TypeError('bytes args is not allowed on Windows')
            args = list2cmdline([args])
        elif isinstance(args, os.PathLike):
            if shell:
                raise TypeError('path-like args is not allowed when '
                                'shell is true')
            args = list2cmdline([args])
        else:
            args = list2cmdline(args)
    
        if executable is not None:
            executable = os.fsdecode(executable)
    
        # Process startup details
        if startupinfo is None:
            startupinfo = STARTUPINFO()
        else:
            # bpo-34044: Copy STARTUPINFO since it is modified above,
            # so the caller can reuse it multiple times.
            startupinfo = startupinfo.copy()
    
        use_std_handles = -1 not in (p2cread, c2pwrite, errwrite)
        if use_std_handles:
            startupinfo.dwFlags |= _winapi.STARTF_USESTDHANDLES
            startupinfo.hStdInput = p2cread
            startupinfo.hStdOutput = c2pwrite
            startupinfo.hStdError = errwrite
    
        attribute_list = startupinfo.lpAttributeList
        have_handle_list = bool(attribute_list and
                                "handle_list" in attribute_list and
                                attribute_list["handle_list"])
    
        # If we were given an handle_list or need to create one
        if have_handle_list or (use_std_handles and close_fds):
            if attribute_list is None:
                attribute_list = startupinfo.lpAttributeList = {}
            handle_list = attribute_list["handle_list"] = \
                list(attribute_list.get("handle_list", []))
    
            if use_std_handles:
                handle_list += [int(p2cread), int(c2pwrite), int(errwrite)]
    
            handle_list[:] = self._filter_handle_list(handle_list)
    
            if handle_list:
                if not close_fds:
                    warnings.warn("startupinfo.lpAttributeList['handle_list'] "
                                  "overriding close_fds", RuntimeWarning)
    
                # When using the handle_list we always request to inherit
                # handles but the only handles that will be inherited are
                # the ones in the handle_list
                close_fds = False
    
        if shell:
            startupinfo.dwFlags |= _winapi.STARTF_USESHOWWINDOW
            startupinfo.wShowWindow = _winapi.SW_HIDE
            if not executable:
                # gh-101283: without a fully-qualified path, before Windows
                # checks the system directories, it first looks in the
                # application directory, and also the current directory if
                # NeedCurrentDirectoryForExePathW(ExeName) is true, so try
                # to avoid executing unqualified "cmd.exe".
                comspec = os.environ.get('ComSpec')
                if not comspec:
                    system_root = os.environ.get('SystemRoot', '')
                    comspec = os.path.join(system_root, 'System32', 'cmd.exe')
                    if not os.path.isabs(comspec):
                        raise FileNotFoundError('shell not found: neither %ComSpec% nor %SystemRoot% is set')
                if os.path.isabs(comspec):
                    executable = comspec
            else:
                comspec = executable
    
            args = '{} /c "{}"'.format (comspec, args)
    
        if cwd is not None:
            cwd = os.fsdecode(cwd)
    
        sys.audit("subprocess.Popen", executable, args, cwd, env)
    
        # Start the process
        try:
&gt;           hp, ht, pid, tid = _winapi.CreateProcess(executable, args,
                                     # no special security
                                     None, None,
                                     int(not close_fds),
                                     creationflags,
                                     env,
                                     cwd,
                                     startupinfo)
E                                    FileNotFoundError: [WinError 2] Das System kann die angegebene Datei nicht finden

..\..\AppData\Roaming\uv\python\cpython-3.14-windows-x86_64-none\Lib\subprocess.py:1553: FileNotFoundError</failure></testcase><testcase classname="tests.test_script_credentials" name="test_missing_key_fails_closed_before_side_effects[None-scripts/revenue_v1_goal.sh]" time="0.026"><failure message="FileNotFoundError: [WinError 2] Das System kann die angegebene Datei nicht finden">script = 'scripts/revenue_v1_goal.sh', key = None
tmp_path = WindowsPath('C:/Users/lol/AppData/Local/Temp/pytest-of-lol/pytest-447/test_missing_key_fails_closed_2')

    @pytest.mark.parametrize("script", SCRIPTS)
    @pytest.mark.parametrize("key", [None, "", "   "])
    def test_missing_key_fails_closed_before_side_effects(script, key, tmp_path):
        # Fake HOME and PATH-shadowed tools prove nothing runs past the guard.
        bindir = tmp_path / "bin"
        bindir.mkdir()
        marker = tmp_path / "called"
        for tool in ("curl", "launchctl", "rm", "cp", "mkdir", "cat"):
            p = bindir / tool
            p.write_text(f"#!/bin/sh\necho {tool} &gt;&gt; {marker}\n")
            p.chmod(0o755)
        env = {"PATH": f"{bindir}:/usr/bin:/bin", "HOME": str(tmp_path), "COURIER_VERIFIER_API_KEY": DUMMY}
        if key is not None:
            env["COURIER_API_KEY"] = key
&gt;       r = subprocess.run(["bash", str(ROOT / script)], env=env, capture_output=True, text=True, timeout=30)
            ^^^^^^^^^^^^^^^^^^^^^^^^^^^^^^^^^^^^^^^^^^^^^^^^^^^^^^^^^^^^^^^^^^^^^^^^^^^^^^^^^^^^^^^^^^^^^^^^^

tests\test_script_credentials.py:52: 
_ _ _ _ _ _ _ _ _ _ _ _ _ _ _ _ _ _ _ _ _ _ _ _ _ _ _ _ _ _ _ _ _ _ _ _ _ _ _ _
..\..\AppData\Roaming\uv\python\cpython-3.14-windows-x86_64-none\Lib\subprocess.py:555: in run
    with Popen(*popenargs, **kwargs) as process:
         ^^^^^^^^^^^^^^^^^^^^^^^^^^^
..\..\AppData\Roaming\uv\python\cpython-3.14-windows-x86_64-none\Lib\subprocess.py:1039: in __init__
    self._execute_child(args, executable, preexec_fn, close_fds,
_ _ _ _ _ _ _ _ _ _ _ _ _ _ _ _ _ _ _ _ _ _ _ _ _ _ _ _ _ _ _ _ _ _ _ _ _ _ _ _

self = &lt;Popen: returncode: None args: ['bash', 'C:\\Users\\lol\\2026-workspace\\202...&gt;
args = 'bash C:\\Users\\lol\\2026-workspace\\2026-courier\\scripts\\revenue_v1_goal.sh'
executable = None, preexec_fn = None, close_fds = False, pass_fds = ()
cwd = None
env = {'PATH': 'C:\\Users\\lol\\AppData\\Local\\Temp\\pytest-of-lol\\pytest-447\\test_missing_key_fails_closed_2\\bin:/usr/b...mp\\pytest-of-lol\\pytest-447\\test_missing_key_fails_closed_2', 'COURIER_VERIFIER_API_KEY': 'dummy-test-key-not-real'}
startupinfo = &lt;subprocess.STARTUPINFO object at 0x00000220895802F0&gt;
creationflags = 0, shell = False, p2cread = Handle(1008), p2cwrite = -1
c2pread = 11, c2pwrite = Handle(964), errread = 12, errwrite = Handle(972)
unused_restore_signals = True, unused_gid = None, unused_gids = None
unused_uid = None, unused_umask = -1, unused_start_new_session = False
unused_process_group = -1

    def _execute_child(self, args, executable, preexec_fn, close_fds,
                       pass_fds, cwd, env,
                       startupinfo, creationflags, shell,
                       p2cread, p2cwrite,
                       c2pread, c2pwrite,
                       errread, errwrite,
                       unused_restore_signals,
                       unused_gid, unused_gids, unused_uid,
                       unused_umask,
                       unused_start_new_session, unused_process_group):
        """Execute program (MS Windows version)"""
    
        assert not pass_fds, "pass_fds not supported on Windows."
    
        if isinstance(args, str):
            pass
        elif isinstance(args, bytes):
            if shell:
                raise TypeError('bytes args is not allowed on Windows')
            args = list2cmdline([args])
        elif isinstance(args, os.PathLike):
            if shell:
                raise TypeError('path-like args is not allowed when '
                                'shell is true')
            args = list2cmdline([args])
        else:
            args = list2cmdline(args)
    
        if executable is not None:
            executable = os.fsdecode(executable)
    
        # Process startup details
        if startupinfo is None:
            startupinfo = STARTUPINFO()
        else:
            # bpo-34044: Copy STARTUPINFO since it is modified above,
            # so the caller can reuse it multiple times.
            startupinfo = startupinfo.copy()
    
        use_std_handles = -1 not in (p2cread, c2pwrite, errwrite)
        if use_std_handles:
            startupinfo.dwFlags |= _winapi.STARTF_USESTDHANDLES
            startupinfo.hStdInput = p2cread
            startupinfo.hStdOutput = c2pwrite
            startupinfo.hStdError = errwrite
    
        attribute_list = startupinfo.lpAttributeList
        have_handle_list = bool(attribute_list and
                                "handle_list" in attribute_list and
                                attribute_list["handle_list"])
    
        # If we were given an handle_list or need to create one
        if have_handle_list or (use_std_handles and close_fds):
            if attribute_list is None:
                attribute_list = startupinfo.lpAttributeList = {}
            handle_list = attribute_list["handle_list"] = \
                list(attribute_list.get("handle_list", []))
    
            if use_std_handles:
                handle_list += [int(p2cread), int(c2pwrite), int(errwrite)]
    
            handle_list[:] = self._filter_handle_list(handle_list)
    
            if handle_list:
                if not close_fds:
                    warnings.warn("startupinfo.lpAttributeList['handle_list'] "
                                  "overriding close_fds", RuntimeWarning)
    
                # When using the handle_list we always request to inherit
                # handles but the only handles that will be inherited are
                # the ones in the handle_list
                close_fds = False
    
        if shell:
            startupinfo.dwFlags |= _winapi.STARTF_USESHOWWINDOW
            startupinfo.wShowWindow = _winapi.SW_HIDE
            if not executable:
                # gh-101283: without a fully-qualified path, before Windows
                # checks the system directories, it first looks in the
                # application directory, and also the current directory if
                # NeedCurrentDirectoryForExePathW(ExeName) is true, so try
                # to avoid executing unqualified "cmd.exe".
                comspec = os.environ.get('ComSpec')
                if not comspec:
                    system_root = os.environ.get('SystemRoot', '')
                    comspec = os.path.join(system_root, 'System32', 'cmd.exe')
                    if not os.path.isabs(comspec):
                        raise FileNotFoundError('shell not found: neither %ComSpec% nor %SystemRoot% is set')
                if os.path.isabs(comspec):
                    executable = comspec
            else:
                comspec = executable
    
            args = '{} /c "{}"'.format (comspec, args)
    
        if cwd is not None:
            cwd = os.fsdecode(cwd)
    
        sys.audit("subprocess.Popen", executable, args, cwd, env)
    
        # Start the process
        try:
&gt;           hp, ht, pid, tid = _winapi.CreateProcess(executable, args,
                                     # no special security
                                     None, None,
                                     int(not close_fds),
                                     creationflags,
                                     env,
                                     cwd,
                                     startupinfo)
E                                    FileNotFoundError: [WinError 2] Das System kann die angegebene Datei nicht finden

..\..\AppData\Roaming\uv\python\cpython-3.14-windows-x86_64-none\Lib\subprocess.py:1553: FileNotFoundError</failure></testcase><testcase classname="tests.test_script_credentials" name="test_missing_key_fails_closed_before_side_effects[-deploy/install_mac_runtime.sh]" time="0.030"><failure message="FileNotFoundError: [WinError 2] Das System kann die angegebene Datei nicht finden">script = 'deploy/install_mac_runtime.sh', key = ''
tmp_path = WindowsPath('C:/Users/lol/AppData/Local/Temp/pytest-of-lol/pytest-447/test_missing_key_fails_closed_3')

    @pytest.mark.parametrize("script", SCRIPTS)
    @pytest.mark.parametrize("key", [None, "", "   "])
    def test_missing_key_fails_closed_before_side_effects(script, key, tmp_path):
        # Fake HOME and PATH-shadowed tools prove nothing runs past the guard.
        bindir = tmp_path / "bin"
        bindir.mkdir()
        marker = tmp_path / "called"
        for tool in ("curl", "launchctl", "rm", "cp", "mkdir", "cat"):
            p = bindir / tool
            p.write_text(f"#!/bin/sh\necho {tool} &gt;&gt; {marker}\n")
            p.chmod(0o755)
        env = {"PATH": f"{bindir}:/usr/bin:/bin", "HOME": str(tmp_path), "COURIER_VERIFIER_API_KEY": DUMMY}
        if key is not None:
            env["COURIER_API_KEY"] = key
&gt;       r = subprocess.run(["bash", str(ROOT / script)], env=env, capture_output=True, text=True, timeout=30)
            ^^^^^^^^^^^^^^^^^^^^^^^^^^^^^^^^^^^^^^^^^^^^^^^^^^^^^^^^^^^^^^^^^^^^^^^^^^^^^^^^^^^^^^^^^^^^^^^^^

tests\test_script_credentials.py:52: 
_ _ _ _ _ _ _ _ _ _ _ _ _ _ _ _ _ _ _ _ _ _ _ _ _ _ _ _ _ _ _ _ _ _ _ _ _ _ _ _
..\..\AppData\Roaming\uv\python\cpython-3.14-windows-x86_64-none\Lib\subprocess.py:555: in run
    with Popen(*popenargs, **kwargs) as process:
         ^^^^^^^^^^^^^^^^^^^^^^^^^^^
..\..\AppData\Roaming\uv\python\cpython-3.14-windows-x86_64-none\Lib\subprocess.py:1039: in __init__
    self._execute_child(args, executable, preexec_fn, close_fds,
_ _ _ _ _ _ _ _ _ _ _ _ _ _ _ _ _ _ _ _ _ _ _ _ _ _ _ _ _ _ _ _ _ _ _ _ _ _ _ _

self = &lt;Popen: returncode: None args: ['bash', 'C:\\Users\\lol\\2026-workspace\\202...&gt;
args = 'bash C:\\Users\\lol\\2026-workspace\\2026-courier\\deploy\\install_mac_runtime.sh'
executable = None, preexec_fn = None, close_fds = False, pass_fds = ()
cwd = None
env = {'PATH': 'C:\\Users\\lol\\AppData\\Local\\Temp\\pytest-of-lol\\pytest-447\\test_missing_key_fails_closed_3\\bin:/usr/b...st-447\\test_missing_key_fails_closed_3', 'COURIER_VERIFIER_API_KEY': 'dummy-test-key-not-real', 'COURIER_API_KEY': ''}
startupinfo = &lt;subprocess.STARTUPINFO object at 0x00000220895827B0&gt;
creationflags = 0, shell = False, p2cread = Handle(968), p2cwrite = -1
c2pread = 11, c2pwrite = Handle(908), errread = 12, errwrite = Handle(972)
unused_restore_signals = True, unused_gid = None, unused_gids = None
unused_uid = None, unused_umask = -1, unused_start_new_session = False
unused_process_group = -1

    def _execute_child(self, args, executable, preexec_fn, close_fds,
                       pass_fds, cwd, env,
                       startupinfo, creationflags, shell,
                       p2cread, p2cwrite,
                       c2pread, c2pwrite,
                       errread, errwrite,
                       unused_restore_signals,
                       unused_gid, unused_gids, unused_uid,
                       unused_umask,
                       unused_start_new_session, unused_process_group):
        """Execute program (MS Windows version)"""
    
        assert not pass_fds, "pass_fds not supported on Windows."
    
        if isinstance(args, str):
            pass
        elif isinstance(args, bytes):
            if shell:
                raise TypeError('bytes args is not allowed on Windows')
            args = list2cmdline([args])
        elif isinstance(args, os.PathLike):
            if shell:
                raise TypeError('path-like args is not allowed when '
                                'shell is true')
            args = list2cmdline([args])
        else:
            args = list2cmdline(args)
    
        if executable is not None:
            executable = os.fsdecode(executable)
    
        # Process startup details
        if startupinfo is None:
            startupinfo = STARTUPINFO()
        else:
            # bpo-34044: Copy STARTUPINFO since it is modified above,
            # so the caller can reuse it multiple times.
            startupinfo = startupinfo.copy()
    
        use_std_handles = -1 not in (p2cread, c2pwrite, errwrite)
        if use_std_handles:
            startupinfo.dwFlags |= _winapi.STARTF_USESTDHANDLES
            startupinfo.hStdInput = p2cread
            startupinfo.hStdOutput = c2pwrite
            startupinfo.hStdError = errwrite
    
        attribute_list = startupinfo.lpAttributeList
        have_handle_list = bool(attribute_list and
                                "handle_list" in attribute_list and
                                attribute_list["handle_list"])
    
        # If we were given an handle_list or need to create one
        if have_handle_list or (use_std_handles and close_fds):
            if attribute_list is None:
                attribute_list = startupinfo.lpAttributeList = {}
            handle_list = attribute_list["handle_list"] = \
                list(attribute_list.get("handle_list", []))
    
            if use_std_handles:
                handle_list += [int(p2cread), int(c2pwrite), int(errwrite)]
    
            handle_list[:] = self._filter_handle_list(handle_list)
    
            if handle_list:
                if not close_fds:
                    warnings.warn("startupinfo.lpAttributeList['handle_list'] "
                                  "overriding close_fds", RuntimeWarning)
    
                # When using the handle_list we always request to inherit
                # handles but the only handles that will be inherited are
                # the ones in the handle_list
                close_fds = False
    
        if shell:
            startupinfo.dwFlags |= _winapi.STARTF_USESHOWWINDOW
            startupinfo.wShowWindow = _winapi.SW_HIDE
            if not executable:
                # gh-101283: without a fully-qualified path, before Windows
                # checks the system directories, it first looks in the
                # application directory, and also the current directory if
                # NeedCurrentDirectoryForExePathW(ExeName) is true, so try
                # to avoid executing unqualified "cmd.exe".
                comspec = os.environ.get('ComSpec')
                if not comspec:
                    system_root = os.environ.get('SystemRoot', '')
                    comspec = os.path.join(system_root, 'System32', 'cmd.exe')
                    if not os.path.isabs(comspec):
                        raise FileNotFoundError('shell not found: neither %ComSpec% nor %SystemRoot% is set')
                if os.path.isabs(comspec):
                    executable = comspec
            else:
                comspec = executable
    
            args = '{} /c "{}"'.format (comspec, args)
    
        if cwd is not None:
            cwd = os.fsdecode(cwd)
    
        sys.audit("subprocess.Popen", executable, args, cwd, env)
    
        # Start the process
        try:
&gt;           hp, ht, pid, tid = _winapi.CreateProcess(executable, args,
                                     # no special security
                                     None, None,
                                     int(not close_fds),
                                     creationflags,
                                     env,
                                     cwd,
                                     startupinfo)
E                                    FileNotFoundError: [WinError 2] Das System kann die angegebene Datei nicht finden

..\..\AppData\Roaming\uv\python\cpython-3.14-windows-x86_64-none\Lib\subprocess.py:1553: FileNotFoundError</failure></testcase><testcase classname="tests.test_script_credentials" name="test_missing_key_fails_closed_before_side_effects[-scripts/setup_local_autonomy.sh]" time="0.033"><failure message="FileNotFoundError: [WinError 2] Das System kann die angegebene Datei nicht finden">script = 'scripts/setup_local_autonomy.sh', key = ''
tmp_path = WindowsPath('C:/Users/lol/AppData/Local/Temp/pytest-of-lol/pytest-447/test_missing_key_fails_closed_4')

    @pytest.mark.parametrize("script", SCRIPTS)
    @pytest.mark.parametrize("key", [None, "", "   "])
    def test_missing_key_fails_closed_before_side_effects(script, key, tmp_path):
        # Fake HOME and PATH-shadowed tools prove nothing runs past the guard.
        bindir = tmp_path / "bin"
        bindir.mkdir()
        marker = tmp_path / "called"
        for tool in ("curl", "launchctl", "rm", "cp", "mkdir", "cat"):
            p = bindir / tool
            p.write_text(f"#!/bin/sh\necho {tool} &gt;&gt; {marker}\n")
            p.chmod(0o755)
        env = {"PATH": f"{bindir}:/usr/bin:/bin", "HOME": str(tmp_path), "COURIER_VERIFIER_API_KEY": DUMMY}
        if key is not None:
            env["COURIER_API_KEY"] = key
&gt;       r = subprocess.run(["bash", str(ROOT / script)], env=env, capture_output=True, text=True, timeout=30)
            ^^^^^^^^^^^^^^^^^^^^^^^^^^^^^^^^^^^^^^^^^^^^^^^^^^^^^^^^^^^^^^^^^^^^^^^^^^^^^^^^^^^^^^^^^^^^^^^^^

tests\test_script_credentials.py:52: 
_ _ _ _ _ _ _ _ _ _ _ _ _ _ _ _ _ _ _ _ _ _ _ _ _ _ _ _ _ _ _ _ _ _ _ _ _ _ _ _
..\..\AppData\Roaming\uv\python\cpython-3.14-windows-x86_64-none\Lib\subprocess.py:555: in run
    with Popen(*popenargs, **kwargs) as process:
         ^^^^^^^^^^^^^^^^^^^^^^^^^^^
..\..\AppData\Roaming\uv\python\cpython-3.14-windows-x86_64-none\Lib\subprocess.py:1039: in __init__
    self._execute_child(args, executable, preexec_fn, close_fds,
_ _ _ _ _ _ _ _ _ _ _ _ _ _ _ _ _ _ _ _ _ _ _ _ _ _ _ _ _ _ _ _ _ _ _ _ _ _ _ _

self = &lt;Popen: returncode: None args: ['bash', 'C:\\Users\\lol\\2026-workspace\\202...&gt;
args = 'bash C:\\Users\\lol\\2026-workspace\\2026-courier\\scripts\\setup_local_autonomy.sh'
executable = None, preexec_fn = None, close_fds = False, pass_fds = ()
cwd = None
env = {'PATH': 'C:\\Users\\lol\\AppData\\Local\\Temp\\pytest-of-lol\\pytest-447\\test_missing_key_fails_closed_4\\bin:/usr/b...st-447\\test_missing_key_fails_closed_4', 'COURIER_VERIFIER_API_KEY': 'dummy-test-key-not-real', 'COURIER_API_KEY': ''}
startupinfo = &lt;subprocess.STARTUPINFO object at 0x00000220894C4FC0&gt;
creationflags = 0, shell = False, p2cread = Handle(960), p2cwrite = -1
c2pread = 11, c2pwrite = Handle(928), errread = 12, errwrite = Handle(868)
unused_restore_signals = True, unused_gid = None, unused_gids = None
unused_uid = None, unused_umask = -1, unused_start_new_session = False
unused_process_group = -1

    def _execute_child(self, args, executable, preexec_fn, close_fds,
                       pass_fds, cwd, env,
                       startupinfo, creationflags, shell,
                       p2cread, p2cwrite,
                       c2pread, c2pwrite,
                       errread, errwrite,
                       unused_restore_signals,
                       unused_gid, unused_gids, unused_uid,
                       unused_umask,
                       unused_start_new_session, unused_process_group):
        """Execute program (MS Windows version)"""
    
        assert not pass_fds, "pass_fds not supported on Windows."
    
        if isinstance(args, str):
            pass
        elif isinstance(args, bytes):
            if shell:
                raise TypeError('bytes args is not allowed on Windows')
            args = list2cmdline([args])
        elif isinstance(args, os.PathLike):
            if shell:
                raise TypeError('path-like args is not allowed when '
                                'shell is true')
            args = list2cmdline([args])
        else:
            args = list2cmdline(args)
    
        if executable is not None:
            executable = os.fsdecode(executable)
    
        # Process startup details
        if startupinfo is None:
            startupinfo = STARTUPINFO()
        else:
            # bpo-34044: Copy STARTUPINFO since it is modified above,
            # so the caller can reuse it multiple times.
            startupinfo = startupinfo.copy()
    
        use_std_handles = -1 not in (p2cread, c2pwrite, errwrite)
        if use_std_handles:
            startupinfo.dwFlags |= _winapi.STARTF_USESTDHANDLES
            startupinfo.hStdInput = p2cread
            startupinfo.hStdOutput = c2pwrite
            startupinfo.hStdError = errwrite
    
        attribute_list = startupinfo.lpAttributeList
        have_handle_list = bool(attribute_list and
                                "handle_list" in attribute_list and
                                attribute_list["handle_list"])
    
        # If we were given an handle_list or need to create one
        if have_handle_list or (use_std_handles and close_fds):
            if attribute_list is None:
                attribute_list = startupinfo.lpAttributeList = {}
            handle_list = attribute_list["handle_list"] = \
                list(attribute_list.get("handle_list", []))
    
            if use_std_handles:
                handle_list += [int(p2cread), int(c2pwrite), int(errwrite)]
    
            handle_list[:] = self._filter_handle_list(handle_list)
    
            if handle_list:
                if not close_fds:
                    warnings.warn("startupinfo.lpAttributeList['handle_list'] "
                                  "overriding close_fds", RuntimeWarning)
    
                # When using the handle_list we always request to inherit
                # handles but the only handles that will be inherited are
                # the ones in the handle_list
                close_fds = False
    
        if shell:
            startupinfo.dwFlags |= _winapi.STARTF_USESHOWWINDOW
            startupinfo.wShowWindow = _winapi.SW_HIDE
            if not executable:
                # gh-101283: without a fully-qualified path, before Windows
                # checks the system directories, it first looks in the
                # application directory, and also the current directory if
                # NeedCurrentDirectoryForExePathW(ExeName) is true, so try
                # to avoid executing unqualified "cmd.exe".
                comspec = os.environ.get('ComSpec')
                if not comspec:
                    system_root = os.environ.get('SystemRoot', '')
                    comspec = os.path.join(system_root, 'System32', 'cmd.exe')
                    if not os.path.isabs(comspec):
                        raise FileNotFoundError('shell not found: neither %ComSpec% nor %SystemRoot% is set')
                if os.path.isabs(comspec):
                    executable = comspec
            else:
                comspec = executable
    
            args = '{} /c "{}"'.format (comspec, args)
    
        if cwd is not None:
            cwd = os.fsdecode(cwd)
    
        sys.audit("subprocess.Popen", executable, args, cwd, env)
    
        # Start the process
        try:
&gt;           hp, ht, pid, tid = _winapi.CreateProcess(executable, args,
                                     # no special security
                                     None, None,
                                     int(not close_fds),
                                     creationflags,
                                     env,
                                     cwd,
                                     startupinfo)
E                                    FileNotFoundError: [WinError 2] Das System kann die angegebene Datei nicht finden

..\..\AppData\Roaming\uv\python\cpython-3.14-windows-x86_64-none\Lib\subprocess.py:1553: FileNotFoundError</failure></testcase><testcase classname="tests.test_script_credentials" name="test_missing_key_fails_closed_before_side_effects[-scripts/revenue_v1_goal.sh]" time="0.025"><failure message="FileNotFoundError: [WinError 2] Das System kann die angegebene Datei nicht finden">script = 'scripts/revenue_v1_goal.sh', key = ''
tmp_path = WindowsPath('C:/Users/lol/AppData/Local/Temp/pytest-of-lol/pytest-447/test_missing_key_fails_closed_5')

    @pytest.mark.parametrize("script", SCRIPTS)
    @pytest.mark.parametrize("key", [None, "", "   "])
    def test_missing_key_fails_closed_before_side_effects(script, key, tmp_path):
        # Fake HOME and PATH-shadowed tools prove nothing runs past the guard.
        bindir = tmp_path / "bin"
        bindir.mkdir()
        marker = tmp_path / "called"
        for tool in ("curl", "launchctl", "rm", "cp", "mkdir", "cat"):
            p = bindir / tool
            p.write_text(f"#!/bin/sh\necho {tool} &gt;&gt; {marker}\n")
            p.chmod(0o755)
        env = {"PATH": f"{bindir}:/usr/bin:/bin", "HOME": str(tmp_path), "COURIER_VERIFIER_API_KEY": DUMMY}
        if key is not None:
            env["COURIER_API_KEY"] = key
&gt;       r = subprocess.run(["bash", str(ROOT / script)], env=env, capture_output=True, text=True, timeout=30)
            ^^^^^^^^^^^^^^^^^^^^^^^^^^^^^^^^^^^^^^^^^^^^^^^^^^^^^^^^^^^^^^^^^^^^^^^^^^^^^^^^^^^^^^^^^^^^^^^^^

tests\test_script_credentials.py:52: 
_ _ _ _ _ _ _ _ _ _ _ _ _ _ _ _ _ _ _ _ _ _ _ _ _ _ _ _ _ _ _ _ _ _ _ _ _ _ _ _
..\..\AppData\Roaming\uv\python\cpython-3.14-windows-x86_64-none\Lib\subprocess.py:555: in run
    with Popen(*popenargs, **kwargs) as process:
         ^^^^^^^^^^^^^^^^^^^^^^^^^^^
..\..\AppData\Roaming\uv\python\cpython-3.14-windows-x86_64-none\Lib\subprocess.py:1039: in __init__
    self._execute_child(args, executable, preexec_fn, close_fds,
_ _ _ _ _ _ _ _ _ _ _ _ _ _ _ _ _ _ _ _ _ _ _ _ _ _ _ _ _ _ _ _ _ _ _ _ _ _ _ _

self = &lt;Popen: returncode: None args: ['bash', 'C:\\Users\\lol\\2026-workspace\\202...&gt;
args = 'bash C:\\Users\\lol\\2026-workspace\\2026-courier\\scripts\\revenue_v1_goal.sh'
executable = None, preexec_fn = None, close_fds = False, pass_fds = ()
cwd = None
env = {'PATH': 'C:\\Users\\lol\\AppData\\Local\\Temp\\pytest-of-lol\\pytest-447\\test_missing_key_fails_closed_5\\bin:/usr/b...st-447\\test_missing_key_fails_closed_5', 'COURIER_VERIFIER_API_KEY': 'dummy-test-key-not-real', 'COURIER_API_KEY': ''}
startupinfo = &lt;subprocess.STARTUPINFO object at 0x0000022087ECE8D0&gt;
creationflags = 0, shell = False, p2cread = Handle(1004), p2cwrite = -1
c2pread = 11, c2pwrite = Handle(992), errread = 12, errwrite = Handle(928)
unused_restore_signals = True, unused_gid = None, unused_gids = None
unused_uid = None, unused_umask = -1, unused_start_new_session = False
unused_process_group = -1

    def _execute_child(self, args, executable, preexec_fn, close_fds,
                       pass_fds, cwd, env,
                       startupinfo, creationflags, shell,
                       p2cread, p2cwrite,
                       c2pread, c2pwrite,
                       errread, errwrite,
                       unused_restore_signals,
                       unused_gid, unused_gids, unused_uid,
                       unused_umask,
                       unused_start_new_session, unused_process_group):
        """Execute program (MS Windows version)"""
    
        assert not pass_fds, "pass_fds not supported on Windows."
    
        if isinstance(args, str):
            pass
        elif isinstance(args, bytes):
            if shell:
                raise TypeError('bytes args is not allowed on Windows')
            args = list2cmdline([args])
        elif isinstance(args, os.PathLike):
            if shell:
                raise TypeError('path-like args is not allowed when '
                                'shell is true')
            args = list2cmdline([args])
        else:
            args = list2cmdline(args)
    
        if executable is not None:
            executable = os.fsdecode(executable)
    
        # Process startup details
        if startupinfo is None:
            startupinfo = STARTUPINFO()
        else:
            # bpo-34044: Copy STARTUPINFO since it is modified above,
            # so the caller can reuse it multiple times.
            startupinfo = startupinfo.copy()
    
        use_std_handles = -1 not in (p2cread, c2pwrite, errwrite)
        if use_std_handles:
            startupinfo.dwFlags |= _winapi.STARTF_USESTDHANDLES
            startupinfo.hStdInput = p2cread
            startupinfo.hStdOutput = c2pwrite
            startupinfo.hStdError = errwrite
    
        attribute_list = startupinfo.lpAttributeList
        have_handle_list = bool(attribute_list and
                                "handle_list" in attribute_list and
                                attribute_list["handle_list"])
    
        # If we were given an handle_list or need to create one
        if have_handle_list or (use_std_handles and close_fds):
            if attribute_list is None:
                attribute_list = startupinfo.lpAttributeList = {}
            handle_list = attribute_list["handle_list"] = \
                list(attribute_list.get("handle_list", []))
    
            if use_std_handles:
                handle_list += [int(p2cread), int(c2pwrite), int(errwrite)]
    
            handle_list[:] = self._filter_handle_list(handle_list)
    
            if handle_list:
                if not close_fds:
                    warnings.warn("startupinfo.lpAttributeList['handle_list'] "
                                  "overriding close_fds", RuntimeWarning)
    
                # When using the handle_list we always request to inherit
                # handles but the only handles that will be inherited are
                # the ones in the handle_list
                close_fds = False
    
        if shell:
            startupinfo.dwFlags |= _winapi.STARTF_USESHOWWINDOW
            startupinfo.wShowWindow = _winapi.SW_HIDE
            if not executable:
                # gh-101283: without a fully-qualified path, before Windows
                # checks the system directories, it first looks in the
                # application directory, and also the current directory if
                # NeedCurrentDirectoryForExePathW(ExeName) is true, so try
                # to avoid executing unqualified "cmd.exe".
                comspec = os.environ.get('ComSpec')
                if not comspec:
                    system_root = os.environ.get('SystemRoot', '')
                    comspec = os.path.join(system_root, 'System32', 'cmd.exe')
                    if not os.path.isabs(comspec):
                        raise FileNotFoundError('shell not found: neither %ComSpec% nor %SystemRoot% is set')
                if os.path.isabs(comspec):
                    executable = comspec
            else:
                comspec = executable
    
            args = '{} /c "{}"'.format (comspec, args)
    
        if cwd is not None:
            cwd = os.fsdecode(cwd)
    
        sys.audit("subprocess.Popen", executable, args, cwd, env)
    
        # Start the process
        try:
&gt;           hp, ht, pid, tid = _winapi.CreateProcess(executable, args,
                                     # no special security
                                     None, None,
                                     int(not close_fds),
                                     creationflags,
                                     env,
                                     cwd,
                                     startupinfo)
E                                    FileNotFoundError: [WinError 2] Das System kann die angegebene Datei nicht finden

..\..\AppData\Roaming\uv\python\cpython-3.14-windows-x86_64-none\Lib\subprocess.py:1553: FileNotFoundError</failure></testcase><testcase classname="tests.test_script_credentials" name="test_missing_key_fails_closed_before_side_effects[   -deploy/install_mac_runtime.sh]" time="0.031"><failure message="FileNotFoundError: [WinError 2] Das System kann die angegebene Datei nicht finden">script = 'deploy/install_mac_runtime.sh', key = '   '
tmp_path = WindowsPath('C:/Users/lol/AppData/Local/Temp/pytest-of-lol/pytest-447/test_missing_key_fails_closed_6')

    @pytest.mark.parametrize("script", SCRIPTS)
    @pytest.mark.parametrize("key", [None, "", "   "])
    def test_missing_key_fails_closed_before_side_effects(script, key, tmp_path):
        # Fake HOME and PATH-shadowed tools prove nothing runs past the guard.
        bindir = tmp_path / "bin"
        bindir.mkdir()
        marker = tmp_path / "called"
        for tool in ("curl", "launchctl", "rm", "cp", "mkdir", "cat"):
            p = bindir / tool
            p.write_text(f"#!/bin/sh\necho {tool} &gt;&gt; {marker}\n")
            p.chmod(0o755)
        env = {"PATH": f"{bindir}:/usr/bin:/bin", "HOME": str(tmp_path), "COURIER_VERIFIER_API_KEY": DUMMY}
        if key is not None:
            env["COURIER_API_KEY"] = key
&gt;       r = subprocess.run(["bash", str(ROOT / script)], env=env, capture_output=True, text=True, timeout=30)
            ^^^^^^^^^^^^^^^^^^^^^^^^^^^^^^^^^^^^^^^^^^^^^^^^^^^^^^^^^^^^^^^^^^^^^^^^^^^^^^^^^^^^^^^^^^^^^^^^^

tests\test_script_credentials.py:52: 
_ _ _ _ _ _ _ _ _ _ _ _ _ _ _ _ _ _ _ _ _ _ _ _ _ _ _ _ _ _ _ _ _ _ _ _ _ _ _ _
..\..\AppData\Roaming\uv\python\cpython-3.14-windows-x86_64-none\Lib\subprocess.py:555: in run
    with Popen(*popenargs, **kwargs) as process:
         ^^^^^^^^^^^^^^^^^^^^^^^^^^^
..\..\AppData\Roaming\uv\python\cpython-3.14-windows-x86_64-none\Lib\subprocess.py:1039: in __init__
    self._execute_child(args, executable, preexec_fn, close_fds,
_ _ _ _ _ _ _ _ _ _ _ _ _ _ _ _ _ _ _ _ _ _ _ _ _ _ _ _ _ _ _ _ _ _ _ _ _ _ _ _

self = &lt;Popen: returncode: None args: ['bash', 'C:\\Users\\lol\\2026-workspace\\202...&gt;
args = 'bash C:\\Users\\lol\\2026-workspace\\2026-courier\\deploy\\install_mac_runtime.sh'
executable = None, preexec_fn = None, close_fds = False, pass_fds = ()
cwd = None
env = {'PATH': 'C:\\Users\\lol\\AppData\\Local\\Temp\\pytest-of-lol\\pytest-447\\test_missing_key_fails_closed_6\\bin:/usr/b...447\\test_missing_key_fails_closed_6', 'COURIER_VERIFIER_API_KEY': 'dummy-test-key-not-real', 'COURIER_API_KEY': '   '}
startupinfo = &lt;subprocess.STARTUPINFO object at 0x000002208806BA10&gt;
creationflags = 0, shell = False, p2cread = Handle(884), p2cwrite = -1
c2pread = 11, c2pwrite = Handle(992), errread = 12, errwrite = Handle(960)
unused_restore_signals = True, unused_gid = None, unused_gids = None
unused_uid = None, unused_umask = -1, unused_start_new_session = False
unused_process_group = -1

    def _execute_child(self, args, executable, preexec_fn, close_fds,
                       pass_fds, cwd, env,
                       startupinfo, creationflags, shell,
                       p2cread, p2cwrite,
                       c2pread, c2pwrite,
                       errread, errwrite,
                       unused_restore_signals,
                       unused_gid, unused_gids, unused_uid,
                       unused_umask,
                       unused_start_new_session, unused_process_group):
        """Execute program (MS Windows version)"""
    
        assert not pass_fds, "pass_fds not supported on Windows."
    
        if isinstance(args, str):
            pass
        elif isinstance(args, bytes):
            if shell:
                raise TypeError('bytes args is not allowed on Windows')
            args = list2cmdline([args])
        elif isinstance(args, os.PathLike):
            if shell:
                raise TypeError('path-like args is not allowed when '
                                'shell is true')
            args = list2cmdline([args])
        else:
            args = list2cmdline(args)
    
        if executable is not None:
            executable = os.fsdecode(executable)
    
        # Process startup details
        if startupinfo is None:
            startupinfo = STARTUPINFO()
        else:
            # bpo-34044: Copy STARTUPINFO since it is modified above,
            # so the caller can reuse it multiple times.
            startupinfo = startupinfo.copy()
    
        use_std_handles = -1 not in (p2cread, c2pwrite, errwrite)
        if use_std_handles:
            startupinfo.dwFlags |= _winapi.STARTF_USESTDHANDLES
            startupinfo.hStdInput = p2cread
            startupinfo.hStdOutput = c2pwrite
            startupinfo.hStdError = errwrite
    
        attribute_list = startupinfo.lpAttributeList
        have_handle_list = bool(attribute_list and
                                "handle_list" in attribute_list and
                                attribute_list["handle_list"])
    
        # If we were given an handle_list or need to create one
        if have_handle_list or (use_std_handles and close_fds):
            if attribute_list is None:
                attribute_list = startupinfo.lpAttributeList = {}
            handle_list = attribute_list["handle_list"] = \
                list(attribute_list.get("handle_list", []))
    
            if use_std_handles:
                handle_list += [int(p2cread), int(c2pwrite), int(errwrite)]
    
            handle_list[:] = self._filter_handle_list(handle_list)
    
            if handle_list:
                if not close_fds:
                    warnings.warn("startupinfo.lpAttributeList['handle_list'] "
                                  "overriding close_fds", RuntimeWarning)
    
                # When using the handle_list we always request to inherit
                # handles but the only handles that will be inherited are
                # the ones in the handle_list
                close_fds = False
    
        if shell:
            startupinfo.dwFlags |= _winapi.STARTF_USESHOWWINDOW
            startupinfo.wShowWindow = _winapi.SW_HIDE
            if not executable:
                # gh-101283: without a fully-qualified path, before Windows
                # checks the system directories, it first looks in the
                # application directory, and also the current directory if
                # NeedCurrentDirectoryForExePathW(ExeName) is true, so try
                # to avoid executing unqualified "cmd.exe".
                comspec = os.environ.get('ComSpec')
                if not comspec:
                    system_root = os.environ.get('SystemRoot', '')
                    comspec = os.path.join(system_root, 'System32', 'cmd.exe')
                    if not os.path.isabs(comspec):
                        raise FileNotFoundError('shell not found: neither %ComSpec% nor %SystemRoot% is set')
                if os.path.isabs(comspec):
                    executable = comspec
            else:
                comspec = executable
    
            args = '{} /c "{}"'.format (comspec, args)
    
        if cwd is not None:
            cwd = os.fsdecode(cwd)
    
        sys.audit("subprocess.Popen", executable, args, cwd, env)
    
        # Start the process
        try:
&gt;           hp, ht, pid, tid = _winapi.CreateProcess(executable, args,
                                     # no special security
                                     None, None,
                                     int(not close_fds),
                                     creationflags,
                                     env,
                                     cwd,
                                     startupinfo)
E                                    FileNotFoundError: [WinError 2] Das System kann die angegebene Datei nicht finden

..\..\AppData\Roaming\uv\python\cpython-3.14-windows-x86_64-none\Lib\subprocess.py:1553: FileNotFoundError</failure></testcase><testcase classname="tests.test_script_credentials" name="test_missing_key_fails_closed_before_side_effects[   -scripts/setup_local_autonomy.sh]" time="0.047"><failure message="FileNotFoundError: [WinError 2] Das System kann die angegebene Datei nicht finden">script = 'scripts/setup_local_autonomy.sh', key = '   '
tmp_path = WindowsPath('C:/Users/lol/AppData/Local/Temp/pytest-of-lol/pytest-447/test_missing_key_fails_closed_7')

    @pytest.mark.parametrize("script", SCRIPTS)
    @pytest.mark.parametrize("key", [None, "", "   "])
    def test_missing_key_fails_closed_before_side_effects(script, key, tmp_path):
        # Fake HOME and PATH-shadowed tools prove nothing runs past the guard.
        bindir = tmp_path / "bin"
        bindir.mkdir()
        marker = tmp_path / "called"
        for tool in ("curl", "launchctl", "rm", "cp", "mkdir", "cat"):
            p = bindir / tool
            p.write_text(f"#!/bin/sh\necho {tool} &gt;&gt; {marker}\n")
            p.chmod(0o755)
        env = {"PATH": f"{bindir}:/usr/bin:/bin", "HOME": str(tmp_path), "COURIER_VERIFIER_API_KEY": DUMMY}
        if key is not None:
            env["COURIER_API_KEY"] = key
&gt;       r = subprocess.run(["bash", str(ROOT / script)], env=env, capture_output=True, text=True, timeout=30)
            ^^^^^^^^^^^^^^^^^^^^^^^^^^^^^^^^^^^^^^^^^^^^^^^^^^^^^^^^^^^^^^^^^^^^^^^^^^^^^^^^^^^^^^^^^^^^^^^^^

tests\test_script_credentials.py:52: 
_ _ _ _ _ _ _ _ _ _ _ _ _ _ _ _ _ _ _ _ _ _ _ _ _ _ _ _ _ _ _ _ _ _ _ _ _ _ _ _
..\..\AppData\Roaming\uv\python\cpython-3.14-windows-x86_64-none\Lib\subprocess.py:555: in run
    with Popen(*popenargs, **kwargs) as process:
         ^^^^^^^^^^^^^^^^^^^^^^^^^^^
..\..\AppData\Roaming\uv\python\cpython-3.14-windows-x86_64-none\Lib\subprocess.py:1039: in __init__
    self._execute_child(args, executable, preexec_fn, close_fds,
_ _ _ _ _ _ _ _ _ _ _ _ _ _ _ _ _ _ _ _ _ _ _ _ _ _ _ _ _ _ _ _ _ _ _ _ _ _ _ _

self = &lt;Popen: returncode: None args: ['bash', 'C:\\Users\\lol\\2026-workspace\\202...&gt;
args = 'bash C:\\Users\\lol\\2026-workspace\\2026-courier\\scripts\\setup_local_autonomy.sh'
executable = None, preexec_fn = None, close_fds = False, pass_fds = ()
cwd = None
env = {'PATH': 'C:\\Users\\lol\\AppData\\Local\\Temp\\pytest-of-lol\\pytest-447\\test_missing_key_fails_closed_7\\bin:/usr/b...447\\test_missing_key_fails_closed_7', 'COURIER_VERIFIER_API_KEY': 'dummy-test-key-not-real', 'COURIER_API_KEY': '   '}
startupinfo = &lt;subprocess.STARTUPINFO object at 0x0000022089594CB0&gt;
creationflags = 0, shell = False, p2cread = Handle(952), p2cwrite = -1
c2pread = 11, c2pwrite = Handle(956), errread = 12, errwrite = Handle(884)
unused_restore_signals = True, unused_gid = None, unused_gids = None
unused_uid = None, unused_umask = -1, unused_start_new_session = False
unused_process_group = -1

    def _execute_child(self, args, executable, preexec_fn, close_fds,
                       pass_fds, cwd, env,
                       startupinfo, creationflags, shell,
                       p2cread, p2cwrite,
                       c2pread, c2pwrite,
                       errread, errwrite,
                       unused_restore_signals,
                       unused_gid, unused_gids, unused_uid,
                       unused_umask,
                       unused_start_new_session, unused_process_group):
        """Execute program (MS Windows version)"""
    
        assert not pass_fds, "pass_fds not supported on Windows."
    
        if isinstance(args, str):
            pass
        elif isinstance(args, bytes):
            if shell:
                raise TypeError('bytes args is not allowed on Windows')
            args = list2cmdline([args])
        elif isinstance(args, os.PathLike):
            if shell:
                raise TypeError('path-like args is not allowed when '
                                'shell is true')
            args = list2cmdline([args])
        else:
            args = list2cmdline(args)
    
        if executable is not None:
            executable = os.fsdecode(executable)
    
        # Process startup details
        if startupinfo is None:
            startupinfo = STARTUPINFO()
        else:
            # bpo-34044: Copy STARTUPINFO since it is modified above,
            # so the caller can reuse it multiple times.
            startupinfo = startupinfo.copy()
    
        use_std_handles = -1 not in (p2cread, c2pwrite, errwrite)
        if use_std_handles:
            startupinfo.dwFlags |= _winapi.STARTF_USESTDHANDLES
            startupinfo.hStdInput = p2cread
            startupinfo.hStdOutput = c2pwrite
            startupinfo.hStdError = errwrite
    
        attribute_list = startupinfo.lpAttributeList
        have_handle_list = bool(attribute_list and
                                "handle_list" in attribute_list and
                                attribute_list["handle_list"])
    
        # If we were given an handle_list or need to create one
        if have_handle_list or (use_std_handles and close_fds):
            if attribute_list is None:
                attribute_list = startupinfo.lpAttributeList = {}
            handle_list = attribute_list["handle_list"] = \
                list(attribute_list.get("handle_list", []))
    
            if use_std_handles:
                handle_list += [int(p2cread), int(c2pwrite), int(errwrite)]
    
            handle_list[:] = self._filter_handle_list(handle_list)
    
            if handle_list:
                if not close_fds:
                    warnings.warn("startupinfo.lpAttributeList['handle_list'] "
                                  "overriding close_fds", RuntimeWarning)
    
                # When using the handle_list we always request to inherit
                # handles but the only handles that will be inherited are
                # the ones in the handle_list
                close_fds = False
    
        if shell:
            startupinfo.dwFlags |= _winapi.STARTF_USESHOWWINDOW
            startupinfo.wShowWindow = _winapi.SW_HIDE
            if not executable:
                # gh-101283: without a fully-qualified path, before Windows
                # checks the system directories, it first looks in the
                # application directory, and also the current directory if
                # NeedCurrentDirectoryForExePathW(ExeName) is true, so try
                # to avoid executing unqualified "cmd.exe".
                comspec = os.environ.get('ComSpec')
                if not comspec:
                    system_root = os.environ.get('SystemRoot', '')
                    comspec = os.path.join(system_root, 'System32', 'cmd.exe')
                    if not os.path.isabs(comspec):
                        raise FileNotFoundError('shell not found: neither %ComSpec% nor %SystemRoot% is set')
                if os.path.isabs(comspec):
                    executable = comspec
            else:
                comspec = executable
    
            args = '{} /c "{}"'.format (comspec, args)
    
        if cwd is not None:
            cwd = os.fsdecode(cwd)
    
        sys.audit("subprocess.Popen", executable, args, cwd, env)
    
        # Start the process
        try:
&gt;           hp, ht, pid, tid = _winapi.CreateProcess(executable, args,
                                     # no special security
                                     None, None,
                                     int(not close_fds),
                                     creationflags,
                                     env,
                                     cwd,
                                     startupinfo)
E                                    FileNotFoundError: [WinError 2] Das System kann die angegebene Datei nicht finden

..\..\AppData\Roaming\uv\python\cpython-3.14-windows-x86_64-none\Lib\subprocess.py:1553: FileNotFoundError</failure></testcase><testcase classname="tests.test_script_credentials" name="test_missing_key_fails_closed_before_side_effects[   -scripts/revenue_v1_goal.sh]" time="0.081"><failure message="FileNotFoundError: [WinError 2] Das System kann die angegebene Datei nicht finden">script = 'scripts/revenue_v1_goal.sh', key = '   '
tmp_path = WindowsPath('C:/Users/lol/AppData/Local/Temp/pytest-of-lol/pytest-447/test_missing_key_fails_closed_8')

    @pytest.mark.parametrize("script", SCRIPTS)
    @pytest.mark.parametrize("key", [None, "", "   "])
    def test_missing_key_fails_closed_before_side_effects(script, key, tmp_path):
        # Fake HOME and PATH-shadowed tools prove nothing runs past the guard.
        bindir = tmp_path / "bin"
        bindir.mkdir()
        marker = tmp_path / "called"
        for tool in ("curl", "launchctl", "rm", "cp", "mkdir", "cat"):
            p = bindir / tool
            p.write_text(f"#!/bin/sh\necho {tool} &gt;&gt; {marker}\n")
            p.chmod(0o755)
        env = {"PATH": f"{bindir}:/usr/bin:/bin", "HOME": str(tmp_path), "COURIER_VERIFIER_API_KEY": DUMMY}
        if key is not None:
            env["COURIER_API_KEY"] = key
&gt;       r = subprocess.run(["bash", str(ROOT / script)], env=env, capture_output=True, text=True, timeout=30)
            ^^^^^^^^^^^^^^^^^^^^^^^^^^^^^^^^^^^^^^^^^^^^^^^^^^^^^^^^^^^^^^^^^^^^^^^^^^^^^^^^^^^^^^^^^^^^^^^^^

tests\test_script_credentials.py:52: 
_ _ _ _ _ _ _ _ _ _ _ _ _ _ _ _ _ _ _ _ _ _ _ _ _ _ _ _ _ _ _ _ _ _ _ _ _ _ _ _
..\..\AppData\Roaming\uv\python\cpython-3.14-windows-x86_64-none\Lib\subprocess.py:555: in run
    with Popen(*popenargs, **kwargs) as process:
         ^^^^^^^^^^^^^^^^^^^^^^^^^^^
..\..\AppData\Roaming\uv\python\cpython-3.14-windows-x86_64-none\Lib\subprocess.py:1039: in __init__
    self._execute_child(args, executable, preexec_fn, close_fds,
_ _ _ _ _ _ _ _ _ _ _ _ _ _ _ _ _ _ _ _ _ _ _ _ _ _ _ _ _ _ _ _ _ _ _ _ _ _ _ _

self = &lt;Popen: returncode: None args: ['bash', 'C:\\Users\\lol\\2026-workspace\\202...&gt;
args = 'bash C:\\Users\\lol\\2026-workspace\\2026-courier\\scripts\\revenue_v1_goal.sh'
executable = None, preexec_fn = None, close_fds = False, pass_fds = ()
cwd = None
env = {'PATH': 'C:\\Users\\lol\\AppData\\Local\\Temp\\pytest-of-lol\\pytest-447\\test_missing_key_fails_closed_8\\bin:/usr/b...447\\test_missing_key_fails_closed_8', 'COURIER_VERIFIER_API_KEY': 'dummy-test-key-not-real', 'COURIER_API_KEY': '   '}
startupinfo = &lt;subprocess.STARTUPINFO object at 0x0000022089597AC0&gt;
creationflags = 0, shell = False, p2cread = Handle(860), p2cwrite = -1
c2pread = 11, c2pwrite = Handle(916), errread = 12, errwrite = Handle(1020)
unused_restore_signals = True, unused_gid = None, unused_gids = None
unused_uid = None, unused_umask = -1, unused_start_new_session = False
unused_process_group = -1

    def _execute_child(self, args, executable, preexec_fn, close_fds,
                       pass_fds, cwd, env,
                       startupinfo, creationflags, shell,
                       p2cread, p2cwrite,
                       c2pread, c2pwrite,
                       errread, errwrite,
                       unused_restore_signals,
                       unused_gid, unused_gids, unused_uid,
                       unused_umask,
                       unused_start_new_session, unused_process_group):
        """Execute program (MS Windows version)"""
    
        assert not pass_fds, "pass_fds not supported on Windows."
    
        if isinstance(args, str):
            pass
        elif isinstance(args, bytes):
            if shell:
                raise TypeError('bytes args is not allowed on Windows')
            args = list2cmdline([args])
        elif isinstance(args, os.PathLike):
            if shell:
                raise TypeError('path-like args is not allowed when '
                                'shell is true')
            args = list2cmdline([args])
        else:
            args = list2cmdline(args)
    
        if executable is not None:
            executable = os.fsdecode(executable)
    
        # Process startup details
        if startupinfo is None:
            startupinfo = STARTUPINFO()
        else:
            # bpo-34044: Copy STARTUPINFO since it is modified above,
            # so the caller can reuse it multiple times.
            startupinfo = startupinfo.copy()
    
        use_std_handles = -1 not in (p2cread, c2pwrite, errwrite)
        if use_std_handles:
            startupinfo.dwFlags |= _winapi.STARTF_USESTDHANDLES
            startupinfo.hStdInput = p2cread
            startupinfo.hStdOutput = c2pwrite
            startupinfo.hStdError = errwrite
    
        attribute_list = startupinfo.lpAttributeList
        have_handle_list = bool(attribute_list and
                                "handle_list" in attribute_list and
                                attribute_list["handle_list"])
    
        # If we were given an handle_list or need to create one
        if have_handle_list or (use_std_handles and close_fds):
            if attribute_list is None:
                attribute_list = startupinfo.lpAttributeList = {}
            handle_list = attribute_list["handle_list"] = \
                list(attribute_list.get("handle_list", []))
    
            if use_std_handles:
                handle_list += [int(p2cread), int(c2pwrite), int(errwrite)]
    
            handle_list[:] = self._filter_handle_list(handle_list)
    
            if handle_list:
                if not close_fds:
                    warnings.warn("startupinfo.lpAttributeList['handle_list'] "
                                  "overriding close_fds", RuntimeWarning)
    
                # When using the handle_list we always request to inherit
                # handles but the only handles that will be inherited are
                # the ones in the handle_list
                close_fds = False
    
        if shell:
            startupinfo.dwFlags |= _winapi.STARTF_USESHOWWINDOW
            startupinfo.wShowWindow = _winapi.SW_HIDE
            if not executable:
                # gh-101283: without a fully-qualified path, before Windows
                # checks the system directories, it first looks in the
                # application directory, and also the current directory if
                # NeedCurrentDirectoryForExePathW(ExeName) is true, so try
                # to avoid executing unqualified "cmd.exe".
                comspec = os.environ.get('ComSpec')
                if not comspec:
                    system_root = os.environ.get('SystemRoot', '')
                    comspec = os.path.join(system_root, 'System32', 'cmd.exe')
                    if not os.path.isabs(comspec):
                        raise FileNotFoundError('shell not found: neither %ComSpec% nor %SystemRoot% is set')
                if os.path.isabs(comspec):
                    executable = comspec
            else:
                comspec = executable
    
            args = '{} /c "{}"'.format (comspec, args)
    
        if cwd is not None:
            cwd = os.fsdecode(cwd)
    
        sys.audit("subprocess.Popen", executable, args, cwd, env)
    
        # Start the process
        try:
&gt;           hp, ht, pid, tid = _winapi.CreateProcess(executable, args,
                                     # no special security
                                     None, None,
                                     int(not close_fds),
                                     creationflags,
                                     env,
                                     cwd,
                                     startupinfo)
E                                    FileNotFoundError: [WinError 2] Das System kann die angegebene Datei nicht finden

..\..\AppData\Roaming\uv\python\cpython-3.14-windows-x86_64-none\Lib\subprocess.py:1553: FileNotFoundError</failure></testcase><testcase classname="tests.test_script_credentials" name="test_revenue_script_uses_key_and_never_echoes_it" time="0.037"><failure message="FileNotFoundError: [WinError 2] Das System kann die angegebene Datei nicht finden">tmp_path = WindowsPath('C:/Users/lol/AppData/Local/Temp/pytest-of-lol/pytest-447/test_revenue_script_uses_key_a0')

    def test_revenue_script_uses_key_and_never_echoes_it(tmp_path):
        bindir = tmp_path / "bin"
        bindir.mkdir()
        argsfile = tmp_path / "curl_args"
        curl = bindir / "curl"
        curl.write_text(f'#!/bin/sh\nprintf "%s\\n" "$@" &gt; {argsfile}\n')
        curl.chmod(0o755)
        env = {"PATH": f"{bindir}:/usr/bin:/bin", "COURIER_API_KEY": DUMMY, "COURIER_SERVER_URL": "http://example.invalid:9/"}
&gt;       r = subprocess.run(["bash", str(ROOT / "scripts/revenue_v1_goal.sh")], env=env, capture_output=True, text=True, timeout=30)
            ^^^^^^^^^^^^^^^^^^^^^^^^^^^^^^^^^^^^^^^^^^^^^^^^^^^^^^^^^^^^^^^^^^^^^^^^^^^^^^^^^^^^^^^^^^^^^^^^^^^^^^^^^^^^^^^^^^^^^^^

tests\test_script_credentials.py:66: 
_ _ _ _ _ _ _ _ _ _ _ _ _ _ _ _ _ _ _ _ _ _ _ _ _ _ _ _ _ _ _ _ _ _ _ _ _ _ _ _
..\..\AppData\Roaming\uv\python\cpython-3.14-windows-x86_64-none\Lib\subprocess.py:555: in run
    with Popen(*popenargs, **kwargs) as process:
         ^^^^^^^^^^^^^^^^^^^^^^^^^^^
..\..\AppData\Roaming\uv\python\cpython-3.14-windows-x86_64-none\Lib\subprocess.py:1039: in __init__
    self._execute_child(args, executable, preexec_fn, close_fds,
_ _ _ _ _ _ _ _ _ _ _ _ _ _ _ _ _ _ _ _ _ _ _ _ _ _ _ _ _ _ _ _ _ _ _ _ _ _ _ _

self = &lt;Popen: returncode: None args: ['bash', 'C:\\Users\\lol\\2026-workspace\\202...&gt;
args = 'bash C:\\Users\\lol\\2026-workspace\\2026-courier\\scripts\\revenue_v1_goal.sh'
executable = None, preexec_fn = None, close_fds = False, pass_fds = ()
cwd = None
env = {'PATH': 'C:\\Users\\lol\\AppData\\Local\\Temp\\pytest-of-lol\\pytest-447\\test_revenue_script_uses_key_a0\\bin:/usr/bin:/bin', 'COURIER_API_KEY': 'dummy-test-key-not-real', 'COURIER_SERVER_URL': 'http://example.invalid:9/'}
startupinfo = &lt;subprocess.STARTUPINFO object at 0x000002208979D770&gt;
creationflags = 0, shell = False, p2cread = Handle(920), p2cwrite = -1
c2pread = 11, c2pwrite = Handle(1016), errread = 12, errwrite = Handle(956)
unused_restore_signals = True, unused_gid = None, unused_gids = None
unused_uid = None, unused_umask = -1, unused_start_new_session = False
unused_process_group = -1

    def _execute_child(self, args, executable, preexec_fn, close_fds,
                       pass_fds, cwd, env,
                       startupinfo, creationflags, shell,
                       p2cread, p2cwrite,
                       c2pread, c2pwrite,
                       errread, errwrite,
                       unused_restore_signals,
                       unused_gid, unused_gids, unused_uid,
                       unused_umask,
                       unused_start_new_session, unused_process_group):
        """Execute program (MS Windows version)"""
    
        assert not pass_fds, "pass_fds not supported on Windows."
    
        if isinstance(args, str):
            pass
        elif isinstance(args, bytes):
            if shell:
                raise TypeError('bytes args is not allowed on Windows')
            args = list2cmdline([args])
        elif isinstance(args, os.PathLike):
            if shell:
                raise TypeError('path-like args is not allowed when '
                                'shell is true')
            args = list2cmdline([args])
        else:
            args = list2cmdline(args)
    
        if executable is not None:
            executable = os.fsdecode(executable)
    
        # Process startup details
        if startupinfo is None:
            startupinfo = STARTUPINFO()
        else:
            # bpo-34044: Copy STARTUPINFO since it is modified above,
            # so the caller can reuse it multiple times.
            startupinfo = startupinfo.copy()
    
        use_std_handles = -1 not in (p2cread, c2pwrite, errwrite)
        if use_std_handles:
            startupinfo.dwFlags |= _winapi.STARTF_USESTDHANDLES
            startupinfo.hStdInput = p2cread
            startupinfo.hStdOutput = c2pwrite
            startupinfo.hStdError = errwrite
    
        attribute_list = startupinfo.lpAttributeList
        have_handle_list = bool(attribute_list and
                                "handle_list" in attribute_list and
                                attribute_list["handle_list"])
    
        # If we were given an handle_list or need to create one
        if have_handle_list or (use_std_handles and close_fds):
            if attribute_list is None:
                attribute_list = startupinfo.lpAttributeList = {}
            handle_list = attribute_list["handle_list"] = \
                list(attribute_list.get("handle_list", []))
    
            if use_std_handles:
                handle_list += [int(p2cread), int(c2pwrite), int(errwrite)]
    
            handle_list[:] = self._filter_handle_list(handle_list)
    
            if handle_list:
                if not close_fds:
                    warnings.warn("startupinfo.lpAttributeList['handle_list'] "
                                  "overriding close_fds", RuntimeWarning)
    
                # When using the handle_list we always request to inherit
                # handles but the only handles that will be inherited are
                # the ones in the handle_list
                close_fds = False
    
        if shell:
            startupinfo.dwFlags |= _winapi.STARTF_USESHOWWINDOW
            startupinfo.wShowWindow = _winapi.SW_HIDE
            if not executable:
                # gh-101283: without a fully-qualified path, before Windows
                # checks the system directories, it first looks in the
                # application directory, and also the current directory if
                # NeedCurrentDirectoryForExePathW(ExeName) is true, so try
                # to avoid executing unqualified "cmd.exe".
                comspec = os.environ.get('ComSpec')
                if not comspec:
                    system_root = os.environ.get('SystemRoot', '')
                    comspec = os.path.join(system_root, 'System32', 'cmd.exe')
                    if not os.path.isabs(comspec):
                        raise FileNotFoundError('shell not found: neither %ComSpec% nor %SystemRoot% is set')
                if os.path.isabs(comspec):
                    executable = comspec
            else:
                comspec = executable
    
            args = '{} /c "{}"'.format (comspec, args)
    
        if cwd is not None:
            cwd = os.fsdecode(cwd)
    
        sys.audit("subprocess.Popen", executable, args, cwd, env)
    
        # Start the process
        try:
&gt;           hp, ht, pid, tid = _winapi.CreateProcess(executable, args,
                                     # no special security
                                     None, None,
                                     int(not close_fds),
                                     creationflags,
                                     env,
                                     cwd,
                                     startupinfo)
E                                    FileNotFoundError: [WinError 2] Das System kann die angegebene Datei nicht finden

..\..\AppData\Roaming\uv\python\cpython-3.14-windows-x86_64-none\Lib\subprocess.py:1553: FileNotFoundError</failure></testcase><testcase classname="tests.test_script_credentials" name="test_revenue_script_prefers_canonical_courier_server" time="0.083"><failure message="FileNotFoundError: [WinError 2] Das System kann die angegebene Datei nicht finden">tmp_path = WindowsPath('C:/Users/lol/AppData/Local/Temp/pytest-of-lol/pytest-447/test_revenue_script_prefers_ca0')

    def test_revenue_script_prefers_canonical_courier_server(tmp_path):
        bindir = tmp_path / "bin"
        bindir.mkdir()
        argsfile = tmp_path / "curl_args"
        (bindir / "curl").write_text(f'#!/bin/sh\nprintf "%s\\n" "$@" &gt; {argsfile}\n')
        (bindir / "curl").chmod(0o755)
        env = {"PATH": f"{bindir}:/usr/bin:/bin", "COURIER_API_KEY": DUMMY,
               "COURIER_SERVER": "http://canonical.invalid:1", "COURIER_SERVER_URL": "http://legacy.invalid:2"}
&gt;       r = subprocess.run(["bash", str(ROOT / "scripts/revenue_v1_goal.sh")], env=env, capture_output=True, text=True, timeout=30)
            ^^^^^^^^^^^^^^^^^^^^^^^^^^^^^^^^^^^^^^^^^^^^^^^^^^^^^^^^^^^^^^^^^^^^^^^^^^^^^^^^^^^^^^^^^^^^^^^^^^^^^^^^^^^^^^^^^^^^^^^

tests\test_script_credentials.py:82: 
_ _ _ _ _ _ _ _ _ _ _ _ _ _ _ _ _ _ _ _ _ _ _ _ _ _ _ _ _ _ _ _ _ _ _ _ _ _ _ _
..\..\AppData\Roaming\uv\python\cpython-3.14-windows-x86_64-none\Lib\subprocess.py:555: in run
    with Popen(*popenargs, **kwargs) as process:
         ^^^^^^^^^^^^^^^^^^^^^^^^^^^
..\..\AppData\Roaming\uv\python\cpython-3.14-windows-x86_64-none\Lib\subprocess.py:1039: in __init__
    self._execute_child(args, executable, preexec_fn, close_fds,
_ _ _ _ _ _ _ _ _ _ _ _ _ _ _ _ _ _ _ _ _ _ _ _ _ _ _ _ _ _ _ _ _ _ _ _ _ _ _ _

self = &lt;Popen: returncode: None args: ['bash', 'C:\\Users\\lol\\2026-workspace\\202...&gt;
args = 'bash C:\\Users\\lol\\2026-workspace\\2026-courier\\scripts\\revenue_v1_goal.sh'
executable = None, preexec_fn = None, close_fds = False, pass_fds = ()
cwd = None
env = {'PATH': 'C:\\Users\\lol\\AppData\\Local\\Temp\\pytest-of-lol\\pytest-447\\test_revenue_script_prefers_ca0\\bin:/usr/b...my-test-key-not-real', 'COURIER_SERVER': 'http://canonical.invalid:1', 'COURIER_SERVER_URL': 'http://legacy.invalid:2'}
startupinfo = &lt;subprocess.STARTUPINFO object at 0x000002208979DC70&gt;
creationflags = 0, shell = False, p2cread = Handle(928), p2cwrite = -1
c2pread = 11, c2pwrite = Handle(920), errread = 12, errwrite = Handle(992)
unused_restore_signals = True, unused_gid = None, unused_gids = None
unused_uid = None, unused_umask = -1, unused_start_new_session = False
unused_process_group = -1

    def _execute_child(self, args, executable, preexec_fn, close_fds,
                       pass_fds, cwd, env,
                       startupinfo, creationflags, shell,
                       p2cread, p2cwrite,
                       c2pread, c2pwrite,
                       errread, errwrite,
                       unused_restore_signals,
                       unused_gid, unused_gids, unused_uid,
                       unused_umask,
                       unused_start_new_session, unused_process_group):
        """Execute program (MS Windows version)"""
    
        assert not pass_fds, "pass_fds not supported on Windows."
    
        if isinstance(args, str):
            pass
        elif isinstance(args, bytes):
            if shell:
                raise TypeError('bytes args is not allowed on Windows')
            args = list2cmdline([args])
        elif isinstance(args, os.PathLike):
            if shell:
                raise TypeError('path-like args is not allowed when '
                                'shell is true')
            args = list2cmdline([args])
        else:
            args = list2cmdline(args)
    
        if executable is not None:
            executable = os.fsdecode(executable)
    
        # Process startup details
        if startupinfo is None:
            startupinfo = STARTUPINFO()
        else:
            # bpo-34044: Copy STARTUPINFO since it is modified above,
            # so the caller can reuse it multiple times.
            startupinfo = startupinfo.copy()
    
        use_std_handles = -1 not in (p2cread, c2pwrite, errwrite)
        if use_std_handles:
            startupinfo.dwFlags |= _winapi.STARTF_USESTDHANDLES
            startupinfo.hStdInput = p2cread
            startupinfo.hStdOutput = c2pwrite
            startupinfo.hStdError = errwrite
    
        attribute_list = startupinfo.lpAttributeList
        have_handle_list = bool(attribute_list and
                                "handle_list" in attribute_list and
                                attribute_list["handle_list"])
    
        # If we were given an handle_list or need to create one
        if have_handle_list or (use_std_handles and close_fds):
            if attribute_list is None:
                attribute_list = startupinfo.lpAttributeList = {}
            handle_list = attribute_list["handle_list"] = \
                list(attribute_list.get("handle_list", []))
    
            if use_std_handles:
                handle_list += [int(p2cread), int(c2pwrite), int(errwrite)]
    
            handle_list[:] = self._filter_handle_list(handle_list)
    
            if handle_list:
                if not close_fds:
                    warnings.warn("startupinfo.lpAttributeList['handle_list'] "
                                  "overriding close_fds", RuntimeWarning)
    
                # When using the handle_list we always request to inherit
                # handles but the only handles that will be inherited are
                # the ones in the handle_list
                close_fds = False
    
        if shell:
            startupinfo.dwFlags |= _winapi.STARTF_USESHOWWINDOW
            startupinfo.wShowWindow = _winapi.SW_HIDE
            if not executable:
                # gh-101283: without a fully-qualified path, before Windows
                # checks the system directories, it first looks in the
                # application directory, and also the current directory if
                # NeedCurrentDirectoryForExePathW(ExeName) is true, so try
                # to avoid executing unqualified "cmd.exe".
                comspec = os.environ.get('ComSpec')
                if not comspec:
                    system_root = os.environ.get('SystemRoot', '')
                    comspec = os.path.join(system_root, 'System32', 'cmd.exe')
                    if not os.path.isabs(comspec):
                        raise FileNotFoundError('shell not found: neither %ComSpec% nor %SystemRoot% is set')
                if os.path.isabs(comspec):
                    executable = comspec
            else:
                comspec = executable
    
            args = '{} /c "{}"'.format (comspec, args)
    
        if cwd is not None:
            cwd = os.fsdecode(cwd)
    
        sys.audit("subprocess.Popen", executable, args, cwd, env)
    
        # Start the process
        try:
&gt;           hp, ht, pid, tid = _winapi.CreateProcess(executable, args,
                                     # no special security
                                     None, None,
                                     int(not close_fds),
                                     creationflags,
                                     env,
                                     cwd,
                                     startupinfo)
E                                    FileNotFoundError: [WinError 2] Das System kann die angegebene Datei nicht finden

..\..\AppData\Roaming\uv\python\cpython-3.14-windows-x86_64-none\Lib\subprocess.py:1553: FileNotFoundError</failure></testcase><testcase classname="tests.test_script_credentials" name="test_linux_install_installs_requests_and_never_overwrites_env" time="0.002" /><testcase classname="tests.test_script_credentials" name="test_local_env_files_are_git_ignored" time="0.427" /><testcase classname="tests.test_server_integration_contract" name="test_insecure_default_key_fails_closed" time="0.008" /><testcase classname="tests.test_server_integration_contract" name="test_operator_state_endpoints_require_auth[/workers]" time="0.010" /><testcase classname="tests.test_server_integration_contract" name="test_operator_state_endpoints_require_auth[/walls]" time="0.011" /><testcase classname="tests.test_server_integration_contract" name="test_background_agents_fail_closed_without_api_key[scripts/courier_verifier.py]" time="2.494" /><testcase classname="tests.test_server_integration_contract" name="test_background_agents_fail_closed_without_api_key[scripts/courier_github_dispatcher.py]" time="1.376" /><testcase classname="tests.test_server_integration_contract" name="test_background_agents_fail_closed_without_api_key[scripts/courier_watchdog.py]" time="1.154" /><testcase classname="tests.test_server_integration_contract" name="test_claim_returns_complete_common_identity" time="0.073" /><testcase classname="tests.test_server_integration_contract" name="test_worker_success_cannot_advance_goal_without_independent_verifier" time="0.104" /><testcase classname="tests.test_server_integration_contract" name="test_wrong_attempt_result_fails_closed" time="0.098" /><testcase classname="tests.test_server_integration_contract" name="test_only_independent_verification_advances_goal_exactly_once" time="0.128" /><testcase classname="tests.test_server_integration_contract" name="test_worker_credential_cannot_self_certify_with_forged_verifier_id" time="0.105" /><testcase classname="tests.test_server_integration_contract" name="test_verifier_authority_fails_closed_when_shared_with_worker" time="0.110" /><testcase classname="tests.test_server_integration_contract" name="test_goal_without_manual_plan_uses_existing_planner" time="0.029" /><testcase classname="tests.test_server_integration_contract" name="test_corrupt_state_is_not_treated_as_empty" time="0.010" /><testcase classname="tests.test_server_integration_contract" name="test_retry_gets_new_attempt_and_dispatch_identity" time="0.154" /><testcase classname="tests.test_server_integration_contract" name="test_worker_cannot_claim_second_task_while_first_is_active" time="0.125" /><testcase classname="tests.test_server_integration_contract" name="test_reregister_does_not_erase_active_worker_claim" time="0.116" /><testcase classname="tests.test_server_integration_contract" name="test_concurrent_claims_have_exactly_one_winner" time="0.609" /><testcase classname="tests.test_server_integration_contract" name="test_stale_claim_is_quarantined_without_replay_and_other_goal_continues" time="0.201" /><testcase classname="tests.test_thought_ingestion.ThoughtIngestionTests" name="test_pre_anchor_privacy_hash_and_lock_boundaries" time="0.055" /><testcase classname="tests.test_thought_ingestion.ThoughtIngestionTests" name="test_real_file_ingestion_dedupe_conflict_secret_and_delta" time="0.497" /><testcase classname="tests.test_thought_ingestion.ThoughtIngestionTests" name="test_thousand_record_ingestion_is_linear_shape" time="19.646" /><testcase classname="tests.test_thought_memory_mesh.ThoughtMeshTests" name="test_coverage_audit_dedupe_delta_and_proposal" time="0.285" /><testcase classname="tests.test_thought_memory_mesh.ThoughtMeshTests" name="test_invalid_empty_changed_hash_and_volume_behavior" time="0.149" /><testcase classname="tests.test_windows_worker_binding" name="test_result_carries_binding_and_is_accepted_by_server_contract" time="0.694" /><testcase classname="tests.test_windows_worker_binding" name="test_crash_before_ack_resends_same_result_without_reexecuting" time="0.193"><failure message="KeyError: 'result'">tmp_path = WindowsPath('C:/Users/lol/AppData/Local/Temp/pytest-of-lol/pytest-447/test_crash_before_ack_resends_0')
monkeypatch = &lt;_pytest.monkeypatch.MonkeyPatch object at 0x0000022089704910&gt;

    def test_crash_before_ack_resends_same_result_without_reexecuting(tmp_path, monkeypatch):
        srv, http, headers = central(tmp_path, monkeypatch)
        claimed = http.post("/tasks/claim", headers=headers, json={"worker_id": "WINDOWS-01"}).get_json()["task"]
        stored = {"goal_id": claimed["goal_id"], "task_id": "w1", "attempt_id": claimed["attempt_id"],
                  "dispatch_id": claimed["dispatch_id"], "worker_id": "WINDOWS-01", "run_id": "4242",
                  "result_id": "result-stable", "status": "FAILED", "artifacts": []}
        harness, executions = Harness(http, headers, max_calls=2), []
        daemon = load_daemon(tmp_path, monkeypatch, harness, executions)
        daemon.persist_task(state_file(daemon), dict(claimed, worker_phase="RESULT_READY", result_payload=stored))
    
        run(daemon)
    
        assert executions == []
        assert harness.posted("/tasks/result")[0] == stored
&gt;       assert srv.load_state()["tasks"]["w1"]["result"]["result_id"] == "result-stable"
               ^^^^^^^^^^^^^^^^^^^^^^^^^^^^^^^^^^^^^^^^^
E       KeyError: 'result'

c:\Users\lol\2026-workspace\2026-courier\tests\test_windows_worker_binding.py:142: KeyError</failure></testcase><testcase classname="tests.test_windows_worker_binding" name="test_transient_failures_retry_identical_payload" time="0.369" /><testcase classname="tests.test_windows_worker_binding" name="test_undelivered_result_is_kept_and_blocks_new_claims" time="0.259" /><testcase classname="tests.test_windows_worker_binding" name="test_terminal_4xx_is_not_retried_and_evidence_is_kept" time="0.429" /><testcase classname="tests.test_windows_worker_binding" name="test_started_without_result_is_released_not_reexecuted[STARTED]" time="0.383" /><testcase classname="tests.test_windows_worker_binding" name="test_started_without_result_is_released_not_reexecuted[None]" time="0.331" /><testcase classname="tests.test_windows_worker_binding" name="test_missing_artifact_reports_failed_instead_of_contract_violation" time="0.211" /><testcase classname="tests.test_windows_worker_contract" name="test_rejected_result_releases_worker_instead_of_permanent_busy" time="0.388" /><testcase classname="tests.test_windows_worker_contract" name="test_result_id_is_stable_across_every_resend" time="0.459" /><testcase classname="tests.test_windows_worker_contract" name="test_relative_artifact_resolves_in_worker_workspace" time="0.196" /><testcase classname="tests.test_windows_worker_contract" name="test_unsafe_artifact_path_is_never_read_and_never_success[../outside.txt]" time="0.318" /><testcase classname="tests.test_windows_worker_contract" name="test_unsafe_artifact_path_is_never_read_and_never_success[..\\outside.txt]" time="0.281" /><testcase classname="tests.test_windows_worker_contract" name="test_unsafe_artifact_path_is_never_read_and_never_success[/etc/passwd]" time="0.284" /><testcase classname="tests.test_windows_worker_contract" name="test_unsafe_artifact_path_is_never_read_and_never_success[C:\\Windows\\win.ini]" time="0.252" /><testcase classname="tests.test_windows_worker_contract" name="test_unsafe_artifact_path_is_never_read_and_never_success[C:outside.txt]" time="0.293" /><testcase classname="tests.test_windows_worker_contract" name="test_unsafe_artifact_path_is_never_read_and_never_success[\\\\server\\share\\x.txt]" time="0.262" /><testcase classname="tests.test_windows_worker_contract" name="test_unsafe_artifact_path_is_never_read_and_never_success[sub/../../x.txt]" time="0.300" /><testcase classname="tests.test_windows_worker_contract" name="test_expected_canary_artifact_is_bound" time="0.187" /><testcase classname="tests.test_windows_worker_contract" name="test_success_cannot_claim_nonexistent_artifact" time="0.189" /><testcase classname="tests.test_windows_worker_contract" name="test_registration_advertises_only_executable_capability" time="0.079" /><testcase classname="tests.test_windows_worker_contract" name="test_crash_after_rejection_still_releases_on_restart" time="0.290" /><testcase classname="tests.test_windows_worker_credentials" name="test_no_hardcoded_key_in_source" time="0.002" /><testcase classname="tests.test_windows_worker_credentials" name="test_key_and_url_come_from_environment" time="0.004" /><testcase classname="tests.test_windows_worker_credentials" name="test_missing_key_fails_closed_without_network[None]" time="0.004" /><testcase classname="tests.test_windows_worker_credentials" name="test_missing_key_fails_closed_without_network[]" time="0.004" /><testcase classname="tests.test_windows_worker_credentials" name="test_missing_key_fails_closed_without_network[   ]" time="0.004" /><testcase classname="tests.test_windows_worker_credentials" name="test_main_exits_nonzero_and_never_prints_key" time="0.755" /><testcase classname="tests.test_windows_worker_credentials" name="test_register_failure_does_not_leak_key" time="0.005" /><testcase classname="tests.test_windows_worker_credentials" name="test_key_and_server_from_bootstrap_config_when_env_absent" time="0.004" /><testcase classname="tests.test_windows_worker_credentials" name="test_environment_wins_over_config_and_local_placeholder_is_ignored" time="0.008" /></testsuite></testsuites>